******************************************************************************
                  TI ARM Linker Unix v15.12.1                  
******************************************************************************
>> Linked Sun Mar 12 16:52:58 2017

OUTPUT FILE NAME:   <Lab_04B.out>
ENTRY POINT SYMBOL: "_c_int00"  address: 000040d9


MEMORY CONFIGURATION

         name            origin    length      used     unused   attr    fill
----------------------  --------  ---------  --------  --------  ----  --------
  FLASH                 00000000   00100000  00007cb0  000f8350  R  X
  SRAM                  20000000   00040000  00001872  0003e78e  RW X


SEGMENT ALLOCATION MAP

run origin  load origin   length   init length attrs members
----------  ----------- ---------- ----------- ----- -------
00000000    00000000    00007cbc   00007cbc    r-x
  00000000    00000000    0000003c   0000003c    r-- .resetVecs
  00000040    00000040    000058e2   000058e2    r-x .text
  00005924    00005924    0000204e   0000204e    r-- .const
  00007978    00007978    00000344   00000344    r-- .cinit
20000000    20000000    00001874   00000000    rw-
  20000000    20000000    00000360   00000000    rw- .vecs
  20000360    20000360    00000dec   00000000    rw- .bss
  2000114c    2000114c    00000426   00000000    rw- .data
  20001574    20001574    00000300   00000000    rw- .stack


SECTION ALLOCATION MAP

 output                                  attributes/
section   page    origin      length       input sections
--------  ----  ----------  ----------   ----------------
.text      0    00000040    000058e2     
                  00000040    00000430     sysbios.aem4f : BIOS.obj (.text:ti_sysbios_family_arm_m3_Hwi_excDumpRegs__I)
                  00000470    0000034c     ti.targets.arm.rtsarm.aem4f : System.oem4f (.text:xdc_runtime_System_doPrint__I)
                  000007bc    00000324     rtsv7M4_T_le_v4SPD16_eabi.lib : trgdrv.obj (.text)
                  00000ae0    000002c0     sysbios.aem4f : BIOS.obj (.text:ti_sysbios_knl_Semaphore_pend__E)
                  00000da0    00000254                   : BIOS.obj (.text:ti_sysbios_heaps_HeapMem_free__E)
                  00000ff4    00000004     empty_pem4f.oem4f (.text:ti_sysbios_BIOS_RtsGateProxy_enter__E)
                  00000ff8    00000248     sysbios.aem4f : BIOS.obj (.text:ti_sysbios_heaps_HeapMem_alloc__E)
                  00001240    0000022c                   : BIOS.obj (.text:ti_sysbios_knl_Task_Instance_finalize__E)
                  0000146c    00000204     Boot.aem4f : Boot_sysctl.oem4f (.text:ti_catalog_arm_cortexm4_tiva_ce_Boot_sysCtlClockFreqSetI__I)
                  00001670    000001fc     sysbios.aem4f : BIOS.obj (.text:ti_sysbios_family_arm_m3_Hwi_excHandlerMax__I)
                  0000186c    00000004     empty_pem4f.oem4f (.text:ti_sysbios_BIOS_RtsGateProxy_leave__E)
                  00001870    000001e0     sysbios.aem4f : BIOS.obj (.text:ti_sysbios_knl_Task_sleep__E)
                  00001a50    000001c8                   : BIOS.obj (.text:ti_sysbios_knl_Task_Instance_init__E)
                  00001c18    00000174                   : BIOS.obj (.text:ti_sysbios_family_arm_m3_Hwi_excBusFault__I)
                  00001d8c    00000004                   : BIOS.obj (.text:ti_sysbios_family_arm_lm4_Timer_masterEnable__I)
                  00001d90    00000164                   : BIOS.obj (.text:ti_sysbios_family_arm_m3_Hwi_excUsageFault__I)
                  00001ef4    00000150     drivers_tivaware.aem4f : GPIOTiva.oem4f (.text:GPIO_setConfig)
                  00002044    00000004     empty_pem4f.oem4f (.text:ti_sysbios_family_arm_m3_TaskSupport_Module__startupDone__S)
                  00002048    00000148     sysbios.aem4f : BIOS.obj (.text:ti_sysbios_family_arm_m3_Hwi_excMemFault__I)
                  00002190    0000013c                   : BIOS.obj (.text:ti_sysbios_heaps_HeapMem_Instance_init__E)
                  000022cc    00000130     driverlib.lib : gpio.obj (.text:GPIOPadConfigSet)
                  000023fc    00000004     empty_pem4f.oem4f (.text:ti_sysbios_heaps_HeapMem_Module_GateProxy_enter__E)
                  00002400    00000120     sysbios.aem4f : BIOS.obj (.text:ti_sysbios_family_arm_lm4_Timer_start__E)
                  00002520    00000118     ti.targets.arm.rtsarm.aem4f : Error.oem4f (.text:xdc_runtime_Error_policyDefault__E)
                  00002638    00000100                                 : Core-mem.oem4f (.text:xdc_runtime_Core_createObject__I)
                  00002738    000000f8                                 : Startup.oem4f (.text:xdc_runtime_Startup_startMods__I)
                  00002830    000000f8     empty_pem4f.oem4f (.text:xdc_runtime_System_printfExtend__I)
                  00002928    000000f4     sysbios.aem4f : m3_Hwi_asm.obj (.text:ti_sysbios_family_arm_m3_Hwi_dispatch__I)
                  00002a1c    00000004     empty_pem4f.oem4f (.text:ti_sysbios_heaps_HeapMem_Module_GateProxy_leave__E)
                  00002a20    000000ec     sysbios.aem4f : BIOS.obj (.text:ti_sysbios_knl_Semaphore_post__E)
                  00002b0c    000000cc     ti.targets.arm.rtsarm.aem4f : Core-smem.oem4f (.text:xdc_runtime_Core_constructObject__I)
                  00002bd8    000000c4     empty.obj (.text:main)
                  00002c9c    00000004     empty_pem4f.oem4f (.text:ti_sysbios_knl_Clock_TimerProxy_getMaxTicks__E)
                  00002ca0    000000bc     sysbios.aem4f : BIOS.obj (.text:ti_sysbios_family_arm_m3_Hwi_excDebugMon__I)
                  00002d5c    00000004     empty_pem4f.oem4f (.text:ti_sysbios_knl_Queue_destruct)
                  00002d60    000000bc     sysbios.aem4f : BIOS.obj (.text:ti_sysbios_family_arm_m3_Hwi_excHardFault__I)
                  00002e1c    000000b8     EK_TM4C1294XL.obj (.text:EK_TM4C1294XL_initGeneral)
                  00002ed4    00000004     empty_pem4f.oem4f (.text:ti_sysbios_knl_Semaphore_destruct)
                  00002ed8    000000b4     sysbios.aem4f : BIOS.obj (.text:ti_sysbios_gates_GateMutex_enter__E)
                  00002f8c    00000004     ti.targets.arm.rtsarm.aem4f : Error.oem4f (.text:xdc_runtime_Error_getSite__E)
                  00002f90    000000b4     sysbios.aem4f : BIOS.obj (.text:ti_sysbios_knl_Task_checkStacks__E)
                  00003044    00000004     empty_pem4f.oem4f (.text:xdc_runtime_System_Module_GateProxy_enter__E)
                  00003048    000000ac     sysbios.aem4f : BIOS.obj (.text:ti_sysbios_family_arm_lm4_Timer_enableTiva__I)
                  000030f4    00000004     empty_pem4f.oem4f (.text:xdc_runtime_System_Module_GateProxy_leave__E)
                  000030f8    000000a8     sysbios.aem4f : BIOS.obj (.text:ti_sysbios_family_arm_lm4_Timer_enableTimers__I)
                  000031a0    000000a0     auto_init.aem4f : auto_init.oem4f (.text)
                  00003240    000000a0     ti.targets.arm.rtsarm.aem4f : Text.oem4f (.text:xdc_runtime_Text_putMod__E)
                  000032e0    0000009c     rtsv7M4_T_le_v4SPD16_eabi.lib : memcpy_t2.obj (.text)
                  0000337c    00000004     ti.targets.arm.rtsarm.aem4f : System.oem4f (.text:xdc_runtime_System_aprintf_va__F)
                  00003380    0000009c     sysbios.aem4f : BIOS.obj (.text:ti_sysbios_knl_Semaphore_Instance_init__E)
                  0000341c    00000004     ti.targets.arm.rtsarm.aem4f : System.oem4f (.text:xdc_runtime_System_printf_va__F)
                  00003420    0000009c     sysbios.aem4f : BIOS.obj (.text:ti_sysbios_knl_Task_postInit__I)
                  000034bc    0000009a     ti.targets.arm.rtsarm.aem4f : Text.oem4f (.text:xdc_runtime_Text_putSite__E)
                  00003556    00000002     rtsv7M4_T_le_v4SPD16_eabi.lib : i_div0.obj (.text)
                  00003558    00000098     Boot.aem4f : Boot.oem4f (.text:ti_catalog_arm_cortexm4_tiva_ce_Boot_sysCtlClockFreqSet__E)
                  000035f0    00000094     sysbios.aem4f : BIOS.obj (.text:ti_sysbios_family_arm_m3_Hwi_Instance_init__E)
                  00003684    00000002     empty_pem4f.oem4f (.text:ti_sysbios_BIOS_nullFunc__I)
                  00003686    00000002     empty_pem4f.oem4f (.text:xdc_runtime_Startup_reset__I)
                  00003688    00000094     sysbios.aem4f : BIOS.obj (.text:ti_sysbios_family_arm_m3_Hwi_initNVIC__E)
                  0000371c    0000008c     drivers_tivaware.aem4f : GPIOTiva.oem4f (.text:GPIO_init)
                  000037a8    0000008c     sysbios.aem4f : m3_TaskSupport_asm.obj (.text:ti_sysbios_family_arm_m3_TaskSupport_buildTaskStack)
                  00003834    00000004     --HOLE-- [fill = 0]
                  00003838    00000084                   : BIOS.obj (.text:ti_sysbios_family_arm_m3_Hwi_postInit__I)
                  000038bc    0000007a     rtsv7M4_T_le_v4SPD16_eabi.lib : memset_t2.obj (.text)
                  00003936    00000002     --HOLE-- [fill = 0]
                  00003938    0000006d     ti.targets.arm.rtsarm.aem4f : System.oem4f (.text:xdc_runtime_System_formatNum__I)
                  000039a5    00000003     --HOLE-- [fill = 0]
                  000039a8    0000006c     sysbios.aem4f : BIOS.obj (.text:ti_sysbios_knl_Clock_workFunc__E)
                  00003a14    00000004     --HOLE-- [fill = 0]
                  00003a18    0000006c                   : BIOS.obj (.text:ti_sysbios_knl_Swi_restoreHwi__E)
                  00003a84    00000004     --HOLE-- [fill = 0]
                  00003a88    0000006c                   : BIOS.obj (.text:ti_sysbios_knl_Task_exit__E)
                  00003af4    0000006c     ti.targets.arm.rtsarm.aem4f : Error.oem4f (.text:xdc_runtime_Error_print__E)
                  00003b60    0000006c                                 : Memory.oem4f (.text:xdc_runtime_Memory_alloc__E)
                  00003bcc    0000006a     rtsv7M4_T_le_v4SPD16_eabi.lib : copy_decompress_rle.obj (.text)
                  00003c36    00000002     --HOLE-- [fill = 0]
                  00003c38    00000068                                   : trgmsg.obj (.text)
                  00003ca0    00000066     ti.targets.arm.rtsarm.aem4f : Core-mem.oem4f (.text:xdc_runtime_Core_deleteObject__I)
                  00003d06    00000002     --HOLE-- [fill = 0]
                  00003d08    00000064     drivers_tivaware.aem4f : GPIOTiva.oem4f (.text:GPIO_hwiIntFxn)
                  00003d6c    00000004     --HOLE-- [fill = 0]
                  00003d70    00000064     sysbios.aem4f : BIOS.obj (.text:ti_sysbios_family_arm_lm4_Timer_Module_startup__E)
                  00003dd4    00000064     empty_pem4f.oem4f (.text:ti_sysbios_family_arm_m3_Hwi_create)
                  00003e38    00000064     sysbios.aem4f : BIOS.obj (.text:ti_sysbios_family_arm_m3_Hwi_dispatchC__I)
                  00003e9c    00000004     --HOLE-- [fill = 0]
                  00003ea0    00000060                   : BIOS.obj (.text:ti_sysbios_knl_Task_schedule__I)
                  00003f00    0000005c                   : BIOS.obj (.text:ti_sysbios_knl_Swi_run__I)
                  00003f5c    00000004     --HOLE-- [fill = 0]
                  00003f60    0000005c                   : BIOS.obj (.text:ti_sysbios_knl_Swi_schedule__I)
                  00003fbc    00000004     --HOLE-- [fill = 0]
                  00003fc0    0000005c                   : BIOS.obj (.text:ti_sysbios_knl_Task_Module_startup__E)
                  0000401c    00000004     --HOLE-- [fill = 0]
                  00004020    0000005c                   : BIOS.obj (.text:ti_sysbios_knl_Task_startCore__E)
                  0000407c    0000005b     ti.targets.arm.rtsarm.aem4f : Text.oem4f (.text:xdc_runtime_Text_putLab__E)
                  000040d7    00000001     --HOLE-- [fill = 0]
                  000040d8    00000058     boot.aem4f : boot.oem4f (.text)
                  00004130    00000058     sysbios.aem4f : m3_Hwi_asm_switch.obj (.text:ti_sysbios_family_arm_m3_Hwi_initStacks__E)
                  00004188    00000056     driverlib.lib : gpio.obj (.text:GPIOIntTypeSet)
                  000041de    00000002     --HOLE-- [fill = 0]
                  000041e0    00000054     rtsv7M4_T_le_v4SPD16_eabi.lib : exit.obj (.text)
                  00004234    00000054     empty_pem4f.oem4f (.text:ti_sysbios_knl_Task_construct)
                  00004288    00000054     ti.targets.arm.rtsarm.aem4f : Assert.oem4f (.text:xdc_runtime_Assert_raise__I)
                  000042dc    00000050     drivers_tivaware.aem4f : GPIOTiva.oem4f (.text:GPIO_setCallback)
                  0000432c    00000050                            : GPIOTiva.oem4f (.text:GPIO_toggle)
                  0000437c    00000050                            : GPIOTiva.oem4f (.text:GPIO_write)
                  000043cc    00000050     Boot.aem4f : Boot_sysctl.oem4f (.text:_SysCtlFrequencyGet)
                  0000441c    00000004     --HOLE-- [fill = 0]
                  00004420    00000050     sysbios.aem4f : BIOS.obj (.text:ti_sysbios_family_arm_m3_Hwi_Module_startup__E)
                  00004470    00000050     ti.targets.arm.rtsarm.aem4f : Startup.oem4f (.text:xdc_runtime_Startup_exec__E)
                  000044c0    00000050                                 : Text.oem4f (.text:xdc_runtime_Text_visitRope2__I)
                  00004510    0000004c     rtsv7M4_T_le_v4SPD16_eabi.lib : cpy_tbl.obj (.text)
                  0000455c    00000004     --HOLE-- [fill = 0]
                  00004560    0000004c     sysbios.aem4f : BIOS.obj (.text:ti_sysbios_heaps_HeapMem_getStats__E)
                  000045ac    00000004     --HOLE-- [fill = 0]
                  000045b0    0000004c                   : BIOS.obj (.text:ti_sysbios_knl_Swi_runLoop__I)
                  000045fc    00000004     --HOLE-- [fill = 0]
                  00004600    0000004c                   : BIOS.obj (.text:ti_sysbios_knl_Task_allBlockedFunction__I)
                  0000464c    00000004     --HOLE-- [fill = 0]
                  00004650    00000048                   : BIOS.obj (.text:ti_sysbios_family_arm_m3_Hwi_disableInterrupt__E)
                  00004698    00000048                   : BIOS.obj (.text:ti_sysbios_family_arm_m3_Hwi_enableInterrupt__E)
                  000046e0    00000048                   : BIOS.obj (.text:ti_sysbios_family_arm_m3_Hwi_excReserved__I)
                  00004728    00000046     ti.targets.arm.rtsarm.aem4f : Core-params.oem4f (.text:xdc_runtime_Core_assignParams__I)
                  0000476e    00000002     --HOLE-- [fill = 0]
                  00004770    00000044     sysbios.aem4f : BIOS.obj (.text:ti_sysbios_family_arm_lm4_Timer_isrStub__E)
                  000047b4    00000004     --HOLE-- [fill = 0]
                  000047b8    00000044                   : BIOS.obj (.text:ti_sysbios_family_arm_m3_Hwi_getStackInfo__E)
                  000047fc    00000004     --HOLE-- [fill = 0]
                  00004800    00000044                   : BIOS.obj (.text:ti_sysbios_knl_Swi_post__E)
                  00004844    00000044     ti.targets.arm.rtsarm.aem4f : Error.oem4f (.text:xdc_runtime_Error_setX__E)
                  00004888    00000044                                 : SysMin.oem4f (.text:xdc_runtime_SysMin_flush__E)
                  000048cc    00000044                                 : Text.oem4f (.text:xdc_runtime_Text_xprintf__I)
                  00004910    00000040     rtsv7M4_T_le_v4SPD16_eabi.lib : u_divt2.obj (.text)
                  00004950    00000040     sysbios.aem4f : BIOS.obj (.text:ti_sysbios_family_arm_lm4_Timer_startup__E)
                  00004990    0000003c                   : BIOS.obj (.text:ti_sysbios_family_arm_m3_Hwi_excSvCall__I)
                  000049cc    00000004     --HOLE-- [fill = 0]
                  000049d0    0000003c                   : BIOS.obj (.text:ti_sysbios_heaps_HeapMem_init__I)
                  00004a0c    00000004     --HOLE-- [fill = 0]
                  00004a10    0000003c                   : BIOS.obj (.text:ti_sysbios_knl_Swi_restore__E)
                  00004a4c    00000004     --HOLE-- [fill = 0]
                  00004a50    00000038                   : BIOS.obj (.text:ti_sysbios_family_arm_m3_Hwi_excNoIsr__I)
                  00004a88    00000038                   : BIOS.obj (.text:ti_sysbios_knl_Task_processVitalTaskFlag__I)
                  00004ac0    00000038     ti.targets.arm.rtsarm.aem4f : SysMin.oem4f (.text:xdc_runtime_SysMin_putch__E)
                  00004af8    00000038                                 : System.oem4f (.text:xdc_runtime_System_atexit__E)
                  00004b30    00000034     driverlib.lib : sysctl.obj (.text:SysCtlPeripheralEnable)
                  00004b64    00000004     --HOLE-- [fill = 0]
                  00004b68    00000034     sysbios.aem4f : BIOS.obj (.text:ti_sysbios_family_arm_m3_Hwi_Instance_finalize__E)
                  00004b9c    00000004     --HOLE-- [fill = 0]
                  00004ba0    00000034                   : BIOS.obj (.text:ti_sysbios_family_arm_m3_Hwi_excNmi__I)
                  00004bd4    00000004     --HOLE-- [fill = 0]
                  00004bd8    00000034                   : BIOS.obj (.text:ti_sysbios_hal_Hwi_checkStack)
                  00004c0c    00000034     ti.targets.arm.rtsarm.aem4f : Core-label.oem4f (.text:xdc_runtime_Core_assignLabel__I)
                  00004c40    00000033                                 : Text.oem4f (.text:xdc_runtime_Text_printVisFxn__I)
                  00004c73    00000005     --HOLE-- [fill = 0]
                  00004c78    00000032     sysbios.aem4f : BIOS.obj (.text:ti_sysbios_hal_Hwi_initStack)
                  00004caa    00000002     --HOLE-- [fill = 0]
                  00004cac    00000030     empty_pem4f.oem4f (.text:ti_sysbios_BIOS_atExitFunc__I)
                  00004cdc    00000004     --HOLE-- [fill = 0]
                  00004ce0    00000030     sysbios.aem4f : BIOS.obj (.text:ti_sysbios_family_arm_lm4_Timer_stop__E)
                  00004d10    00000030                   : BIOS.obj (.text:ti_sysbios_family_arm_m3_TaskSupport_start__E)
                  00004d40    00000030     empty_pem4f.oem4f (.text:ti_sysbios_gates_GateHwi_Object__create__S)
                  00004d70    00000030     empty_pem4f.oem4f (.text:ti_sysbios_gates_GateMutex_Object__create__S)
                  00004da0    00000030     empty_pem4f.oem4f (.text:ti_sysbios_heaps_HeapMem_Object__create__S)
                  00004dd0    00000030     empty_pem4f.oem4f (.text:ti_sysbios_knl_Semaphore_construct)
                  00004e00    00000030     sysbios.aem4f : BIOS.obj (.text:ti_sysbios_knl_Semaphore_pendTimeout__I)
                  00004e30    00000030                   : BIOS.obj (.text:ti_sysbios_knl_Task_unblockI__E)
                  00004e60    00000030     ti.targets.arm.rtsarm.aem4f : SysMin.oem4f (.text:xdc_runtime_SysMin_abort__E)
                  00004e90    00000030                                 : System.oem4f (.text:xdc_runtime_System_processAtExit__E)
                  00004ec0    0000002c     empty_pem4f.oem4f (.text:ti_sysbios_knl_Clock_doTick__I)
                  00004eec    0000002c     empty_pem4f.oem4f (.text:ti_sysbios_knl_Queue_construct)
                  00004f18    0000002c     sysbios.aem4f : BIOS.obj (.text:ti_sysbios_knl_Task_restore__E)
                  00004f44    0000002c     ti.targets.arm.rtsarm.aem4f : Text.oem4f (.text:xdc_runtime_Text_cordText__E)
                  00004f70    0000002a     driverlib.lib : gpio.obj (.text:GPIODirModeSet)
                  00004f9a    0000002a     ti.targets.arm.rtsarm.aem4f : System.oem4f (.text:xdc_runtime_System_putchar__I)
                  00004fc4    00000004     --HOLE-- [fill = 0]
                  00004fc8    00000028     sysbios.aem4f : BIOS.obj (.text:ti_sysbios_knl_Swi_Module_startup__E)
                  00004ff0    00000026                   : m3_Hwi_asm.obj (.text:ti_sysbios_family_arm_m3_Hwi_pendSV__I)
                  00005016    00000026     ti.targets.arm.rtsarm.aem4f : System.oem4f (.text:xdc_runtime_System_avprintf__E)
                  0000503c    00000024     empty_pem4f.oem4f (.text:ti_sysbios_BIOS_errorRaiseHook__I)
                  00005060    00000024     empty_pem4f.oem4f (.text:ti_sysbios_BIOS_registerRTSLock__I)
                  00005084    00000024     empty_pem4f.oem4f (.text:ti_sysbios_BIOS_removeRTSLock__I)
                  000050a8    00000024     empty_pem4f.oem4f (.text:ti_sysbios_BIOS_startFunc__I)
                  000050cc    00000024     empty_pem4f.oem4f (.text:ti_sysbios_gates_GateMutex_Object__delete__S)
                  000050f0    00000024     sysbios.aem4f : BIOS.obj (.text:ti_sysbios_knl_Clock_Module_startup__E)
                  00005114    00000004     --HOLE-- [fill = 0]
                  00005118    00000024                   : BIOS.obj (.text:ti_sysbios_knl_Task_restoreHwi__E)
                  0000513c    00000024     ti.targets.arm.rtsarm.aem4f : System.oem4f (.text:xdc_runtime_System_vprintf__E)
                  00005160    00000022     sysbios.aem4f : BIOS.obj (.text:ti_sysbios_family_arm_lm4_Timer_write__I)
                  00005182    00000022     empty_pem4f.oem4f (.text:xdc_runtime_SysMin_output__I)
                  000051a4    00000020     Boot.aem4f : Boot_sysctl.oem4f (.text:_SysCtlMemTimingGet)
                  000051c4    00000020     empty_pem4f.oem4f (.text:ti_sysbios_BIOS_rtsLock__I)
                  000051e4    00000020     sysbios.aem4f : m3_Hwi_asm.obj (.text:ti_sysbios_family_arm_m3_Hwi_excHandlerAsm__I)
                  00005204    00000004     --HOLE-- [fill = 0]
                  00005208    00000020                   : BIOS.obj (.text:ti_sysbios_family_arm_m3_Hwi_excHandler__I)
                  00005228    00000020     empty_pem4f.oem4f (.text:ti_sysbios_gates_GateHwi_Object__delete__S)
                  00005248    00000020     empty_pem4f.oem4f (.text:ti_sysbios_heaps_HeapMem_Object__delete__S)
                  00005268    00000020     sysbios.aem4f : BIOS.obj (.text:ti_sysbios_knl_Idle_run__E)
                  00005288    00000020     empty_pem4f.oem4f (.text:ti_sysbios_knl_Semaphore_Object__destruct__S)
                  000052a8    00000020     ti.targets.arm.rtsarm.aem4f : Registry.oem4f (.text:xdc_runtime_Registry_findById__E)
                  000052c8    00000020                                 : SysMin.oem4f (.text:xdc_runtime_SysMin_Module_startup__E)
                  000052e8    0000001e     sysbios.aem4f : m3_Hwi_asm_switch.obj (.text:ti_sysbios_family_xxx_Hwi_switchAndRunFunc)
                  00005306    0000001c     drivers_tivaware.aem4f : GPIOTiva.oem4f (.text:getGpioIntIndex)
                  00005322    00000006     driverlib.lib : gpio.obj (.text:GPIOIntClear)
                  00005328    0000001c     sysbios.aem4f : BIOS.obj (.text:ti_sysbios_gates_GateMutex_Instance_init__E)
                  00005344    0000001c     empty_pem4f.oem4f (.text:ti_sysbios_knl_Queue_Object__destruct__S)
                  00005360    0000001c     sysbios.aem4f : BIOS.obj (.text:ti_sysbios_knl_Queue_put__E)
                  0000537c    00000004     --HOLE-- [fill = 0]
                  00005380    0000001c                   : BIOS.obj (.text:ti_sysbios_knl_Task_enter__I)
                  0000539c    0000001c     ti.targets.arm.rtsarm.aem4f : Error.oem4f (.text:xdc_runtime_Error_raiseX__E)
                  000053b8    0000001c                                 : Memory.oem4f (.text:xdc_runtime_Memory_valloc__E)
                  000053d4    0000001c                                 : SysMin.oem4f (.text:xdc_runtime_SysMin_exit__E)
                  000053f0    0000001c                                 : System.oem4f (.text:xdc_runtime_System_abort__E)
                  0000540c    0000001a     empty_pem4f.oem4f (.text:ti_sysbios_family_arm_m3_Hwi_Handle__label__S)
                  00005426    0000001a     empty_pem4f.oem4f (.text:ti_sysbios_gates_GateHwi_Handle__label__S)
                  00005440    0000001a     empty_pem4f.oem4f (.text:ti_sysbios_gates_GateMutex_Handle__label__S)
                  0000545a    0000001a     empty_pem4f.oem4f (.text:ti_sysbios_heaps_HeapMem_Handle__label__S)
                  00005474    0000001a     empty_pem4f.oem4f (.text:ti_sysbios_knl_Swi_Handle__label__S)
                  0000548e    0000001a     empty_pem4f.oem4f (.text:ti_sysbios_knl_Task_Handle__label__S)
                  000054a8    0000001a     empty_pem4f.oem4f (.text:xdc_runtime_System_aprintf__E)
                  000054c2    0000001a     empty_pem4f.oem4f (.text:xdc_runtime_System_printf__E)
                  000054dc    00000018     rtsv7M4_T_le_v4SPD16_eabi.lib : args_main.obj (.text)
                  000054f4    00000018     empty_pem4f.oem4f (.text:ti_sysbios_BIOS_rtsUnlock__I)
                  0000550c    00000018     empty_pem4f.oem4f (.text:ti_sysbios_family_arm_lm4_Timer_Module__startupDone__F)
                  00005524    00000018     empty_pem4f.oem4f (.text:ti_sysbios_family_arm_m3_Hwi_Module__startupDone__F)
                  0000553c    00000018     sysbios.aem4f : m3_TaskSupport_asm.obj (.text:ti_sysbios_family_arm_m3_TaskSupport_swap__E)
                  00005554    00000004     --HOLE-- [fill = 0]
                  00005558    00000018                   : BIOS.obj (.text:ti_sysbios_gates_GateMutex_leave__E)
                  00005570    00000018                   : BIOS.obj (.text:ti_sysbios_knl_Task_sleepTimeout__I)
                  00005588    00000018     ti.targets.arm.rtsarm.aem4f : Error.oem4f (.text:xdc_runtime_Error_check__E)
                  000055a0    00000018                                 : System.oem4f (.text:xdc_runtime_System_exit__E)
                  000055b8    00000018                                 : Text.oem4f (.text:xdc_runtime_Text_ropeText__E)
                  000055d0    00000016     empty_pem4f.oem4f (.text:ti_sysbios_BIOS_exitFunc__I)
                  000055e6    00000016     empty.obj (.text:ti_sysbios_knl_Task_Params_init)
                  000055fc    00000014     empty.obj (.text:heartBeatFxn)
                  00005610    00000014     rtsv7M4_T_le_v4SPD16_eabi.lib : _lock.obj (.text)
                  00005624    00000014                                   : strcpy.obj (.text)
                  00005638    00000014                                   : strlen.obj (.text)
                  0000564c    00000014     empty_pem4f.oem4f (.text:ti_sysbios_family_arm_m3_Hwi_Object__get__S)
                  00005660    00000014     sysbios.aem4f : BIOS.obj (.text:ti_sysbios_family_arm_m3_Hwi_switchFromBootStack__E)
                  00005674    00000014     empty_pem4f.oem4f (.text:ti_sysbios_heaps_HeapMem_Object__get__S)
                  00005688    00000014     empty_pem4f.oem4f (.text:ti_sysbios_knl_Swi_Object__get__S)
                  0000569c    00000004     --HOLE-- [fill = 0]
                  000056a0    00000012     sysbios.aem4f : BIOS.obj (.text:ti_sysbios_hal_Hwi_Module_startup__E)
                  000056b2    00000012     empty_pem4f.oem4f (.text:xdc_runtime_Startup_exec__I)
                  000056c4    00000010     empty_pem4f.oem4f (.text:.bootCodeSection:ti_catalog_arm_cortexm4_tiva_ce_Boot_init__I)
                  000056d4    00000004     --HOLE-- [fill = 0]
                  000056d8    00000010     sysbios.aem4f : BIOS.obj (.text:ti_sysbios_BIOS_setThreadType__E)
                  000056e8    00000010                   : BIOS.obj (.text:ti_sysbios_BIOS_start__E)
                  000056f8    00000010                   : m3_TaskSupport_asm.obj (.text:ti_sysbios_family_arm_m3_TaskSupport_glue)
                  00005708    00000010                   : BIOS.obj (.text:ti_sysbios_gates_GateMutex_Instance_finalize__E)
                  00005718    00000010                   : BIOS.obj (.text:ti_sysbios_knl_Semaphore_Instance_finalize__E)
                  00005728    00000010                   : BIOS.obj (.text:ti_sysbios_knl_Swi_disable__E)
                  00005738    00000010     empty_pem4f.oem4f (.text:ti_sysbios_knl_Task_Object__get__S)
                  00005748    00000010     sysbios.aem4f : BIOS.obj (.text:ti_sysbios_knl_Task_disable__E)
                  00005758    00000010     ti.targets.arm.rtsarm.aem4f : Gate.oem4f (.text:xdc_runtime_Gate_leaveSystem__E)
                  00005768    00000010                                 : Memory.oem4f (.text:xdc_runtime_Memory_free__E)
                  00005778    00000010                                 : SysMin.oem4f (.text:xdc_runtime_SysMin_ready__E)
                  00005788    00000010                                 : System.oem4f (.text:xdc_runtime_System_vsnprintf__E)
                  00005798    00000010     empty_pem4f.oem4f (.text:xdc_runtime_Text_visitRope__I)
                  000057a8    0000000e     driverlib.lib : gpio.obj (.text:GPIOIntStatus)
                  000057b6    0000000e     rtsv7M4_T_le_v4SPD16_eabi.lib : copy_decompress_none.obj (.text:decompress:none)
                  000057c4    00000004     --HOLE-- [fill = 0]
                  000057c8    0000000e     sysbios.aem4f : BIOS.obj (.text:ti_sysbios_knl_Idle_loop__E)
                  000057d6    00000002     --HOLE-- [fill = 0]
                  000057d8    0000000e                   : BIOS.obj (.text:ti_sysbios_knl_Queue_empty__E)
                  000057e6    00000002     --HOLE-- [fill = 0]
                  000057e8    0000000c                   : BIOS.obj (.text:ti_sysbios_family_arm_lm4_Timer_getMaxTicks__E)
                  000057f4    0000000c     empty_pem4f.oem4f (.text:ti_sysbios_family_arm_m3_Hwi_Params__init__S)
                  00005800    0000000c     sysbios.aem4f : BIOS.obj (.text:ti_sysbios_family_arm_m3_Hwi_disableFxn__E)
                  0000580c    00000004     --HOLE-- [fill = 0]
                  00005810    0000000c                   : BIOS.obj (.text:ti_sysbios_family_arm_m3_TaskSupport_checkStack__E)
                  0000581c    00000004     --HOLE-- [fill = 0]
                  00005820    0000000c                   : BIOS.obj (.text:ti_sysbios_family_arm_m3_TaskSupport_getStackAlignment__E)
                  0000582c    00000004     --HOLE-- [fill = 0]
                  00005830    0000000c                   : BIOS.obj (.text:ti_sysbios_gates_GateHwi_enter__E)
                  0000583c    0000000c     empty_pem4f.oem4f (.text:ti_sysbios_knl_Queue_Object__get__S)
                  00005848    0000000c     empty_pem4f.oem4f (.text:ti_sysbios_knl_Task_Params__init__S)
                  00005854    0000000c     ti.targets.arm.rtsarm.aem4f : Error.oem4f (.text:xdc_runtime_Error_init__E)
                  00005860    0000000c                                 : Gate.oem4f (.text:xdc_runtime_Gate_enterSystem__E)
                  0000586c    0000000c                                 : Memory.oem4f (.text:xdc_runtime_Memory_calloc__E)
                  00005878    0000000c                                 : Memory.oem4f (.text:xdc_runtime_Memory_getMaxDefaultTypeAlign__E)
                  00005884    0000000a     empty_pem4f.oem4f (.text:xdc_runtime_IHeap_alloc)
                  0000588e    0000000a     empty_pem4f.oem4f (.text:xdc_runtime_IHeap_free)
                  00005898    00000008     EK_TM4C1294XL.obj (.text:EK_TM4C1294XL_initGPIO)
                  000058a0    00000008     sysbios.aem4f : BIOS.obj (.text:ti_sysbios_family_arm_lm4_Timer_masterDisable__I)
                  000058a8    00000008                   : BIOS.obj (.text:ti_sysbios_family_arm_m3_Hwi_doSwiRestore__I)
                  000058b0    00000008                   : BIOS.obj (.text:ti_sysbios_family_arm_m3_Hwi_startup__E)
                  000058b8    00000006     driverlib.lib : gpio.obj (.text:GPIOPinRead)
                  000058be    00000006                   : gpio.obj (.text:GPIOPinWrite)
                  000058c4    00000006     rtsv7M4_T_le_v4SPD16_eabi.lib : copy_decompress_rle.obj (.text:decompress:rle24)
                  000058ca    00000006     ti.targets.arm.rtsarm.aem4f : System.oem4f (.text:xdc_runtime_System_Module_startup__E)
                  000058d0    00000006     sysbios.aem4f : BIOS.obj (.text:ti_sysbios_family_arm_m3_Hwi_doTaskRestore__I)
                  000058d6    00000002     --HOLE-- [fill = 0]
                  000058d8    00000006                   : BIOS.obj (.text:ti_sysbios_family_arm_m3_Hwi_restoreFxn__E)
                  000058de    00000002     --HOLE-- [fill = 0]
                  000058e0    00000006                   : BIOS.obj (.text:ti_sysbios_gates_GateHwi_leave__E)
                  000058e6    00000002     --HOLE-- [fill = 0]
                  000058e8    00000006                   : BIOS.obj (.text:ti_sysbios_heaps_HeapMem_isBlocking__E)
                  000058ee    00000002     --HOLE-- [fill = 0]
                  000058f0    00000006                   : BIOS.obj (.text:ti_sysbios_knl_Queue_Instance_init__E)
                  000058f6    00000002     --HOLE-- [fill = 0]
                  000058f8    00000006                   : BIOS.obj (.text:ti_sysbios_knl_Swi_startup__E)
                  000058fe    00000002     --HOLE-- [fill = 0]
                  00005900    00000004                   : BIOS.obj (.text:ti_sysbios_gates_GateHwi_query__E)
                  00005904    00000004     --HOLE-- [fill = 0]
                  00005908    00000004                   : BIOS.obj (.text:ti_sysbios_gates_GateMutex_query__E)
                  0000590c    00000004     --HOLE-- [fill = 0]
                  00005910    00000004                   : BIOS.obj (.text:ti_sysbios_knl_Task_startup__E)
                  00005914    00000004     --HOLE-- [fill = 0]
                  00005918    00000002                   : BIOS.obj (.text:ti_sysbios_gates_GateHwi_Instance_init__E)
                  0000591a    00000006     --HOLE-- [fill = 0]
                  00005920    00000002                   : BIOS.obj (.text:ti_sysbios_knl_Clock_logTick__E)

.const     0    00005924    0000204e     
                  00005924    00001861     empty_pem4f.oem4f (.const:xdc_runtime_Text_charTab__A)
                  00007185    00000001     empty_pem4f.oem4f (.const:xdc_runtime_Error_policy__C)
                  00007186    00000002     empty_pem4f.oem4f (.const:ti_catalog_arm_cortexm4_tiva_ce_Boot_Module__id__C)
                  00007188    00000120     Boot.aem4f : Boot_sysctl.oem4f (.const:g_pppui32XTALtoVCO)
                  000072a8    000000bc     empty_pem4f.oem4f (.const:xdc_runtime_Text_nodeTab__A)
                  00007364    0000006c     Boot.aem4f : Boot_sysctl.oem4f (.const:g_pui32Xtals)
                  000073d0    00000054     drivers_tivaware.aem4f : GPIOTiva.oem4f (.const:.string)
                  00007424    00000048     empty_pem4f.oem4f (.const:.string)
                  0000746c    00000048     drivers_tivaware.aem4f : GPIOTiva.oem4f (.const:gpioBaseAddresses)
                  000074b4    0000003c     empty_pem4f.oem4f (.const:ti_sysbios_knl_Task_Object__PARAMS__C)
                  000074f0    00000030     Boot.aem4f : Boot_sysctl.oem4f (.const:g_sXTALtoMEMTIM)
                  00007520    00000030     empty_pem4f.oem4f (.const:ti_sysbios_family_arm_m3_Hwi_Object__PARAMS__C)
                  00007550    00000028     empty_pem4f.oem4f (.const:ti_sysbios_heaps_HeapMem_Module__FXNS__C)
                  00007578    00000024     empty_pem4f.oem4f (.const:ti_sysbios_gates_GateHwi_Module__FXNS__C)
                  0000759c    00000024     empty_pem4f.oem4f (.const:ti_sysbios_gates_GateMutex_Module__FXNS__C)
                  000075c0    00000024     empty_pem4f.oem4f (.const:ti_sysbios_heaps_HeapMem_Object__PARAMS__C)
                  000075e4    00000024     empty_pem4f.oem4f (.const:ti_sysbios_knl_Semaphore_Object__PARAMS__C)
                  00007608    00000020     empty_pem4f.oem4f (.const:ti_sysbios_family_arm_m3_Hwi_Object__DESC__C)
                  00007628    00000020     empty_pem4f.oem4f (.const:ti_sysbios_gates_GateHwi_Object__DESC__C)
                  00007648    00000020     empty_pem4f.oem4f (.const:ti_sysbios_gates_GateMutex_Object__DESC__C)
                  00007668    00000020     empty_pem4f.oem4f (.const:ti_sysbios_heaps_HeapMem_Object__DESC__C)
                  00007688    00000020     empty_pem4f.oem4f (.const:ti_sysbios_knl_Queue_Object__DESC__C)
                  000076a8    00000020     empty_pem4f.oem4f (.const:ti_sysbios_knl_Semaphore_Object__DESC__C)
                  000076c8    00000020     empty_pem4f.oem4f (.const:ti_sysbios_knl_Task_Object__DESC__C)
                  000076e8    00000020     empty_pem4f.oem4f (.const:xdc_runtime_Startup_sfxnTab__A)
                  00007708    00000018     empty_pem4f.oem4f (.const:ti_sysbios_gates_GateHwi_Object__PARAMS__C)
                  00007720    00000018     empty_pem4f.oem4f (.const:ti_sysbios_gates_GateMutex_Object__PARAMS__C)
                  00007738    00000018     empty_pem4f.oem4f (.const:ti_sysbios_knl_Queue_Object__PARAMS__C)
                  00007750    00000014     EK_TM4C1294XL.obj (.const:GPIOTiva_config)
                  00007764    00000014     empty_pem4f.oem4f (.const:xdc_runtime_Startup_firstFxns__A)
                  00007778    00000010     empty_pem4f.oem4f (.const:xdc_runtime_Startup_sfxnRts__A)
                  00007788    00000008     Boot.aem4f : Boot_sysctl.oem4f (.const)
                  00007790    00000008     empty_pem4f.oem4f (.const:ti_sysbios_family_arm_m3_Hwi_excHookFuncs__A)
                  00007798    00000008     empty_pem4f.oem4f (.const:ti_sysbios_knl_Idle_funcList__C)
                  000077a0    00000008     empty_pem4f.oem4f (.const:xdc_runtime_Startup_firstFxns__C)
                  000077a8    00000008     empty_pem4f.oem4f (.const:xdc_runtime_Startup_lastFxns__C)
                  000077b0    00000004     empty_pem4f.oem4f (.const:ti_catalog_arm_cortexm4_tiva_ce_Boot_A_mustNotUseEnhancedClockMode__C)
                  000077b4    00000004     empty_pem4f.oem4f (.const:ti_catalog_arm_cortexm4_tiva_ce_Boot_Module__diagsEnabled__C)
                  000077b8    00000004     empty_pem4f.oem4f (.const:ti_catalog_arm_cortexm4_tiva_ce_Boot_Module__diagsIncluded__C)
                  000077bc    00000004     empty_pem4f.oem4f (.const:ti_catalog_arm_cortexm4_tiva_ce_Boot_Module__diagsMask__C)
                  000077c0    00000004     empty_pem4f.oem4f (.const:ti_sysbios_family_arm_lm4_Timer_enableFunc__C)
                  000077c4    00000004     empty_pem4f.oem4f (.const:ti_sysbios_family_arm_lm4_Timer_numTimerDevices__C)
                  000077c8    00000004     empty_pem4f.oem4f (.const:ti_sysbios_family_arm_lm4_Timer_startupNeeded__C)
                  000077cc    00000004     empty_pem4f.oem4f (.const:ti_sysbios_family_arm_m3_Hwi_E_NMI__C)
                  000077d0    00000004     empty_pem4f.oem4f (.const:ti_sysbios_family_arm_m3_Hwi_E_alreadyDefined__C)
                  000077d4    00000004     empty_pem4f.oem4f (.const:ti_sysbios_family_arm_m3_Hwi_E_busFault__C)
                  000077d8    00000004     empty_pem4f.oem4f (.const:ti_sysbios_family_arm_m3_Hwi_E_debugMon__C)
                  000077dc    00000004     empty_pem4f.oem4f (.const:ti_sysbios_family_arm_m3_Hwi_E_hardFault__C)
                  000077e0    00000004     empty_pem4f.oem4f (.const:ti_sysbios_family_arm_m3_Hwi_E_memFault__C)
                  000077e4    00000004     empty_pem4f.oem4f (.const:ti_sysbios_family_arm_m3_Hwi_E_noIsr__C)
                  000077e8    00000004     empty_pem4f.oem4f (.const:ti_sysbios_family_arm_m3_Hwi_E_reserved__C)
                  000077ec    00000004     empty_pem4f.oem4f (.const:ti_sysbios_family_arm_m3_Hwi_E_svCall__C)
                  000077f0    00000004     empty_pem4f.oem4f (.const:ti_sysbios_family_arm_m3_Hwi_E_usageFault__C)
                  000077f4    00000004     empty_pem4f.oem4f (.const:ti_sysbios_family_arm_m3_Hwi_NUM_INTERRUPTS__C)
                  000077f8    00000004     empty_pem4f.oem4f (.const:ti_sysbios_family_arm_m3_Hwi_Object__count__C)
                  000077fc    00000004     empty_pem4f.oem4f (.const:ti_sysbios_family_arm_m3_Hwi_ccr__C)
                  00007800    00000004     empty_pem4f.oem4f (.const:ti_sysbios_family_arm_m3_Hwi_excHandlerFunc__C)
                  00007804    00000004     empty_pem4f.oem4f (.const:ti_sysbios_family_arm_m3_Hwi_excHookFuncs__C)
                  00007808    00000004     empty_pem4f.oem4f (.const:ti_sysbios_family_arm_m3_Hwi_nullIsrFunc__C)
                  0000780c    00000004     empty_pem4f.oem4f (.const:ti_sysbios_family_arm_m3_Hwi_priGroup__C)
                  00007810    00000004     empty_pem4f.oem4f (.const:ti_sysbios_family_arm_m3_TaskSupport_stackAlignment__C)
                  00007814    00000004     empty_pem4f.oem4f (.const:ti_sysbios_gates_GateMutex_A_badContext__C)
                  00007818    00000004     empty_pem4f.oem4f (.const:ti_sysbios_gates_GateMutex_Instance_State_sem__O)
                  0000781c    00000004     empty_pem4f.oem4f (.const:ti_sysbios_gates_GateMutex_Module__diagsEnabled__C)
                  00007820    00000004     empty_pem4f.oem4f (.const:ti_sysbios_gates_GateMutex_Module__diagsIncluded__C)
                  00007824    00000004     empty_pem4f.oem4f (.const:ti_sysbios_gates_GateMutex_Module__diagsMask__C)
                  00007828    00000004     empty_pem4f.oem4f (.const:ti_sysbios_hal_Hwi_E_stackOverflow__C)
                  0000782c    00000004     empty_pem4f.oem4f (.const:ti_sysbios_heaps_HeapMem_A_align__C)
                  00007830    00000004     empty_pem4f.oem4f (.const:ti_sysbios_heaps_HeapMem_A_heapSize__C)
                  00007834    00000004     empty_pem4f.oem4f (.const:ti_sysbios_heaps_HeapMem_A_invalidFree__C)
                  00007838    00000004     empty_pem4f.oem4f (.const:ti_sysbios_heaps_HeapMem_A_zeroBlock__C)
                  0000783c    00000004     empty_pem4f.oem4f (.const:ti_sysbios_heaps_HeapMem_E_memory__C)
                  00007840    00000004     empty_pem4f.oem4f (.const:ti_sysbios_heaps_HeapMem_Module__diagsEnabled__C)
                  00007844    00000004     empty_pem4f.oem4f (.const:ti_sysbios_heaps_HeapMem_Module__diagsIncluded__C)
                  00007848    00000004     empty_pem4f.oem4f (.const:ti_sysbios_heaps_HeapMem_Module__diagsMask__C)
                  0000784c    00000004     empty_pem4f.oem4f (.const:ti_sysbios_heaps_HeapMem_Module__gateObj__C)
                  00007850    00000004     empty_pem4f.oem4f (.const:ti_sysbios_heaps_HeapMem_Object__count__C)
                  00007854    00000004     empty_pem4f.oem4f (.const:ti_sysbios_heaps_HeapMem_reqAlign__C)
                  00007858    00000004     empty_pem4f.oem4f (.const:ti_sysbios_knl_Clock_Module_State_clockQ__O)
                  0000785c    00000004     empty_pem4f.oem4f (.const:ti_sysbios_knl_Idle_funcList__A)
                  00007860    00000004     empty_pem4f.oem4f (.const:ti_sysbios_knl_Semaphore_A_badContext__C)
                  00007864    00000004     empty_pem4f.oem4f (.const:ti_sysbios_knl_Semaphore_A_noEvents__C)
                  00007868    00000004     empty_pem4f.oem4f (.const:ti_sysbios_knl_Semaphore_A_overflow__C)
                  0000786c    00000004     empty_pem4f.oem4f (.const:ti_sysbios_knl_Semaphore_A_pendTaskDisabled__C)
                  00007870    00000004     empty_pem4f.oem4f (.const:ti_sysbios_knl_Semaphore_Instance_State_pendQ__O)
                  00007874    00000004     empty_pem4f.oem4f (.const:ti_sysbios_knl_Semaphore_Module__diagsEnabled__C)
                  00007878    00000004     empty_pem4f.oem4f (.const:ti_sysbios_knl_Semaphore_Module__diagsIncluded__C)
                  0000787c    00000004     empty_pem4f.oem4f (.const:ti_sysbios_knl_Semaphore_Module__diagsMask__C)
                  00007880    00000004     empty_pem4f.oem4f (.const:ti_sysbios_knl_Swi_Object__count__C)
                  00007884    00000004     empty_pem4f.oem4f (.const:ti_sysbios_knl_Task_A_badPriority__C)
                  00007888    00000004     empty_pem4f.oem4f (.const:ti_sysbios_knl_Task_A_badTaskState__C)
                  0000788c    00000004     empty_pem4f.oem4f (.const:ti_sysbios_knl_Task_A_badThreadType__C)
                  00007890    00000004     empty_pem4f.oem4f (.const:ti_sysbios_knl_Task_A_badTimeout__C)
                  00007894    00000004     empty_pem4f.oem4f (.const:ti_sysbios_knl_Task_A_noPendElem__C)
                  00007898    00000004     empty_pem4f.oem4f (.const:ti_sysbios_knl_Task_A_sleepTaskDisabled__C)
                  0000789c    00000004     empty_pem4f.oem4f (.const:ti_sysbios_knl_Task_E_spOutOfBounds__C)
                  000078a0    00000004     empty_pem4f.oem4f (.const:ti_sysbios_knl_Task_E_stackOverflow__C)
                  000078a4    00000004     empty_pem4f.oem4f (.const:ti_sysbios_knl_Task_Module_State_inactiveQ__O)
                  000078a8    00000004     empty_pem4f.oem4f (.const:ti_sysbios_knl_Task_Module__diagsEnabled__C)
                  000078ac    00000004     empty_pem4f.oem4f (.const:ti_sysbios_knl_Task_Module__diagsIncluded__C)
                  000078b0    00000004     empty_pem4f.oem4f (.const:ti_sysbios_knl_Task_Module__diagsMask__C)
                  000078b4    00000004     empty_pem4f.oem4f (.const:ti_sysbios_knl_Task_Object__count__C)
                  000078b8    00000004     empty_pem4f.oem4f (.const:ti_sysbios_knl_Task_allBlockedFunc__C)
                  000078bc    00000004     empty_pem4f.oem4f (.const:ti_sysbios_knl_Task_defaultStackHeap__C)
                  000078c0    00000004     empty_pem4f.oem4f (.const:ti_sysbios_knl_Task_defaultStackSize__C)
                  000078c4    00000004     empty_pem4f.oem4f (.const:ti_sysbios_knl_Task_numConstructedTasks__C)
                  000078c8    00000004     empty_pem4f.oem4f (.const:xdc_runtime_Assert_E_assertFailed__C)
                  000078cc    00000004     empty_pem4f.oem4f (.const:xdc_runtime_Core_A_initializedParams__C)
                  000078d0    00000004     empty_pem4f.oem4f (.const:xdc_runtime_Core_Module__diagsEnabled__C)
                  000078d4    00000004     empty_pem4f.oem4f (.const:xdc_runtime_Core_Module__diagsIncluded__C)
                  000078d8    00000004     empty_pem4f.oem4f (.const:xdc_runtime_Core_Module__diagsMask__C)
                  000078dc    00000004     empty_pem4f.oem4f (.const:xdc_runtime_Error_E_memory__C)
                  000078e0    00000004     empty_pem4f.oem4f (.const:xdc_runtime_Error_Module__diagsEnabled__C)
                  000078e4    00000004     empty_pem4f.oem4f (.const:xdc_runtime_Error_Module__diagsIncluded__C)
                  000078e8    00000004     empty_pem4f.oem4f (.const:xdc_runtime_Error_Module__diagsMask__C)
                  000078ec    00000004     empty_pem4f.oem4f (.const:xdc_runtime_Error_Module__loggerFxn8__C)
                  000078f0    00000004     empty_pem4f.oem4f (.const:xdc_runtime_Error_Module__loggerObj__C)
                  000078f4    00000004     empty_pem4f.oem4f (.const:xdc_runtime_Error_policyFxn__C)
                  000078f8    00000004     empty_pem4f.oem4f (.const:xdc_runtime_Error_raiseHook__C)
                  000078fc    00000004     empty_pem4f.oem4f (.const:xdc_runtime_IGateProvider_Interface__BASE__C)
                  00007900    00000004     empty_pem4f.oem4f (.const:xdc_runtime_IHeap_Interface__BASE__C)
                  00007904    00000004     empty_pem4f.oem4f (.const:xdc_runtime_IModule_Interface__BASE__C)
                  00007908    00000004     empty_pem4f.oem4f (.const:xdc_runtime_Log_L_error__C)
                  0000790c    00000004     empty_pem4f.oem4f (.const:xdc_runtime_Memory_defaultHeapInstance__C)
                  00007910    00000004     empty_pem4f.oem4f (.const:xdc_runtime_Startup_execImpl__C)
                  00007914    00000004     empty_pem4f.oem4f (.const:xdc_runtime_Startup_maxPasses__C)
                  00007918    00000004     empty_pem4f.oem4f (.const:xdc_runtime_Startup_sfxnRts__C)
                  0000791c    00000004     empty_pem4f.oem4f (.const:xdc_runtime_Startup_sfxnTab__C)
                  00007920    00000004     empty_pem4f.oem4f (.const:xdc_runtime_SysMin_bufSize__C)
                  00007924    00000004     empty_pem4f.oem4f (.const:xdc_runtime_SysMin_outputFunc__C)
                  00007928    00000004     empty_pem4f.oem4f (.const:xdc_runtime_System_Module__gateObj__C)
                  0000792c    00000004     empty_pem4f.oem4f (.const:xdc_runtime_System_abortFxn__C)
                  00007930    00000004     empty_pem4f.oem4f (.const:xdc_runtime_System_exitFxn__C)
                  00007934    00000004     empty_pem4f.oem4f (.const:xdc_runtime_System_extendFxn__C)
                  00007938    00000004     empty_pem4f.oem4f (.const:xdc_runtime_System_maxAtexitHandlers__C)
                  0000793c    00000004     empty_pem4f.oem4f (.const:xdc_runtime_Text_charTab__C)
                  00007940    00000004     empty_pem4f.oem4f (.const:xdc_runtime_Text_nameEmpty__C)
                  00007944    00000004     empty_pem4f.oem4f (.const:xdc_runtime_Text_nameStatic__C)
                  00007948    00000004     empty_pem4f.oem4f (.const:xdc_runtime_Text_nameUnknown__C)
                  0000794c    00000004     empty_pem4f.oem4f (.const:xdc_runtime_Text_nodeTab__C)
                  00007950    00000004     empty_pem4f.oem4f (.const:xdc_runtime_Text_visitRopeFxn__C)
                  00007954    00000002     empty_pem4f.oem4f (.const:ti_sysbios_family_arm_m3_Hwi_Module__id__C)
                  00007956    00000002     empty_pem4f.oem4f (.const:ti_sysbios_gates_GateMutex_Module__id__C)
                  00007958    00000002     empty_pem4f.oem4f (.const:ti_sysbios_hal_Hwi_Module__id__C)
                  0000795a    00000002     empty_pem4f.oem4f (.const:ti_sysbios_heaps_HeapMem_Module__id__C)
                  0000795c    00000002     empty_pem4f.oem4f (.const:ti_sysbios_knl_Semaphore_Module__id__C)
                  0000795e    00000002     empty_pem4f.oem4f (.const:ti_sysbios_knl_Task_Module__id__C)
                  00007960    00000002     empty_pem4f.oem4f (.const:xdc_runtime_Core_Module__id__C)
                  00007962    00000002     empty_pem4f.oem4f (.const:xdc_runtime_Error_Module__loggerDefined__C)
                  00007964    00000002     empty_pem4f.oem4f (.const:xdc_runtime_Error_maxDepth__C)
                  00007966    00000002     empty_pem4f.oem4f (.const:xdc_runtime_Memory_Module__id__C)
                  00007968    00000002     empty_pem4f.oem4f (.const:xdc_runtime_SysMin_flushAtExit__C)
                  0000796a    00000002     empty_pem4f.oem4f (.const:xdc_runtime_Text_charCnt__C)
                  0000796c    00000002     empty_pem4f.oem4f (.const:xdc_runtime_Text_isLoaded__C)
                  0000796e    00000002     empty_pem4f.oem4f (.const:xdc_runtime_Text_registryModsLastId__C)
                  00007970    00000002     empty_pem4f.oem4f (.const:xdc_runtime_Text_unnamedModsLastId__C)

.cinit     0    00007978    00000344     
                  00007978    00000303     (.cinit..data.load) [load image, compression = rle]
                  00007c7b    00000005     --HOLE-- [fill = 0]
                  00007c80    0000000b     (.cinit..bss.load) [load image, compression = rle]
                  00007c8b    00000005     --HOLE-- [fill = 0]
                  00007c90    0000000b     (.cinit..vecs.load) [load image, compression = rle]
                  00007c9b    00000001     --HOLE-- [fill = 0]
                  00007c9c    00000008     (__TI_handler_table)
                  00007ca4    00000018     (__TI_cinit_table)

.init_array 
*          0    00000000    00000000     UNINITIALIZED

.resetVecs 
*          0    00000000    0000003c     
                  00000000    0000003c     empty_pem4f.oem4f (.resetVecs)

.bss       0    20000360    00000dec     UNINITIALIZED
                  20000360    00000400     (.common:ti_sysbios_heaps_HeapMem_Instance_State_0_buf__A)
                  20000760    00000360     (.common:ti_sysbios_family_arm_m3_Hwi_dispatchTable)
                  20000ac0    00000200     empty_pem4f.oem4f (.bss:taskStackSection)
                  20000cc0    00000200     (.common:task0Stack)
                  20000ec0    00000120     rtsv7M4_T_le_v4SPD16_eabi.lib : trgmsg.obj (.bss:_CIOBUF_)
                  20000fe0    00000090     drivers_tivaware.aem4f : GPIOTiva.oem4f (.bss:gpioCallbackInfo)
                  20001070    00000080     (.common:xdc_runtime_SysMin_Module_State_0_outbuf__A)
                  200010f0    00000050     (.common:task0Struct)
                  20001140    00000008     rtsv7M4_T_le_v4SPD16_eabi.lib : trgdrv.obj (.bss:parmbuf)
                  20001148    00000004     (.common:gpioInterruptVectors)

.data      0    2000114c    00000426     UNINITIALIZED
                  2000114c    00000080     empty_pem4f.oem4f (.data:ti_sysbios_knl_Swi_Module_State_0_readyQ__A)
                  200011cc    00000080     empty_pem4f.oem4f (.data:ti_sysbios_knl_Task_Module_State_0_readyQ__A)
                  2000124c    0000004c     empty_pem4f.oem4f (.data:ti_sysbios_knl_Task_Object__table__V)
                  20001298    00000044     empty_pem4f.oem4f (.data:ti_sysbios_knl_Task_Module__state__V)
                  200012dc    00000040     empty_pem4f.oem4f (.data:ti_sysbios_family_arm_lm4_Timer_Module_State_0_device__A)
                  2000131c    00000040     empty_pem4f.oem4f (.data:ti_sysbios_family_arm_lm4_Timer_Object__table__V)
                  2000135c    00000038     empty_pem4f.oem4f (.data:ti_sysbios_gates_GateMutex_Object__table__V)
                  20001394    00000034     empty_pem4f.oem4f (.data:ti_sysbios_family_arm_m3_Hwi_Module__state__V)
                  200013c8    00000030     empty_pem4f.oem4f (.data:ti_sysbios_knl_Swi_Object__table__V)
                  200013f8    0000002c     empty_pem4f.oem4f (.data:ti_sysbios_knl_Clock_Module__state__V)
                  20001424    00000024     empty_pem4f.oem4f (.data:ti_sysbios_BIOS_Module__state__V)
                  20001448    00000020     empty_pem4f.oem4f (.data:ti_sysbios_family_arm_lm4_Timer_Module_State_0_handles__A)
                  20001468    0000001c     empty_pem4f.oem4f (.data:ti_sysbios_knl_Swi_Module__state__V)
                  20001484    00000018     empty_pem4f.oem4f (.data:ti_sysbios_family_arm_m3_Hwi_Object__table__V)
                  2000149c    00000018     empty_pem4f.oem4f (.data:ti_sysbios_heaps_HeapMem_Object__table__V)
                  200014b4    00000010     EK_TM4C1294XL.obj (.data:gpioPinConfigs)
                  200014c4    0000000c     rtsv7M4_T_le_v4SPD16_eabi.lib : exit.obj (.data:$O1$$)
                  200014d0    0000000c     empty_pem4f.oem4f (.data:ti_sysbios_family_arm_lm4_Timer_Module__state__V)
                  200014dc    0000000c     empty_pem4f.oem4f (.data:xdc_runtime_SysMin_Module__state__V)
                  200014e8    00000008     rtsv7M4_T_le_v4SPD16_eabi.lib : _lock.obj (.data:$O1$$)
                  200014f0    00000008     EK_TM4C1294XL.obj (.data:gpioCallbackFunctions)
                  200014f8    00000008     empty_pem4f.oem4f (.data:ti_sysbios_family_arm_m3_Hwi_Module__root__V)
                  20001500    00000008     empty_pem4f.oem4f (.data:ti_sysbios_gates_GateHwi_Module__root__V)
                  20001508    00000008     empty_pem4f.oem4f (.data:ti_sysbios_gates_GateMutex_Module__root__V)
                  20001510    00000008     empty_pem4f.oem4f (.data:ti_sysbios_heaps_HeapMem_Module__root__V)
                  20001518    00000008     empty_pem4f.oem4f (.data:ti_sysbios_knl_Queue_Module__root__V)
                  20001520    00000008     empty_pem4f.oem4f (.data:ti_sysbios_knl_Semaphore_Module__root__V)
                  20001528    00000008     empty_pem4f.oem4f (.data:ti_sysbios_knl_Task_Module__root__V)
                  20001530    00000008     empty_pem4f.oem4f (.data:xdc_runtime_Registry_Module__state__V)
                  20001538    00000008     empty_pem4f.oem4f (.data:xdc_runtime_Startup_Module__state__V)
                  20001540    00000008     empty_pem4f.oem4f (.data:xdc_runtime_System_Module_State_0_atexitHandlers__A)
                  20001548    00000008     empty_pem4f.oem4f (.data:xdc_runtime_System_Module__state__V)
                  20001550    00000005     drivers_tivaware.aem4f : GPIOTiva.oem4f (.data)
                  20001555    00000001     --HOLE--
                  20001556    00000002     empty_pem4f.oem4f (.data:ti_sysbios_family_arm_m3_Hwi_Module_State_0_excActive__A)
                  20001558    00000004     rtsv7M4_T_le_v4SPD16_eabi.lib : stkdepth_vars.obj (.data)
                  2000155c    00000004     empty_pem4f.oem4f (.data:ti_sysbios_family_arm_m3_Hwi_Module_State_0_excContext__A)
                  20001560    00000004     empty_pem4f.oem4f (.data:ti_sysbios_family_arm_m3_Hwi_Module_State_0_excStack__A)
                  20001564    00000004     empty_pem4f.oem4f (.data:ti_sysbios_gates_GateHwi_Object__table__V)
                  20001568    00000004     empty_pem4f.oem4f (.data:ti_sysbios_knl_Task_Module_State_0_idleTask__A)
                  2000156c    00000004     empty_pem4f.oem4f (.data:xdc_runtime_Memory_Module__state__V)
                  20001570    00000002     empty_pem4f.oem4f (.data:xdc_runtime_Error_Module__state__V)

.stack     0    20001574    00000300     UNINITIALIZED
                  20001574    00000300     --HOLE--

.bootVecs 
*          0    00000000    00000008     DSECT
                  00000000    00000008     boot.aem4f : boot.oem4f (.bootVecs)

.vecs      0    20000000    00000360     UNINITIALIZED
                  20000000    00000360     empty_pem4f.oem4f (.vecs)

xdc.meta   0    00000000    000000db     COPY SECTION
                  00000000    000000db     empty_pem4f.oem4f (xdc.meta)

MODULE SUMMARY

       Module                     code    ro data   rw data
       ------                     ----    -------   -------
    ./
       empty.obj                  238     0         592    
       EK_TM4C1294XL.obj          192     20        24     
    +--+--------------------------+-------+---------+---------+
       Total:                     430     20        616    
                                                           
    /home/ayyappa/TIRTOSLabsWS/Lab_04B/Debug/configPkg/package/cfg/
       empty_pem4f.oem4f          1658    7702      4400   
    +--+--------------------------+-------+---------+---------+
       Total:                     1658    7702      4400   
                                                           
    /home/ayyappa/TIRTOSLabsWS/Lab_04B/src/sysbios/sysbios.aem4f
       BIOS.obj                   11826   0         0      
       m3_Hwi_asm.obj             314     0         0      
       m3_TaskSupport_asm.obj     180     0         0      
       m3_Hwi_asm_switch.obj      118     0         0      
    +--+--------------------------+-------+---------+---------+
       Total:                     12438   0         0      
                                                           
    /home/ayyappa/ti/ccsv6/tools/compiler/ti-cgt-arm_15.12.1.LTS/lib/rtsv7M4_T_le_v4SPD16_eabi.lib
       trgdrv.obj                 804     0         8      
       trgmsg.obj                 104     0         288    
       memcpy_t2.obj              156     0         0      
       memset_t2.obj              122     0         0      
       copy_decompress_rle.obj    112     0         0      
       exit.obj                   84      0         12     
       cpy_tbl.obj                76      0         0      
       u_divt2.obj                64      0         0      
       _lock.obj                  20      0         8      
       args_main.obj              24      0         0      
       strcpy.obj                 20      0         0      
       strlen.obj                 20      0         0      
       copy_decompress_none.obj   14      0         0      
       stkdepth_vars.obj          0       0         4      
       i_div0.obj                 2       0         0      
    +--+--------------------------+-------+---------+---------+
       Total:                     1622    0         320    
                                                           
    /home/ayyappa/ti/tirtos_tivac_2_16_01_14/products/TivaWare_C_Series-2.1.1.71b/driverlib/ccs/Debug/driverlib.lib
       gpio.obj                   464     0         0      
       sysctl.obj                 52      0         0      
    +--+--------------------------+-------+---------+---------+
       Total:                     516     0         0      
                                                           
    /home/ayyappa/ti/tirtos_tivac_2_16_01_14/products/bios_6_45_02_31/packages/ti/catalog/arm/cortexm4/tiva/ce/lib/Boot.aem4f
       Boot_sysctl.oem4f          628     452       0      
       Boot.oem4f                 152     0         0      
    +--+--------------------------+-------+---------+---------+
       Total:                     780     452       0      
                                                           
    /home/ayyappa/ti/tirtos_tivac_2_16_01_14/products/bios_6_45_02_31/packages/ti/targets/arm/rtsarm/lib/auto_init.aem4f
       auto_init.oem4f            160     0         0      
    +--+--------------------------+-------+---------+---------+
       Total:                     160     0         0      
                                                           
    /home/ayyappa/ti/tirtos_tivac_2_16_01_14/products/bios_6_45_02_31/packages/ti/targets/arm/rtsarm/lib/boot.aem4f
       boot.oem4f                 88      0         0      
    +--+--------------------------+-------+---------+---------+
       Total:                     88      0         0      
                                                           
    /home/ayyappa/ti/tirtos_tivac_2_16_01_14/products/bios_6_45_02_31/packages/ti/targets/arm/rtsarm/lib/ti.targets.arm.rtsarm.aem4f
       System.oem4f               1255    0         0      
       Text.oem4f                 672     0         0      
       Error.oem4f                524     0         0      
       Core-mem.oem4f             358     0         0      
       Startup.oem4f              328     0         0      
       SysMin.oem4f               248     0         0      
       Core-smem.oem4f            204     0         0      
       Memory.oem4f               176     0         0      
       Assert.oem4f               84      0         0      
       Core-params.oem4f          70      0         0      
       Core-label.oem4f           52      0         0      
       Registry.oem4f             32      0         0      
       Gate.oem4f                 28      0         0      
    +--+--------------------------+-------+---------+---------+
       Total:                     4031    0         0      
                                                           
    /home/ayyappa/ti/tirtos_tivac_2_16_01_14/products/tidrivers_tivac_2_16_01_13/packages/ti/drivers/lib/drivers_tivaware.aem4f
       GPIOTiva.oem4f             844     156       153    
    +--+--------------------------+-------+---------+---------+
       Total:                     844     156       153    
                                                           
       Stack:                     0       0         768    
       Linker Generated:          0       825       0      
    +--+--------------------------+-------+---------+---------+
       Grand Total:               22567   9155      6257   


LINKER GENERATED COPY TABLES

__TI_cinit_table @ 00007ca4 records: 3, size/record: 8, table size: 24
	.data: load addr=00007978, load size=00000303 bytes, run addr=2000114c, run size=00000426 bytes, compression=rle
	.bss: load addr=00007c80, load size=0000000b bytes, run addr=20000360, run size=00000dec bytes, compression=rle
	.vecs: load addr=00007c90, load size=0000000b bytes, run addr=20000000, run size=00000360 bytes, compression=rle


LINKER GENERATED HANDLER TABLE

__TI_handler_table @ 00007c9c records: 2, size/record: 4, table size: 8
	index: 0, handler: __TI_decompress_rle24
	index: 1, handler: __TI_decompress_none


GLOBAL SYMBOLS: SORTED ALPHABETICALLY BY Name 

address   name                                                                 
-------   ----                                                                 
000041e1  C$$EXIT                                                              
00003c67  C$$IO$$                                                              
00005899  EK_TM4C1294XL_initGPIO                                               
00002e1d  EK_TM4C1294XL_initGeneral                                            
00004f71  GPIODirModeSet                                                       
00005323  GPIOIntClear                                                         
000057a9  GPIOIntStatus                                                        
00004189  GPIOIntTypeSet                                                       
000022cd  GPIOPadConfigSet                                                     
000058b9  GPIOPinRead                                                          
000058bf  GPIOPinWrite                                                         
00007750  GPIOTiva_config                                                      
00003d09  GPIO_hwiIntFxn                                                       
0000371d  GPIO_init                                                            
000042dd  GPIO_setCallback                                                     
00001ef5  GPIO_setConfig                                                       
0000432d  GPIO_toggle                                                          
0000437d  GPIO_write                                                           
00000a93  HOSTclock                                                            
00000a5b  HOSTclose                                                            
00000a1d  HOSTgetenv                                                           
000009c1  HOSTlseek                                                            
0000096f  HOSTopen                                                             
00000923  HOSTread                                                             
000008c5  HOSTrename                                                           
0000088b  HOSTtime                                                             
00000841  HOSTtime64                                                           
00000809  HOSTunlink                                                           
000007bd  HOSTwrite                                                            
UNDEFED   SHT$$INIT_ARRAY$$Base                                                
UNDEFED   SHT$$INIT_ARRAY$$Limit                                               
00004b31  SysCtlPeripheralEnable                                               
00000000  __ASM__                                                              
20000ec0  __CIOBUF_                                                            
00000059  __ISA__                                                              
0000006c  __PLAT__                                                             
20001874  __STACK_END                                                          
00000300  __STACK_SIZE                                                         
0000008d  __TARG__                                                             
00007ca4  __TI_CINIT_Base                                                      
00007cbc  __TI_CINIT_Limit                                                     
00007c9c  __TI_Handler_Table_Base                                              
00007ca4  __TI_Handler_Table_Limit                                             
000031a1  __TI_auto_init                                                       
200014c4  __TI_cleanup_ptr                                                     
000057b7  __TI_decompress_none                                                 
000058c5  __TI_decompress_rle24                                                
200014c8  __TI_dtors_ptr                                                       
200014cc  __TI_enable_exit_profile_output                                      
ffffffff  __TI_pprof_out_hndl                                                  
ffffffff  __TI_prof_data_size                                                  
ffffffff  __TI_prof_data_start                                                 
00003c6b  __TI_readmsg                                                         
00007978  __TI_static_base__                                                   
00003c39  __TI_writemsg                                                        
000000b3  __TRDR__                                                             
00003557  __aeabi_idiv0                                                        
000038bd  __aeabi_memclr                                                       
000038bd  __aeabi_memclr4                                                      
000038bd  __aeabi_memclr8                                                      
000032e1  __aeabi_memcpy                                                       
000032e1  __aeabi_memcpy4                                                      
000032e1  __aeabi_memcpy8                                                      
000038bf  __aeabi_memset                                                       
000038bf  __aeabi_memset4                                                      
000038bf  __aeabi_memset8                                                      
00004911  __aeabi_uidiv                                                        
00004911  __aeabi_uidivmod                                                     
ffffffff  __binit__                                                            
ffffffff  __c_args__                                                           
20001574  __stack                                                              
000054dd  _args_main                                                           
000040d9  _c_int00                                                             
200014e8  _lock                                                                
0000561f  _nop                                                                 
00005617  _register_lock                                                       
00005611  _register_unlock                                                     
200014ec  _unlock                                                              
000041e5  abort                                                                
ffffffff  binit                                                                
00004511  copy_in                                                              
000041ed  exit                                                                 
200014f0  gpioCallbackFunctions                                                
200014b4  gpioPinConfigs                                                       
000055fd  heartBeatFxn                                                         
00002bd9  main                                                                 
20001558  main_func_sp                                                         
000032e1  memcpy                                                               
000038c5  memset                                                               
00005749  osi_TaskDisable                                                      
000056e9  osi_start                                                            
00005625  strcpy                                                               
00005639  strlen                                                               
20000cc0  task0Stack                                                           
200010f0  task0Struct                                                          
000077b0  ti_catalog_arm_cortexm4_tiva_ce_Boot_A_mustNotUseEnhancedClockMode__C
000077b4  ti_catalog_arm_cortexm4_tiva_ce_Boot_Module__diagsEnabled__C         
000077b8  ti_catalog_arm_cortexm4_tiva_ce_Boot_Module__diagsIncluded__C        
000077bc  ti_catalog_arm_cortexm4_tiva_ce_Boot_Module__diagsMask__C            
00007186  ti_catalog_arm_cortexm4_tiva_ce_Boot_Module__id__C                   
000056c5  ti_catalog_arm_cortexm4_tiva_ce_Boot_init__I                         
0000146d  ti_catalog_arm_cortexm4_tiva_ce_Boot_sysCtlClockFreqSetI__I          
00003559  ti_catalog_arm_cortexm4_tiva_ce_Boot_sysCtlClockFreqSet__E           
20001424  ti_sysbios_BIOS_Module__state__V                                     
00005441  ti_sysbios_BIOS_RtsGateProxy_Handle__label__S                        
000050cd  ti_sysbios_BIOS_RtsGateProxy_Object__delete__S                       
00000ff5  ti_sysbios_BIOS_RtsGateProxy_enter__E                                
0000186d  ti_sysbios_BIOS_RtsGateProxy_leave__E                                
00005909  ti_sysbios_BIOS_RtsGateProxy_query__E                                
00004cad  ti_sysbios_BIOS_atExitFunc__I                                        
0000503d  ti_sysbios_BIOS_errorRaiseHook__I                                    
000055d1  ti_sysbios_BIOS_exitFunc__I                                          
00003685  ti_sysbios_BIOS_nullFunc__I                                          
00005061  ti_sysbios_BIOS_registerRTSLock__I                                   
00005085  ti_sysbios_BIOS_removeRTSLock__I                                     
000051c5  ti_sysbios_BIOS_rtsLock__I                                           
000054f5  ti_sysbios_BIOS_rtsUnlock__I                                         
000056d9  ti_sysbios_BIOS_setThreadType__E                                     
000050a9  ti_sysbios_BIOS_startFunc__I                                         
000056e9  ti_sysbios_BIOS_start__E                                             
200012dc  ti_sysbios_family_arm_lm4_Timer_Module_State_0_device__A             
20001448  ti_sysbios_family_arm_lm4_Timer_Module_State_0_handles__A            
0000550d  ti_sysbios_family_arm_lm4_Timer_Module__startupDone__F               
0000550d  ti_sysbios_family_arm_lm4_Timer_Module__startupDone__S               
200014d0  ti_sysbios_family_arm_lm4_Timer_Module__state__V                     
00003d71  ti_sysbios_family_arm_lm4_Timer_Module_startup__E                    
2000131c  ti_sysbios_family_arm_lm4_Timer_Object__table__V                     
000077c0  ti_sysbios_family_arm_lm4_Timer_enableFunc__C                        
000030f9  ti_sysbios_family_arm_lm4_Timer_enableTimers__I                      
00003049  ti_sysbios_family_arm_lm4_Timer_enableTiva__I                        
000057e9  ti_sysbios_family_arm_lm4_Timer_getMaxTicks__E                       
00004771  ti_sysbios_family_arm_lm4_Timer_isrStub__E                           
000058a1  ti_sysbios_family_arm_lm4_Timer_masterDisable__I                     
00001d8d  ti_sysbios_family_arm_lm4_Timer_masterEnable__I                      
000077c4  ti_sysbios_family_arm_lm4_Timer_numTimerDevices__C                   
00002401  ti_sysbios_family_arm_lm4_Timer_start__E                             
000077c8  ti_sysbios_family_arm_lm4_Timer_startupNeeded__C                     
00004951  ti_sysbios_family_arm_lm4_Timer_startup__E                           
00004ce1  ti_sysbios_family_arm_lm4_Timer_stop__E                              
00005161  ti_sysbios_family_arm_lm4_Timer_write__I                             
000077cc  ti_sysbios_family_arm_m3_Hwi_E_NMI__C                                
000077d0  ti_sysbios_family_arm_m3_Hwi_E_alreadyDefined__C                     
000077d4  ti_sysbios_family_arm_m3_Hwi_E_busFault__C                           
000077d8  ti_sysbios_family_arm_m3_Hwi_E_debugMon__C                           
000077dc  ti_sysbios_family_arm_m3_Hwi_E_hardFault__C                          
000077e0  ti_sysbios_family_arm_m3_Hwi_E_memFault__C                           
000077e4  ti_sysbios_family_arm_m3_Hwi_E_noIsr__C                              
000077e8  ti_sysbios_family_arm_m3_Hwi_E_reserved__C                           
000077ec  ti_sysbios_family_arm_m3_Hwi_E_svCall__C                             
000077f0  ti_sysbios_family_arm_m3_Hwi_E_usageFault__C                         
0000540d  ti_sysbios_family_arm_m3_Hwi_Handle__label__S                        
00004b69  ti_sysbios_family_arm_m3_Hwi_Instance_finalize__E                    
000035f1  ti_sysbios_family_arm_m3_Hwi_Instance_init__E                        
20001556  ti_sysbios_family_arm_m3_Hwi_Module_State_0_excActive__A             
2000155c  ti_sysbios_family_arm_m3_Hwi_Module_State_0_excContext__A            
20001560  ti_sysbios_family_arm_m3_Hwi_Module_State_0_excStack__A              
00007954  ti_sysbios_family_arm_m3_Hwi_Module__id__C                           
200014f8  ti_sysbios_family_arm_m3_Hwi_Module__root__V                         
00005525  ti_sysbios_family_arm_m3_Hwi_Module__startupDone__F                  
00005525  ti_sysbios_family_arm_m3_Hwi_Module__startupDone__S                  
20001394  ti_sysbios_family_arm_m3_Hwi_Module__state__V                        
00004421  ti_sysbios_family_arm_m3_Hwi_Module_startup__E                       
000077f4  ti_sysbios_family_arm_m3_Hwi_NUM_INTERRUPTS__C                       
00007608  ti_sysbios_family_arm_m3_Hwi_Object__DESC__C                         
00007520  ti_sysbios_family_arm_m3_Hwi_Object__PARAMS__C                       
000077f8  ti_sysbios_family_arm_m3_Hwi_Object__count__C                        
0000564d  ti_sysbios_family_arm_m3_Hwi_Object__get__S                          
20001484  ti_sysbios_family_arm_m3_Hwi_Object__table__V                        
000057f5  ti_sysbios_family_arm_m3_Hwi_Params__init__S                         
000077fc  ti_sysbios_family_arm_m3_Hwi_ccr__C                                  
00003dd5  ti_sysbios_family_arm_m3_Hwi_create                                  
00005801  ti_sysbios_family_arm_m3_Hwi_disableFxn__E                           
00004651  ti_sysbios_family_arm_m3_Hwi_disableInterrupt__E                     
00003e39  ti_sysbios_family_arm_m3_Hwi_dispatchC__I                            
20000760  ti_sysbios_family_arm_m3_Hwi_dispatchTable                           
00002929  ti_sysbios_family_arm_m3_Hwi_dispatch__I                             
000058a9  ti_sysbios_family_arm_m3_Hwi_doSwiRestore__I                         
000058d1  ti_sysbios_family_arm_m3_Hwi_doTaskRestore__I                        
00004699  ti_sysbios_family_arm_m3_Hwi_enableInterrupt__E                      
00001c19  ti_sysbios_family_arm_m3_Hwi_excBusFault__I                          
00002ca1  ti_sysbios_family_arm_m3_Hwi_excDebugMon__I                          
00000041  ti_sysbios_family_arm_m3_Hwi_excDumpRegs__I                          
000051e5  ti_sysbios_family_arm_m3_Hwi_excHandlerAsm__I                        
00007800  ti_sysbios_family_arm_m3_Hwi_excHandlerFunc__C                       
00001671  ti_sysbios_family_arm_m3_Hwi_excHandlerMax__I                        
00005209  ti_sysbios_family_arm_m3_Hwi_excHandler__I                           
00002d61  ti_sysbios_family_arm_m3_Hwi_excHardFault__I                         
00007790  ti_sysbios_family_arm_m3_Hwi_excHookFuncs__A                         
00007804  ti_sysbios_family_arm_m3_Hwi_excHookFuncs__C                         
00002049  ti_sysbios_family_arm_m3_Hwi_excMemFault__I                          
00004ba1  ti_sysbios_family_arm_m3_Hwi_excNmi__I                               
00004a51  ti_sysbios_family_arm_m3_Hwi_excNoIsr__I                             
000046e1  ti_sysbios_family_arm_m3_Hwi_excReserved__I                          
[...]
0000583d  ti_sysbios_knl_Queue_Object__get__S                                  
00005849  ti_sysbios_knl_Task_Params__init__S                                  
00005855  xdc_runtime_Error_init__E                                            
00005861  xdc_runtime_Gate_enterSystem__E                                      
0000586d  xdc_runtime_Memory_calloc__E                                         
00005879  xdc_runtime_Memory_getMaxDefaultTypeAlign__E                         
00005885  xdc_runtime_Memory_HeapProxy_alloc__E                                
0000588f  xdc_runtime_Memory_HeapProxy_free__E                                 
00005899  EK_TM4C1294XL_initGPIO                                               
000058a1  ti_sysbios_family_arm_lm4_Timer_masterDisable__I                     
000058a9  ti_sysbios_family_arm_m3_Hwi_doSwiRestore__I                         
000058b1  ti_sysbios_family_arm_m3_Hwi_startup__E                              
000058b1  ti_sysbios_hal_Hwi_HwiProxy_startup__E                               
000058b9  GPIOPinRead                                                          
000058bf  GPIOPinWrite                                                         
000058c5  __TI_decompress_rle24                                                
000058cb  xdc_runtime_System_Module_startup__E                                 
000058d1  ti_sysbios_family_arm_m3_Hwi_doTaskRestore__I                        
000058d9  ti_sysbios_family_arm_m3_Hwi_restoreFxn__E                           
000058d9  ti_sysbios_hal_Hwi_HwiProxy_restore__E                               
000058e1  ti_sysbios_gates_GateHwi_leave__E                                    
000058e9  ti_sysbios_heaps_HeapMem_isBlocking__E                               
000058f1  ti_sysbios_knl_Queue_Instance_init__E                                
000058f9  ti_sysbios_knl_Swi_startup__E                                        
00005901  ti_sysbios_gates_GateHwi_query__E                                    
00005901  xdc_runtime_Main_Module_GateProxy_query__E                           
00005901  xdc_runtime_System_Module_GateProxy_query__E                         
00005909  ti_sysbios_BIOS_RtsGateProxy_query__E                                
00005909  ti_sysbios_gates_GateMutex_query__E                                  
00005909  ti_sysbios_heaps_HeapMem_Module_GateProxy_query__E                   
00005911  ti_sysbios_knl_Task_startup__E                                       
00005919  ti_sysbios_gates_GateHwi_Instance_init__E                            
00005921  ti_sysbios_knl_Clock_logTick__E                                      
00005924  xdc_runtime_Text_charTab__A                                          
00007185  xdc_runtime_Error_policy__C                                          
00007186  ti_catalog_arm_cortexm4_tiva_ce_Boot_Module__id__C                   
000072a8  xdc_runtime_Text_nodeTab__A                                          
000074b4  ti_sysbios_knl_Task_Object__PARAMS__C                                
00007520  ti_sysbios_family_arm_m3_Hwi_Object__PARAMS__C                       
00007550  ti_sysbios_heaps_HeapMem_Module__FXNS__C                             
00007578  ti_sysbios_gates_GateHwi_Module__FXNS__C                             
0000759c  ti_sysbios_gates_GateMutex_Module__FXNS__C                           
000075c0  ti_sysbios_heaps_HeapMem_Object__PARAMS__C                           
000075e4  ti_sysbios_knl_Semaphore_Object__PARAMS__C                           
00007608  ti_sysbios_family_arm_m3_Hwi_Object__DESC__C                         
00007628  ti_sysbios_gates_GateHwi_Object__DESC__C                             
00007648  ti_sysbios_gates_GateMutex_Object__DESC__C                           
00007668  ti_sysbios_heaps_HeapMem_Object__DESC__C                             
00007688  ti_sysbios_knl_Queue_Object__DESC__C                                 
000076a8  ti_sysbios_knl_Semaphore_Object__DESC__C                             
000076c8  ti_sysbios_knl_Task_Object__DESC__C                                  
000076e8  xdc_runtime_Startup_sfxnTab__A                                       
00007708  ti_sysbios_gates_GateHwi_Object__PARAMS__C                           
00007720  ti_sysbios_gates_GateMutex_Object__PARAMS__C                         
00007738  ti_sysbios_knl_Queue_Object__PARAMS__C                               
00007750  GPIOTiva_config                                                      
00007764  xdc_runtime_Startup_firstFxns__A                                     
00007778  xdc_runtime_Startup_sfxnRts__A                                       
00007790  ti_sysbios_family_arm_m3_Hwi_excHookFuncs__A                         
00007798  ti_sysbios_knl_Idle_funcList__C                                      
000077a0  xdc_runtime_Startup_firstFxns__C                                     
000077a8  xdc_runtime_Startup_lastFxns__C                                      
000077b0  ti_catalog_arm_cortexm4_tiva_ce_Boot_A_mustNotUseEnhancedClockMode__C
000077b4  ti_catalog_arm_cortexm4_tiva_ce_Boot_Module__diagsEnabled__C         
000077b8  ti_catalog_arm_cortexm4_tiva_ce_Boot_Module__diagsIncluded__C        
000077bc  ti_catalog_arm_cortexm4_tiva_ce_Boot_Module__diagsMask__C            
000077c0  ti_sysbios_family_arm_lm4_Timer_enableFunc__C                        
000077c4  ti_sysbios_family_arm_lm4_Timer_numTimerDevices__C                   
000077c8  ti_sysbios_family_arm_lm4_Timer_startupNeeded__C                     
000077cc  ti_sysbios_family_arm_m3_Hwi_E_NMI__C                                
000077d0  ti_sysbios_family_arm_m3_Hwi_E_alreadyDefined__C                     
000077d4  ti_sysbios_family_arm_m3_Hwi_E_busFault__C                           
000077d8  ti_sysbios_family_arm_m3_Hwi_E_debugMon__C                           
000077dc  ti_sysbios_family_arm_m3_Hwi_E_hardFault__C                          
000077e0  ti_sysbios_family_arm_m3_Hwi_E_memFault__C                           
000077e4  ti_sysbios_family_arm_m3_Hwi_E_noIsr__C                              
000077e8  ti_sysbios_family_arm_m3_Hwi_E_reserved__C                           
000077ec  ti_sysbios_family_arm_m3_Hwi_E_svCall__C                             
000077f0  ti_sysbios_family_arm_m3_Hwi_E_usageFault__C                         
000077f4  ti_sysbios_family_arm_m3_Hwi_NUM_INTERRUPTS__C                       
000077f8  ti_sysbios_family_arm_m3_Hwi_Object__count__C                        
000077fc  ti_sysbios_family_arm_m3_Hwi_ccr__C                                  
00007800  ti_sysbios_family_arm_m3_Hwi_excHandlerFunc__C                       
00007804  ti_sysbios_family_arm_m3_Hwi_excHookFuncs__C                         
00007808  ti_sysbios_family_arm_m3_Hwi_nullIsrFunc__C                          
0000780c  ti_sysbios_family_arm_m3_Hwi_priGroup__C                             
00007810  ti_sysbios_family_arm_m3_TaskSupport_stackAlignment__C               
00007814  ti_sysbios_gates_GateMutex_A_badContext__C                           
00007818  ti_sysbios_gates_GateMutex_Instance_State_sem__O                     
0000781c  ti_sysbios_gates_GateMutex_Module__diagsEnabled__C                   
00007820  ti_sysbios_gates_GateMutex_Module__diagsIncluded__C                  
00007824  ti_sysbios_gates_GateMutex_Module__diagsMask__C                      
00007828  ti_sysbios_hal_Hwi_E_stackOverflow__C                                
0000782c  ti_sysbios_heaps_HeapMem_A_align__C                                  
00007830  ti_sysbios_heaps_HeapMem_A_heapSize__C                               
00007834  ti_sysbios_heaps_HeapMem_A_invalidFree__C                            
00007838  ti_sysbios_heaps_HeapMem_A_zeroBlock__C                              
0000783c  ti_sysbios_heaps_HeapMem_E_memory__C                                 
00007840  ti_sysbios_heaps_HeapMem_Module__diagsEnabled__C                     
00007844  ti_sysbios_heaps_HeapMem_Module__diagsIncluded__C                    
00007848  ti_sysbios_heaps_HeapMem_Module__diagsMask__C                        
0000784c  ti_sysbios_heaps_HeapMem_Module__gateObj__C                          
00007850  ti_sysbios_heaps_HeapMem_Object__count__C                            
00007854  ti_sysbios_heaps_HeapMem_reqAlign__C                                 
00007858  ti_sysbios_knl_Clock_Module_State_clockQ__O                          
0000785c  ti_sysbios_knl_Idle_funcList__A                                      
00007860  ti_sysbios_knl_Semaphore_A_badContext__C                             
00007864  ti_sysbios_knl_Semaphore_A_noEvents__C                               
00007868  ti_sysbios_knl_Semaphore_A_overflow__C                               
0000786c  ti_sysbios_knl_Semaphore_A_pendTaskDisabled__C                       
00007870  ti_sysbios_knl_Semaphore_Instance_State_pendQ__O                     
00007874  ti_sysbios_knl_Semaphore_Module__diagsEnabled__C                     
00007878  ti_sysbios_knl_Semaphore_Module__diagsIncluded__C                    
0000787c  ti_sysbios_knl_Semaphore_Module__diagsMask__C                        
00007880  ti_sysbios_knl_Swi_Object__count__C                                  
00007884  ti_sysbios_knl_Task_A_badPriority__C                                 
00007888  ti_sysbios_knl_Task_A_badTaskState__C                                
0000788c  ti_sysbios_knl_Task_A_badThreadType__C                               
00007890  ti_sysbios_knl_Task_A_badTimeout__C                                  
00007894  ti_sysbios_knl_Task_A_noPendElem__C                                  
00007898  ti_sysbios_knl_Task_A_sleepTaskDisabled__C                           
0000789c  ti_sysbios_knl_Task_E_spOutOfBounds__C                               
000078a0  ti_sysbios_knl_Task_E_stackOverflow__C                               
000078a4  ti_sysbios_knl_Task_Module_State_inactiveQ__O                        
000078a8  ti_sysbios_knl_Task_Module__diagsEnabled__C                          
000078ac  ti_sysbios_knl_Task_Module__diagsIncluded__C                         
000078b0  ti_sysbios_knl_Task_Module__diagsMask__C                             
000078b4  ti_sysbios_knl_Task_Object__count__C                                 
000078b8  ti_sysbios_knl_Task_allBlockedFunc__C                                
000078bc  ti_sysbios_knl_Task_defaultStackHeap__C                              
000078c0  ti_sysbios_knl_Task_defaultStackSize__C                              
000078c4  ti_sysbios_knl_Task_numConstructedTasks__C                           
000078c8  xdc_runtime_Assert_E_assertFailed__C                                 
000078cc  xdc_runtime_Core_A_initializedParams__C                              
000078d0  xdc_runtime_Core_Module__diagsEnabled__C                             
000078d4  xdc_runtime_Core_Module__diagsIncluded__C                            
000078d8  xdc_runtime_Core_Module__diagsMask__C                                
000078dc  xdc_runtime_Error_E_memory__C                                        
000078e0  xdc_runtime_Error_Module__diagsEnabled__C                            
000078e4  xdc_runtime_Error_Module__diagsIncluded__C                           
000078e8  xdc_runtime_Error_Module__diagsMask__C                               
000078ec  xdc_runtime_Error_Module__loggerFxn8__C                              
000078f0  xdc_runtime_Error_Module__loggerObj__C                               
000078f4  xdc_runtime_Error_policyFxn__C                                       
000078f8  xdc_runtime_Error_raiseHook__C                                       
000078fc  xdc_runtime_IGateProvider_Interface__BASE__C                         
00007900  xdc_runtime_IHeap_Interface__BASE__C                                 
00007904  xdc_runtime_IModule_Interface__BASE__C                               
00007908  xdc_runtime_Log_L_error__C                                           
0000790c  xdc_runtime_Memory_defaultHeapInstance__C                            
00007910  xdc_runtime_Startup_execImpl__C                                      
00007914  xdc_runtime_Startup_maxPasses__C                                     
00007918  xdc_runtime_Startup_sfxnRts__C                                       
0000791c  xdc_runtime_Startup_sfxnTab__C                                       
00007920  xdc_runtime_SysMin_bufSize__C                                        
00007924  xdc_runtime_SysMin_outputFunc__C                                     
00007928  xdc_runtime_System_Module__gateObj__C                                
0000792c  xdc_runtime_System_abortFxn__C                                       
00007930  xdc_runtime_System_exitFxn__C                                        
00007934  xdc_runtime_System_extendFxn__C                                      
00007938  xdc_runtime_System_maxAtexitHandlers__C                              
0000793c  xdc_runtime_Text_charTab__C                                          
00007940  xdc_runtime_Text_nameEmpty__C                                        
00007944  xdc_runtime_Text_nameStatic__C                                       
00007948  xdc_runtime_Text_nameUnknown__C                                      
0000794c  xdc_runtime_Text_nodeTab__C                                          
00007950  xdc_runtime_Text_visitRopeFxn__C                                     
00007954  ti_sysbios_family_arm_m3_Hwi_Module__id__C                           
00007956  ti_sysbios_gates_GateMutex_Module__id__C                             
00007958  ti_sysbios_hal_Hwi_Module__id__C                                     
0000795a  ti_sysbios_heaps_HeapMem_Module__id__C                               
0000795c  ti_sysbios_knl_Semaphore_Module__id__C                               
0000795e  ti_sysbios_knl_Task_Module__id__C                                    
00007960  xdc_runtime_Core_Module__id__C                                       
00007962  xdc_runtime_Error_Module__loggerDefined__C                           
00007964  xdc_runtime_Error_maxDepth__C                                        
00007966  xdc_runtime_Memory_Module__id__C                                     
00007968  xdc_runtime_SysMin_flushAtExit__C                                    
0000796a  xdc_runtime_Text_charCnt__C                                          
0000796c  xdc_runtime_Text_isLoaded__C                                         
0000796e  xdc_runtime_Text_registryModsLastId__C                               
00007970  xdc_runtime_Text_unnamedModsLastId__C                                
00007978  __TI_static_base__                                                   
00007c9c  __TI_Handler_Table_Base                                              
00007ca4  __TI_CINIT_Base                                                      
00007ca4  __TI_Handler_Table_Limit                                             
00007cbc  __TI_CINIT_Limit                                                     
20000000  ti_sysbios_family_arm_m3_Hwi_ramVectors                              
20000360  ti_sysbios_heaps_HeapMem_Instance_State_0_buf__A                     
20000760  ti_sysbios_family_arm_m3_Hwi_dispatchTable                           
20000ac0  ti_sysbios_knl_Task_Instance_State_0_stack__A                        
20000cc0  task0Stack                                                           
20000ec0  __CIOBUF_                                                            
20001070  xdc_runtime_SysMin_Module_State_0_outbuf__A                          
200010f0  task0Struct                                                          
2000114c  ti_sysbios_knl_Swi_Module_State_0_readyQ__A                          
200011cc  ti_sysbios_knl_Task_Module_State_0_readyQ__A                         
2000124c  ti_sysbios_knl_Task_Object__table__V                                 
20001298  ti_sysbios_knl_Task_Module__state__V                                 
200012dc  ti_sysbios_family_arm_lm4_Timer_Module_State_0_device__A             
2000131c  ti_sysbios_family_arm_lm4_Timer_Object__table__V                     
2000135c  ti_sysbios_gates_GateMutex_Object__table__V                          
20001394  ti_sysbios_family_arm_m3_Hwi_Module__state__V                        
200013c8  ti_sysbios_knl_Swi_Object__table__V                                  
200013f8  ti_sysbios_knl_Clock_Module__state__V                                
20001424  ti_sysbios_BIOS_Module__state__V                                     
20001448  ti_sysbios_family_arm_lm4_Timer_Module_State_0_handles__A            
20001468  ti_sysbios_knl_Swi_Module__state__V                                  
20001484  ti_sysbios_family_arm_m3_Hwi_Object__table__V                        
2000149c  ti_sysbios_heaps_HeapMem_Object__table__V                            
200014b4  gpioPinConfigs                                                       
200014c4  __TI_cleanup_ptr                                                     
200014c8  __TI_dtors_ptr                                                       
200014cc  __TI_enable_exit_profile_output                                      
200014d0  ti_sysbios_family_arm_lm4_Timer_Module__state__V                     
200014dc  xdc_runtime_SysMin_Module__state__V                                  
200014e8  _lock                                                                
200014ec  _unlock                                                              
200014f0  gpioCallbackFunctions                                                
200014f8  ti_sysbios_family_arm_m3_Hwi_Module__root__V                         
20001500  ti_sysbios_gates_GateHwi_Module__root__V                             
20001508  ti_sysbios_gates_GateMutex_Module__root__V                           
20001510  ti_sysbios_heaps_HeapMem_Module__root__V                             
20001518  ti_sysbios_knl_Queue_Module__root__V                                 
20001520  ti_sysbios_knl_Semaphore_Module__root__V                             
20001528  ti_sysbios_knl_Task_Module__root__V                                  
20001530  xdc_runtime_Registry_Module__state__V                                
20001538  xdc_runtime_Startup_Module__state__V                                 
20001540  xdc_runtime_System_Module_State_0_atexitHandlers__A                  
20001548  xdc_runtime_System_Module__state__V                                  
20001556  ti_sysbios_family_arm_m3_Hwi_Module_State_0_excActive__A             
20001558  main_func_sp                                                         
2000155c  ti_sysbios_family_arm_m3_Hwi_Module_State_0_excContext__A            
20001560  ti_sysbios_family_arm_m3_Hwi_Module_State_0_excStack__A              
20001564  ti_sysbios_gates_GateHwi_Object__table__V                            
20001568  ti_sysbios_knl_Task_Module_State_0_idleTask__A                       
2000156c  xdc_runtime_Memory_Module__state__V                                  
20001570  xdc_runtime_Error_Module__state__V                                   
20001574  __stack                                                              
20001874  __STACK_END                                                          
e000e000  ti_sysbios_family_arm_m3_Hwi_nvic                                    
ffffffff  __TI_pprof_out_hndl                                                  
ffffffff  __TI_prof_data_size                                                  
ffffffff  __TI_prof_data_start                                                 
ffffffff  __binit__                                                            
ffffffff  __c_args__                                                           
ffffffff  binit                                                                
UNDEFED   SHT$$INIT_ARRAY$$Base                                                
UNDEFED   SHT$$INIT_ARRAY$$Limit                                               

[547 symbols]
