******************************************************************************
                  TI ARM Linker Unix v15.12.1                  
******************************************************************************
>> Linked Sun Mar 12 11:31:17 2017

OUTPUT FILE NAME:   <Lab_02.out>
ENTRY POINT SYMBOL: "_c_int00"  address: 000006a5


MEMORY CONFIGURATION

         name            origin    length      used     unused   attr    fill
----------------------  --------  ---------  --------  --------  ----  --------
  FLASH                 00000000   00100000  0000089a  000ff766  R  X
  SRAM                  20000000   00040000  0000021a  0003fde6  RW X


SEGMENT ALLOCATION MAP

run origin  load origin   length   init length attrs members
----------  ----------- ---------- ----------- ----- -------
00000000    00000000    000008a0   000008a0    r-x
  00000000    00000000    00000208   00000208    r-- .intvecs
  00000208    00000208    0000066a   0000066a    r-x .text
  00000878    00000878    00000028   00000028    r-- .cinit
20000000    20000000    0000021a   00000000    rw-
  20000000    20000000    00000200   00000000    rw- .stack
  20000200    20000200    0000001a   00000000    rw- .data


SECTION ALLOCATION MAP

 output                                  attributes/
section   page    origin      length       input sections
--------  ----  ----------  ----------   ----------------
.intvecs   0    00000000    00000208     
                  00000000    00000208     tm4c1294ncpdt_startup_ccs.obj (.intvecs)

.text      0    00000208    0000066a     
                  00000208    00000132     driverlib.lib : gpio.obj (.text:GPIOPadConfigSet)
                  0000033a    00000002     rtsv7M4_T_le_v4SPD16_eabi.lib : mpu_init.obj (.text)
                  0000033c    000000f4     driverlib.lib : sysctl.obj (.text:SysCtlClockSet)
                  00000430    0000009c     rtsv7M4_T_le_v4SPD16_eabi.lib : memcpy_t2.obj (.text)
                  000004cc    00000080     main.obj (.text)
                  0000054c    0000007a     rtsv7M4_T_le_v4SPD16_eabi.lib : memset_t2.obj (.text)
                  000005c6    00000002                                   : startup.obj (.text)
                  000005c8    00000070                                   : autoinit.obj (.text)
                  00000638    0000006a                                   : copy_decompress_rle.obj (.text)
                  000006a2    00000002     --HOLE-- [fill = 0]
                  000006a4    00000054                                   : boot.obj (.text)
                  000006f8    00000054                                   : exit.obj (.text)
                  0000074c    0000004c                                   : cpy_tbl.obj (.text)
                  00000798    00000034     driverlib.lib : sysctl.obj (.text:SysCtlPeripheralEnable)
                  000007cc    0000002a                   : gpio.obj (.text:GPIODirModeSet)
                  000007f6    00000018                   : gpio.obj (.text:GPIOPinTypeGPIOOutput)
                  0000080e    00000002     --HOLE-- [fill = 0]
                  00000810    00000018     rtsv7M4_T_le_v4SPD16_eabi.lib : args_main.obj (.text)
                  00000828    00000014                                   : _lock.obj (.text)
                  0000083c    0000000e                                   : copy_decompress_none.obj (.text:decompress:none)
                  0000084a    0000000c     tm4c1294ncpdt_startup_ccs.obj (.text)
                  00000856    00000006     driverlib.lib : gpio.obj (.text:GPIOPinRead)
                  0000085c    00000006                   : gpio.obj (.text:GPIOPinWrite)
                  00000862    00000006                   : sysctl.obj (.text:SysCtlDelay)
                  00000868    00000006     rtsv7M4_T_le_v4SPD16_eabi.lib : copy_decompress_rle.obj (.text:decompress:rle24)
                  0000086e    00000004                                   : pre_init.obj (.text)

.cinit     0    00000878    00000028     
                  00000878    00000016     (.cinit..data.load) [load image, compression = rle]
                  0000088e    00000002     --HOLE-- [fill = 0]
                  00000890    00000008     (__TI_handler_table)
                  00000898    00000008     (__TI_cinit_table)

.init_array 
*          0    00000000    00000000     UNINITIALIZED

.data      0    20000200    0000001a     UNINITIALIZED
                  20000200    0000000c     rtsv7M4_T_le_v4SPD16_eabi.lib : exit.obj (.data:$O1$$)
                  2000020c    00000008                                   : _lock.obj (.data:$O1$$)
                  20000214    00000004                                   : stkdepth_vars.obj (.data)
                  20000218    00000002     main.obj (.data)

.stack     0    20000000    00000200     UNINITIALIZED
                  20000000    00000200     --HOLE--

MODULE SUMMARY

       Module                          code   ro data   rw data
       ------                          ----   -------   -------
    ./
       tm4c1294ncpdt_startup_ccs.obj   12     520       0      
       main.obj                        128    0         2      
    +--+-------------------------------+------+---------+---------+
       Total:                          140    520       2      
                                                               
    /home/ayyappa/ti/ccsv6/tools/compiler/ti-cgt-arm_15.12.1.LTS/lib/rtsv7M4_T_le_v4SPD16_eabi.lib
       memcpy_t2.obj                   156    0         0      
       memset_t2.obj                   122    0         0      
       autoinit.obj                    112    0         0      
       copy_decompress_rle.obj         112    0         0      
       exit.obj                        84     0         12     
       boot.obj                        84     0         0      
       cpy_tbl.obj                     76     0         0      
       _lock.obj                       20     0         8      
       args_main.obj                   24     0         0      
       copy_decompress_none.obj        14     0         0      
       pre_init.obj                    4      0         0      
       stkdepth_vars.obj               0      0         4      
       mpu_init.obj                    2      0         0      
       startup.obj                     2      0         0      
    +--+-------------------------------+------+---------+---------+
       Total:                          812    0         24     
                                                               
    /home/ayyappa/ti/tivaWare/driverlib/ccs/Debug/driverlib.lib
       gpio.obj                        384    0         0      
       sysctl.obj                      302    0         0      
    +--+-------------------------------+------+---------+---------+
       Total:                          686    0         0      
                                                               
       Stack:                          0      0         512    
       Linker Generated:               0      38        0      
    +--+-------------------------------+------+---------+---------+
       Grand Total:                    1638   558       538    


LINKER GENERATED COPY TABLES

__TI_cinit_table @ 00000898 records: 1, size/record: 8, table size: 8
	.data: load addr=00000878, load size=00000016 bytes, run addr=20000200, run size=0000001a bytes, compression=rle


LINKER GENERATED HANDLER TABLE

__TI_handler_table @ 00000890 records: 2, size/record: 4, table size: 8
	index: 0, handler: __TI_decompress_rle24
	index: 1, handler: __TI_decompress_none


GLOBAL SYMBOLS: SORTED ALPHABETICALLY BY Name 

address   name                           
-------   ----                           
000006f9  C$$EXIT                        
000007cd  GPIODirModeSet                 
00000209  GPIOPadConfigSet               
00000857  GPIOPinRead                    
000007f7  GPIOPinTypeGPIOOutput          
0000085d  GPIOPinWrite                   
0000084b  ResetISR                       
UNDEFED   SHT$$INIT_ARRAY$$Base          
UNDEFED   SHT$$INIT_ARRAY$$Limit         
0000033d  SysCtlClockSet                 
00000863  SysCtlDelay                    
00000799  SysCtlPeripheralEnable         
20000200  __STACK_END                    
00000200  __STACK_SIZE                   
20000200  __STACK_TOP                    
00000898  __TI_CINIT_Base                
000008a0  __TI_CINIT_Limit               
00000890  __TI_Handler_Table_Base        
00000898  __TI_Handler_Table_Limit       
000005c9  __TI_auto_init                 
20000200  __TI_cleanup_ptr               
0000083d  __TI_decompress_none           
00000869  __TI_decompress_rle24          
20000204  __TI_dtors_ptr                 
20000208  __TI_enable_exit_profile_output
ffffffff  __TI_pprof_out_hndl            
ffffffff  __TI_prof_data_size            
ffffffff  __TI_prof_data_start           
00000000  __TI_static_base__             
0000054d  __aeabi_memclr                 
0000054d  __aeabi_memclr4                
0000054d  __aeabi_memclr8                
00000431  __aeabi_memcpy                 
00000431  __aeabi_memcpy4                
00000431  __aeabi_memcpy8                
0000054f  __aeabi_memset                 
0000054f  __aeabi_memset4                
0000054f  __aeabi_memset8                
ffffffff  __binit__                      
ffffffff  __c_args__                     
0000033b  __mpu_init                     
20000000  __stack                        
00000811  _args_main                     
000006a5  _c_int00                       
2000020c  _lock                          
00000837  _nop                           
0000082f  _register_lock                 
00000829  _register_unlock               
000005c7  _system_post_cinit             
0000086f  _system_pre_init               
20000210  _unlock                        
000006fd  abort                          
ffffffff  binit                          
0000074d  copy_in                        
0000052d  delay                          
00000705  exit                           
00000000  g_pfnVectors                   
000004e7  hardware_init                  
20000218  i16ToggleCount                 
00000509  ledToggle                      
000004cd  main                           
20000214  main_func_sp                   
00000431  memcpy                         
00000555  memset                         


GLOBAL SYMBOLS: SORTED BY Symbol Address 

address   name                           
-------   ----                           
00000000  __TI_static_base__             
00000000  g_pfnVectors                   
00000200  __STACK_SIZE                   
00000209  GPIOPadConfigSet               
0000033b  __mpu_init                     
0000033d  SysCtlClockSet                 
00000431  __aeabi_memcpy                 
00000431  __aeabi_memcpy4                
00000431  __aeabi_memcpy8                
00000431  memcpy                         
000004cd  main                           
000004e7  hardware_init                  
00000509  ledToggle                      
0000052d  delay                          
0000054d  __aeabi_memclr                 
0000054d  __aeabi_memclr4                
0000054d  __aeabi_memclr8                
0000054f  __aeabi_memset                 
0000054f  __aeabi_memset4                
0000054f  __aeabi_memset8                
00000555  memset                         
000005c7  _system_post_cinit             
000005c9  __TI_auto_init                 
000006a5  _c_int00                       
000006f9  C$$EXIT                        
000006fd  abort                          
00000705  exit                           
0000074d  copy_in                        
00000799  SysCtlPeripheralEnable         
000007cd  GPIODirModeSet                 
000007f7  GPIOPinTypeGPIOOutput          
00000811  _args_main                     
00000829  _register_unlock               
0000082f  _register_lock                 
00000837  _nop                           
0000083d  __TI_decompress_none           
0000084b  ResetISR                       
00000857  GPIOPinRead                    
0000085d  GPIOPinWrite                   
00000863  SysCtlDelay                    
00000869  __TI_decompress_rle24          
0000086f  _system_pre_init               
00000890  __TI_Handler_Table_Base        
00000898  __TI_CINIT_Base                
00000898  __TI_Handler_Table_Limit       
000008a0  __TI_CINIT_Limit               
20000000  __stack                        
20000200  __STACK_END                    
20000200  __STACK_TOP                    
20000200  __TI_cleanup_ptr               
20000204  __TI_dtors_ptr                 
20000208  __TI_enable_exit_profile_output
2000020c  _lock                          
20000210  _unlock                        
20000214  main_func_sp                   
20000218  i16ToggleCount                 
ffffffff  __TI_pprof_out_hndl            
ffffffff  __TI_prof_data_size            
ffffffff  __TI_prof_data_start           
ffffffff  __binit__                      
ffffffff  __c_args__                     
ffffffff  binit                          
UNDEFED   SHT$$INIT_ARRAY$$Base          
UNDEFED   SHT$$INIT_ARRAY$$Limit         

[64 symbols]
