******************************************************************************
                  TI ARM Linker Unix v15.12.1                  
******************************************************************************
>> Linked Sun Mar 12 21:43:44 2017

OUTPUT FILE NAME:   <Lab_05.out>
ENTRY POINT SYMBOL: "_c_int00"  address: 00004829


MEMORY CONFIGURATION

         name            origin    length      used     unused   attr    fill
----------------------  --------  ---------  --------  --------  ----  --------
  FLASH                 00000000   00100000  000087fd  000f7803  R  X
  SRAM                  20000000   00040000  000025c4  0003da3c  RW X


SEGMENT ALLOCATION MAP

run origin  load origin   length   init length attrs members
----------  ----------- ---------- ----------- ----- -------
00000000    00000000    00008804   00008804    r-x
  00000000    00000000    0000003c   0000003c    r-- .resetVecs
  00000040    00000040    00005f1a   00005f1a    r-x .text
  00005f5c    00005f5c    000024cb   000024cb    r-- .const
  00008428    00008428    000003dc   000003dc    r-- .cinit
20000000    20000000    00000360   00000000    rw-
  20000000    20000000    00000360   00000000    rw- .vecs
20000380    20000380    00002264   00000000    rw-
  20000380    20000380    000018b0   00000000    rw- .bss
  20001c30    20001c30    000005b4   00000000    rw- .data
  200021e4    200021e4    00000400   00000000    rw- .stack


SECTION ALLOCATION MAP

 output                                  attributes/
section   page    origin      length       input sections
--------  ----  ----------  ----------   ----------------
.text      0    00000040    00005f1a     
                  00000040    00000430     sysbios.aem4f : BIOS.obj (.text:ti_sysbios_family_arm_m3_Hwi_excDumpRegs__I)
                  00000470    0000034c     ti.targets.arm.rtsarm.aem4f : System.oem4f (.text:xdc_runtime_System_doPrint__I)
                  000007bc    00000324     rtsv7M4_T_le_v4SPD16_eabi.lib : trgdrv.obj (.text)
                  00000ae0    000002e4     sysbios.aem4f : BIOS.obj (.text:ti_sysbios_knl_Semaphore_pend__E)
                  00000dc4    00000204     Boot.aem4f : Boot_sysctl.oem4f (.text:ti_catalog_arm_cortexm4_tiva_ce_Boot_sysCtlClockFreqSetI__I)
                  00000fc8    000001fc     sysbios.aem4f : BIOS.obj (.text:ti_sysbios_family_arm_m3_Hwi_excHandlerMax__I)
                  000011c4    00000004     driverlib.lib : timer.obj (.text:TimerIntClear)
                  000011c8    0000017c     sysbios.aem4f : BIOS.obj (.text:ti_sysbios_family_arm_lm4_TimestampProvider_get64__E)
                  00001344    00000004     empty_pem4f.oem4f (.text:malloc)
                  00001348    00000174     sysbios.aem4f : BIOS.obj (.text:ti_sysbios_family_arm_m3_Hwi_excBusFault__I)
                  000014bc    00000004     empty_pem4f.oem4f (.text:ti_sysbios_BIOS_RtsGateProxy_enter__E)
                  000014c0    00000164     sysbios.aem4f : BIOS.obj (.text:ti_sysbios_family_arm_m3_Hwi_excUsageFault__I)
                  00001624    00000004     empty_pem4f.oem4f (.text:ti_sysbios_BIOS_RtsGateProxy_leave__E)
                  00001628    00000148     sysbios.aem4f : BIOS.obj (.text:ti_sysbios_family_arm_m3_Hwi_excMemFault__I)
                  00001770    00000144                   : BIOS.obj (.text:ti_sysbios_family_arm_m3_Hwi_dispatchC__I)
                  000018b4    00000144     ti.targets.arm.rtsarm.aem4f : HeapStd.oem4f (.text:xdc_runtime_HeapStd_alloc__E)
                  000019f8    00000140     sysbios.aem4f : BIOS.obj (.text:ti_sysbios_knl_Semaphore_post__E)
                  00001b38    00000138     empty_pem4f.oem4f (.text:ti_uia_loggers_LoggerStopMode_writeMemoryRange__E)
                  00001c70    00000134     sysbios.aem4f : BIOS.obj (.text:ti_sysbios_knl_Clock_workFunc__E)
                  00001da4    00000130     driverlib.lib : gpio.obj (.text:GPIOPadConfigSet)
                  00001ed4    00000004     sysbios.aem4f : BIOS.obj (.text:ti_sysbios_family_arm_lm4_Timer_masterEnable__I)
                  00001ed8    00000120                   : BIOS.obj (.text:ti_sysbios_family_arm_lm4_Timer_start__E)
                  00001ff8    0000011c                   : BIOS.obj (.text:ti_sysbios_knl_Swi_run__I)
                  00002114    00000118     ti.targets.arm.rtsarm.aem4f : Error.oem4f (.text:xdc_runtime_Error_policyDefault__E)
                  0000222c    0000010c     driverlib.lib : sysctl.obj (.text:SysCtlClockGet)
                  00002338    0000010c     empty_pem4f.oem4f (.text:ti_uia_loggers_LoggerStopMode_write8__E)
                  00002444    00000100     ti.targets.arm.rtsarm.aem4f : Core-mem.oem4f (.text:xdc_runtime_Core_createObject__I)
                  00002544    000000f8                                 : Startup.oem4f (.text:xdc_runtime_Startup_startMods__I)
                  0000263c    000000f8     empty_pem4f.oem4f (.text:xdc_runtime_System_printfExtend__I)
                  00002734    000000f4     sysbios.aem4f : m3_Hwi_asm.obj (.text:ti_sysbios_family_arm_m3_Hwi_dispatch__I)
                  00002828    000000f4     empty_pem4f.oem4f (.text:ti_uia_loggers_LoggerStopMode_write4__E)
                  0000291c    000000f0     driverlib.lib : sysctl.obj (.text:SysCtlClockSet)
                  00002a0c    000000e8     empty_pem4f.oem4f (.text:ti_uia_loggers_LoggerStopMode_write2__E)
                  00002af4    000000e4     empty_pem4f.oem4f (.text:ti_uia_loggers_LoggerStopMode_write1__E)
                  00002bd8    000000dc     main.obj (.text:ledToggle)
                  00002cb4    00000004     empty_pem4f.oem4f (.text:ti_sysbios_family_arm_m3_TaskSupport_Module__startupDone__S)
                  00002cb8    000000d8     sysbios.aem4f : BIOS.obj (.text:ti_sysbios_family_arm_lm4_TimestampProvider_get32__E)
                  00002d90    000000d8     empty_pem4f.oem4f (.text:ti_uia_loggers_LoggerStopMode_write0__E)
                  00002e68    000000cc     sysbios.aem4f : BIOS.obj (.text:ti_sysbios_knl_Task_schedule__I)
                  00002f34    000000cc     ti.targets.arm.rtsarm.aem4f : Core-smem.oem4f (.text:xdc_runtime_Core_constructObject__I)
                  00003000    000000cc                                 : HeapStd.oem4f (.text:xdc_runtime_HeapStd_Instance_init__E)
                  000030cc    00000004     empty_pem4f.oem4f (.text:ti_sysbios_knl_Clock_TimerProxy_getMaxTicks__E)
                  000030d0    000000bc     sysbios.aem4f : BIOS.obj (.text:ti_sysbios_family_arm_m3_Hwi_excDebugMon__I)
                  0000318c    00000004     empty_pem4f.oem4f (.text:ti_sysbios_knl_Clock_TimerProxy_getPeriod__E)
                  00003190    000000bc     sysbios.aem4f : BIOS.obj (.text:ti_sysbios_family_arm_m3_Hwi_excHardFault__I)
                  0000324c    00000004     empty_pem4f.oem4f (.text:ti_sysbios_knl_Queue_destruct)
                  00003250    000000bc     sysbios.aem4f : BIOS.obj (.text:ti_sysbios_knl_Task_startCore__E)
                  0000330c    00000004     empty_pem4f.oem4f (.text:ti_sysbios_knl_Semaphore_destruct)
                  00003310    000000bc     sysbios.aem4f : BIOS.obj (.text:ti_sysbios_utils_Load_updateLoads__E)
                  000033cc    00000004     ti.uia.loggers.aem4f : LoggerStopMode.oem4f (.text:ti_uia_loggers_LoggerStopMode_getContents__E)
                  000033d0    000000b4     sysbios.aem4f : BIOS.obj (.text:ti_sysbios_gates_GateMutex_enter__E)
                  00003484    00000004     empty_pem4f.oem4f (.text:ti_uia_loggers_LoggerStopMode_getFilterLevel__E)
                  00003488    000000b4     sysbios.aem4f : BIOS.obj (.text:ti_sysbios_knl_Task_checkStacks__E)
                  0000353c    00000004     ti.uia.loggers.aem4f : LoggerStopMode.oem4f (.text:ti_uia_loggers_LoggerStopMode_getInstanceId__E)
                  00003540    000000b0     sysbios.aem4f : BIOS.obj (.text:ti_sysbios_utils_Load_idleFxn__E)
                  000035f0    000000ac                   : BIOS.obj (.text:ti_sysbios_family_arm_lm4_Timer_enableTiva__I)
                  0000369c    00000004     ti.uia.loggers.aem4f : LoggerStopMode.oem4f (.text:ti_uia_loggers_LoggerStopMode_getMaxLength__E)
                  000036a0    000000ac     sysbios.aem4f : BIOS.obj (.text:ti_sysbios_knl_Swi_post__E)
                  0000374c    00000004     ti.uia.loggers.aem4f : LoggerStopMode.oem4f (.text:ti_uia_loggers_LoggerStopMode_getPriority__E)
                  00003750    000000a8     sysbios.aem4f : BIOS.obj (.text:ti_sysbios_knl_Task_blockI__E)
                  000037f8    000000a8     ti.targets.arm.rtsarm.aem4f : HeapStd.oem4f (.text:xdc_runtime_HeapStd_free__E)
                  000038a0    000000a0     auto_init.aem4f : auto_init.oem4f (.text)
                  00003940    000000a0     ti.targets.arm.rtsarm.aem4f : Text.oem4f (.text:xdc_runtime_Text_putMod__E)
                  000039e0    0000009c     rtsv7M4_T_le_v4SPD16_eabi.lib : memcpy_t2.obj (.text)
                  00003a7c    00000004     ti.uia.loggers.aem4f : LoggerStopMode.oem4f (.text:ti_uia_loggers_LoggerStopMode_getTransferType__E)
                  00003a80    0000009c     sysbios.aem4f : BIOS.obj (.text:ti_sysbios_knl_Semaphore_Instance_init__E)
                  00003b1c    00000004     ti.targets.arm.rtsarm.aem4f : Error.oem4f (.text:xdc_runtime_Error_getSite__E)
                  00003b20    0000009c     sysbios.aem4f : BIOS.obj (.text:ti_sysbios_knl_Task_postInit__I)
                  00003bbc    0000009a     ti.targets.arm.rtsarm.aem4f : Text.oem4f (.text:xdc_runtime_Text_putSite__E)
                  00003c56    00000002     empty_pem4f.oem4f (.text:free)
                  00003c58    00000098     Boot.aem4f : Boot.oem4f (.text:ti_catalog_arm_cortexm4_tiva_ce_Boot_sysCtlClockFreqSet__E)
                  00003cf0    00000094     sysbios.aem4f : BIOS.obj (.text:ti_sysbios_family_arm_m3_Hwi_initNVIC__E)
                  00003d84    00000004     ti.targets.arm.rtsarm.aem4f : HeapStd.oem4f (.text:xdc_runtime_HeapStd_isBlocking__E)
                  00003d88    00000094     sysbios.aem4f : BIOS.obj (.text:ti_sysbios_knl_Task_exit__E)
                  00003e1c    00000004     empty_pem4f.oem4f (.text:xdc_runtime_System_Module_GateProxy_enter__E)
                  00003e20    00000090     sysbios.aem4f : BIOS.obj (.text:ti_sysbios_knl_Task_unblockI__E)
                  00003eb0    00000090     ti.uia.loggers.aem4f : LoggerStopMode.oem4f (.text:ti_uia_loggers_LoggerStopMode_initQueueDescriptor__E)
                  00003f40    0000008c     sysbios.aem4f : BIOS.obj (.text:ti_sysbios_family_arm_lm4_Timer_enableTimers__I)
                  00003fcc    0000008c                   : m3_TaskSupport_asm.obj (.text:ti_sysbios_family_arm_m3_TaskSupport_buildTaskStack)
                  00004058    00000084                   : BIOS.obj (.text:ti_sysbios_family_arm_m3_Hwi_postInit__I)
                  000040dc    0000007a     rtsv7M4_T_le_v4SPD16_eabi.lib : memset_t2.obj (.text)
                  00004156    00000002                                   : i_div0.obj (.text)
                  00004158    00000074     ti.uia.runtime.aem4f : QueueDescriptor.oem4f (.text:ti_uia_runtime_QueueDescriptor_addToList__E)
                  000041cc    0000006d     ti.targets.arm.rtsarm.aem4f : System.oem4f (.text:xdc_runtime_System_formatNum__I)
                  00004239    00000001     --HOLE-- [fill = 0]
                  0000423a    00000006     driverlib.lib : gpio.obj (.text:GPIOPinRead)
                  00004240    0000006c     sysbios.aem4f : BIOS.obj (.text:ti_sysbios_knl_Swi_restoreHwi__E)
                  000042ac    0000006c     ti.targets.arm.rtsarm.aem4f : Error.oem4f (.text:xdc_runtime_Error_print__E)
                  00004318    0000006c                                 : Memory.oem4f (.text:xdc_runtime_Memory_alloc__E)
                  00004384    0000006a     rtsv7M4_T_le_v4SPD16_eabi.lib : copy_decompress_rle.obj (.text)
                  000043ee    00000002     empty_pem4f.oem4f (.text:ti_sysbios_BIOS_nullFunc__I)
                  000043f0    00000068     rtsv7M4_T_le_v4SPD16_eabi.lib : trgmsg.obj (.text)
                  00004458    00000066     ti.uia.loggers.aem4f : LoggerStopMode.oem4f (.text:ti_uia_loggers_LoggerStopMode_flush__E)
                  000044be    00000066     ti.targets.arm.rtsarm.aem4f : Core-mem.oem4f (.text:xdc_runtime_Core_deleteObject__I)
                  00004524    00000064     main.obj (.text:hardware_init)
                  00004588    00000064     sysbios.aem4f : BIOS.obj (.text:ti_sysbios_family_arm_lm4_Timer_Module_startup__E)
                  000045ec    00000060     driverlib.lib : timer.obj (.text:TimerConfigure)
                  0000464c    00000004     empty_pem4f.oem4f (.text:xdc_runtime_System_Module_GateProxy_leave__E)
                  00004650    00000060     sysbios.aem4f : BIOS.obj (.text:ti_sysbios_knl_Clock_logTick__E)
                  000046b0    00000060                   : BIOS.obj (.text:ti_sysbios_utils_Load_logCPULoad__I)
                  00004710    0000005c                   : BIOS.obj (.text:ti_sysbios_knl_Swi_schedule__I)
                  0000476c    00000004     ti.targets.arm.rtsarm.aem4f : System.oem4f (.text:xdc_runtime_System_aprintf_va__F)
                  00004770    0000005c     sysbios.aem4f : BIOS.obj (.text:ti_sysbios_knl_Task_Module_startup__E)
                  000047cc    0000005b     ti.targets.arm.rtsarm.aem4f : Text.oem4f (.text:xdc_runtime_Text_putLab__E)
                  00004827    00000001     --HOLE-- [fill = 0]
                  00004828    00000058     boot.aem4f : boot.oem4f (.text)
                  00004880    00000058     sysbios.aem4f : m3_Hwi_asm_switch.obj (.text:ti_sysbios_family_arm_m3_Hwi_initStacks__E)
                  000048d8    00000058     empty_pem4f.oem4f (.text:xdc_runtime_HeapStd_Object__create__S)
                  00004930    00000054     rtsv7M4_T_le_v4SPD16_eabi.lib : exit.obj (.text)
                  00004984    00000054     ti.targets.arm.rtsarm.aem4f : Assert.oem4f (.text:xdc_runtime_Assert_raise__I)
                  000049d8    00000050     Boot.aem4f : Boot_sysctl.oem4f (.text:_SysCtlFrequencyGet)
                  00004a28    00000050     sysbios.aem4f : BIOS.obj (.text:ti_sysbios_family_arm_m3_Hwi_Module_startup__E)
                  00004a78    00000050     ti.targets.arm.rtsarm.aem4f : Startup.oem4f (.text:xdc_runtime_Startup_exec__E)
                  00004ac8    00000050                                 : Text.oem4f (.text:xdc_runtime_Text_visitRope2__I)
                  00004b18    0000004c     rtsv7M4_T_le_v4SPD16_eabi.lib : cpy_tbl.obj (.text)
                  00004b64    00000004     ti.targets.arm.rtsarm.aem4f : System.oem4f (.text:xdc_runtime_System_printf_va__F)
                  00004b68    0000004c     sysbios.aem4f : BIOS.obj (.text:ti_sysbios_knl_Swi_runLoop__I)
                  00004bb4    00000002     empty_pem4f.oem4f (.text:ti_uia_loggers_LoggerStopMode_setFilterLevel__E)
                  00004bb6    00000002     ti.uia.loggers.aem4f : LoggerStopMode.oem4f (.text:ti_uia_loggers_LoggerStopMode_setPriority__E)
                  00004bb8    0000004c     sysbios.aem4f : BIOS.obj (.text:ti_sysbios_knl_Task_allBlockedFunction__I)
                  00004c04    0000004c     ti.uia.loggers.aem4f : LoggerStopMode.oem4f (.text:ti_uia_loggers_LoggerStopMode_Module_startup__E)
                  00004c50    00000048     sysbios.aem4f : BIOS.obj (.text:ti_sysbios_family_arm_m3_Hwi_disableInterrupt__E)
                  00004c98    00000048                   : BIOS.obj (.text:ti_sysbios_family_arm_m3_Hwi_enableInterrupt__E)
                  00004ce0    00000048                   : BIOS.obj (.text:ti_sysbios_family_arm_m3_Hwi_excReserved__I)
                  00004d28    00000046     ti.targets.arm.rtsarm.aem4f : Core-params.oem4f (.text:xdc_runtime_Core_assignParams__I)
                  00004d6e    00000002     empty_pem4f.oem4f (.text:xdc_runtime_Startup_reset__I)
                  00004d70    00000044     sysbios.aem4f : BIOS.obj (.text:ti_sysbios_family_arm_lm4_Timer_isrStub__E)
                  00004db4    00000004     --HOLE-- [fill = 0]
                  00004db8    00000044                   : BIOS.obj (.text:ti_sysbios_family_arm_m3_Hwi_getStackInfo__E)
                  00004dfc    00000044     ti.uia.loggers.aem4f : LoggerStopMode.oem4f (.text:ti_uia_loggers_LoggerStopMode_initBuffer__I)
                  00004e40    00000044     ti.targets.arm.rtsarm.aem4f : Error.oem4f (.text:xdc_runtime_Error_setX__E)
                  00004e84    00000044                                 : SysMin.oem4f (.text:xdc_runtime_SysMin_flush__E)
                  00004ec8    00000044                                 : Text.oem4f (.text:xdc_runtime_Text_xprintf__I)
                  00004f0c    00000040     rtsv7M4_T_le_v4SPD16_eabi.lib : u_divt2.obj (.text)
                  00004f4c    00000004     --HOLE-- [fill = 0]
                  00004f50    00000040     sysbios.aem4f : BIOS.obj (.text:ti_sysbios_family_arm_lm4_Timer_startup__E)
                  00004f90    0000003c                   : BIOS.obj (.text:ti_sysbios_family_arm_m3_Hwi_excSvCall__I)
                  00004fcc    00000004     --HOLE-- [fill = 0]
                  00004fd0    0000003c                   : BIOS.obj (.text:ti_sysbios_knl_Swi_restore__E)
                  0000500c    00000004     --HOLE-- [fill = 0]
                  00005010    00000038                   : BIOS.obj (.text:ti_sysbios_family_arm_m3_Hwi_excNoIsr__I)
                  00005048    00000038                   : BIOS.obj (.text:ti_sysbios_knl_Task_processVitalTaskFlag__I)
                  00005080    00000038     ti.targets.arm.rtsarm.aem4f : SysMin.oem4f (.text:xdc_runtime_SysMin_putch__E)
                  000050b8    00000038                                 : System.oem4f (.text:xdc_runtime_System_atexit__E)
                  000050f0    00000034     driverlib.lib : sysctl.obj (.text:SysCtlPeripheralEnable)
                  00005124    00000004     --HOLE-- [fill = 0]
                  00005128    00000034     sysbios.aem4f : BIOS.obj (.text:ti_sysbios_family_arm_m3_Hwi_excNmi__I)
                  0000515c    00000004     --HOLE-- [fill = 0]
                  00005160    00000034                   : BIOS.obj (.text:ti_sysbios_hal_Hwi_checkStack)
                  00005194    00000034     ti.uia.loggers.aem4f : LoggerStopMode.oem4f (.text:ti_uia_loggers_LoggerStopMode_reset__E)
                  000051c8    00000034     ti.targets.arm.rtsarm.aem4f : Core-label.oem4f (.text:xdc_runtime_Core_assignLabel__I)
                  000051fc    00000033                                 : Text.oem4f (.text:xdc_runtime_Text_printVisFxn__I)
                  0000522f    00000001     --HOLE-- [fill = 0]
                  00005230    00000032     sysbios.aem4f : BIOS.obj (.text:ti_sysbios_hal_Hwi_initStack)
                  00005262    00000006     driverlib.lib : gpio.obj (.text:GPIOPinWrite)
                  00005268    00000032     sysbios.aem4f : BIOS.obj (.text:ti_sysbios_knl_Semaphore_pendTimeout__I)
                  0000529a    00000002     --HOLE-- [fill = 0]
                  0000529c    00000030     empty_pem4f.oem4f (.text:ti_sysbios_BIOS_atExitFunc__I)
                  000052cc    00000004     --HOLE-- [fill = 0]
                  000052d0    00000030     sysbios.aem4f : BIOS.obj (.text:ti_sysbios_family_arm_lm4_Timer_stop__E)
                  00005300    00000030                   : BIOS.obj (.text:ti_sysbios_family_arm_m3_TaskSupport_start__E)
                  00005330    00000030     empty_pem4f.oem4f (.text:ti_sysbios_gates_GateHwi_Object__create__S)
                  00005360    00000030     empty_pem4f.oem4f (.text:ti_sysbios_gates_GateMutex_Object__create__S)
                  00005390    00000030     empty_pem4f.oem4f (.text:ti_sysbios_knl_Semaphore_construct)
                  000053c0    00000030     sysbios.aem4f : BIOS.obj (.text:ti_sysbios_utils_Load_updateCurrentThreadTime__E)
                  000053f0    00000030     empty_pem4f.oem4f (.text:ti_uia_loggers_LoggerStopMode_Object__create__S)
                  00005420    00000030     ti.targets.arm.rtsarm.aem4f : SysMin.oem4f (.text:xdc_runtime_SysMin_abort__E)
                  00005450    00000030                                 : System.oem4f (.text:xdc_runtime_System_processAtExit__E)
                  00005480    0000002c     empty_pem4f.oem4f (.text:ti_sysbios_knl_Clock_doTick__I)
                  000054ac    0000002c     empty_pem4f.oem4f (.text:ti_sysbios_knl_Queue_construct)
                  000054d8    0000002c     sysbios.aem4f : BIOS.obj (.text:ti_sysbios_knl_Task_restore__E)
                  00005504    0000002c     ti.targets.arm.rtsarm.aem4f : Text.oem4f (.text:xdc_runtime_Text_cordText__E)
                  00005530    0000002a     driverlib.lib : gpio.obj (.text:GPIODirModeSet)
                  0000555a    0000002a     ti.targets.arm.rtsarm.aem4f : System.oem4f (.text:xdc_runtime_System_putchar__I)
                  00005584    00000004     --HOLE-- [fill = 0]
                  00005588    00000028     sysbios.aem4f : BIOS.obj (.text:ti_sysbios_knl_Swi_Module_startup__E)
                  000055b0    00000026                   : m3_Hwi_asm.obj (.text:ti_sysbios_family_arm_m3_Hwi_pendSV__I)
                  000055d6    00000026     ti.targets.arm.rtsarm.aem4f : System.oem4f (.text:xdc_runtime_System_avprintf__E)
                  000055fc    00000024     empty_pem4f.oem4f (.text:ti_sysbios_BIOS_errorRaiseHook__I)
                  00005620    00000024     empty_pem4f.oem4f (.text:ti_sysbios_BIOS_registerRTSLock__I)
                  00005644    00000024     empty_pem4f.oem4f (.text:ti_sysbios_BIOS_removeRTSLock__I)
                  00005668    00000024     empty_pem4f.oem4f (.text:ti_sysbios_BIOS_startFunc__I)
                  0000568c    00000024     empty_pem4f.oem4f (.text:ti_sysbios_gates_GateMutex_Object__delete__S)
                  000056b0    00000024     sysbios.aem4f : BIOS.obj (.text:ti_sysbios_knl_Clock_Module_startup__E)
                  000056d4    00000004     --HOLE-- [fill = 0]
                  000056d8    00000024                   : BIOS.obj (.text:ti_sysbios_knl_Task_restoreHwi__E)
                  000056fc    00000024     ti.targets.arm.rtsarm.aem4f : System.oem4f (.text:xdc_runtime_System_vprintf__E)
                  00005720    00000022     sysbios.aem4f : BIOS.obj (.text:ti_sysbios_family_arm_lm4_Timer_write__I)
                  00005742    00000022     empty_pem4f.oem4f (.text:xdc_runtime_SysMin_output__I)
                  00005764    00000020     Boot.aem4f : Boot_sysctl.oem4f (.text:_SysCtlMemTimingGet)
                  00005784    00000020     empty_pem4f.oem4f (.text:ti_sysbios_BIOS_rtsLock__I)
                  000057a4    00000020     sysbios.aem4f : m3_Hwi_asm.obj (.text:ti_sysbios_family_arm_m3_Hwi_excHandlerAsm__I)
                  000057c4    00000004     --HOLE-- [fill = 0]
                  000057c8    00000020                   : BIOS.obj (.text:ti_sysbios_family_arm_m3_Hwi_excHandler__I)
                  000057e8    00000020     empty_pem4f.oem4f (.text:ti_sysbios_gates_GateHwi_Object__delete__S)
                  00005808    00000020     sysbios.aem4f : BIOS.obj (.text:ti_sysbios_knl_Idle_run__E)
                  00005828    00000020     empty_pem4f.oem4f (.text:ti_sysbios_knl_Semaphore_Object__destruct__S)
                  00005848    00000020     empty_pem4f.oem4f (.text:ti_uia_loggers_LoggerStopMode_Object__delete__S)
                  00005868    00000020     ti.targets.arm.rtsarm.aem4f : Registry.oem4f (.text:xdc_runtime_Registry_findById__E)
                  00005888    00000020                                 : SysMin.oem4f (.text:xdc_runtime_SysMin_Module_startup__E)
                  000058a8    0000001e     sysbios.aem4f : m3_Hwi_asm_switch.obj (.text:ti_sysbios_family_xxx_Hwi_switchAndRunFunc)
                  000058c6    00000002     --HOLE-- [fill = 0]
                  000058c8    0000001c                   : BIOS.obj (.text:ti_sysbios_gates_GateMutex_Instance_init__E)
                  000058e4    0000001c     empty_pem4f.oem4f (.text:ti_sysbios_knl_Queue_Object__destruct__S)
                  00005900    0000001c     sysbios.aem4f : BIOS.obj (.text:ti_sysbios_knl_Queue_put__E)
                  0000591c    00000004     --HOLE-- [fill = 0]
                  00005920    0000001c                   : BIOS.obj (.text:ti_sysbios_knl_Task_enter__I)
                  0000593c    0000001c     ti.uia.loggers.aem4f : LoggerStopMode.oem4f (.text:ti_uia_loggers_LoggerStopMode_Instance_init__E)
                  00005958    0000001c     ti.targets.arm.rtsarm.aem4f : Error.oem4f (.text:xdc_runtime_Error_raiseX__E)
                  00005974    0000001c     empty_pem4f.oem4f (.text:xdc_runtime_HeapStd_Object__delete__S)
                  00005990    0000001c     ti.targets.arm.rtsarm.aem4f : Memory.oem4f (.text:xdc_runtime_Memory_valloc__E)
                  000059ac    0000001c                                 : SysMin.oem4f (.text:xdc_runtime_SysMin_exit__E)
                  000059c8    0000001c                                 : System.oem4f (.text:xdc_runtime_System_abort__E)
                  000059e4    0000001a     empty_pem4f.oem4f (.text:ti_sysbios_family_arm_m3_Hwi_Handle__label__S)
                  000059fe    0000001a     empty_pem4f.oem4f (.text:ti_sysbios_gates_GateHwi_Handle__label__S)
                  00005a18    0000001a     empty_pem4f.oem4f (.text:ti_sysbios_gates_GateMutex_Handle__label__S)
                  00005a32    0000001a     empty_pem4f.oem4f (.text:ti_sysbios_knl_Swi_Handle__label__S)
                  00005a4c    0000001a     empty_pem4f.oem4f (.text:ti_sysbios_knl_Task_Handle__label__S)
                  00005a66    0000001a     empty_pem4f.oem4f (.text:ti_uia_loggers_LoggerStopMode_Handle__label__S)
                  00005a80    0000001a     empty_pem4f.oem4f (.text:xdc_runtime_HeapStd_Handle__label__S)
                  00005a9a    0000001a     empty_pem4f.oem4f (.text:xdc_runtime_System_aprintf__E)
                  00005ab4    0000001a     empty_pem4f.oem4f (.text:xdc_runtime_System_printf__E)
                  00005ace    00000018     driverlib.lib : gpio.obj (.text:GPIOPinTypeGPIOOutput)
                  00005ae6    00000002     --HOLE-- [fill = 0]
                  00005ae8    00000018     rtsv7M4_T_le_v4SPD16_eabi.lib : args_main.obj (.text)
                  00005b00    00000018     empty_pem4f.oem4f (.text:ti_sysbios_BIOS_rtsUnlock__I)
                  00005b18    00000018     empty_pem4f.oem4f (.text:ti_sysbios_family_arm_lm4_Timer_Module__startupDone__F)
                  00005b30    00000018     empty_pem4f.oem4f (.text:ti_sysbios_family_arm_m3_Hwi_Module__startupDone__F)
                  00005b48    00000018     sysbios.aem4f : m3_TaskSupport_asm.obj (.text:ti_sysbios_family_arm_m3_TaskSupport_swap__E)
                  00005b60    00000018                   : BIOS.obj (.text:ti_sysbios_gates_GateMutex_leave__E)
                  00005b78    00000018     ti.targets.arm.rtsarm.aem4f : Error.oem4f (.text:xdc_runtime_Error_check__E)
                  00005b90    00000018                                 : System.oem4f (.text:xdc_runtime_System_exit__E)
                  00005ba8    00000018                                 : Text.oem4f (.text:xdc_runtime_Text_ropeText__E)
                  00005bc0    00000016     empty_pem4f.oem4f (.text:ti_sysbios_BIOS_exitFunc__I)
                  00005bd6    00000016     ti.uia.loggers.aem4f : LoggerStopMode.oem4f (.text:ti_uia_loggers_LoggerStopMode_disable__E)
                  00005bec    00000016                          : LoggerStopMode.oem4f (.text:ti_uia_loggers_LoggerStopMode_enable__E)
                  00005c02    00000002     --HOLE-- [fill = 0]
                  00005c04    00000014     rtsv7M4_T_le_v4SPD16_eabi.lib : _lock.obj (.text)
                  00005c18    00000014                                   : strcpy.obj (.text)
                  00005c2c    00000014                                   : strlen.obj (.text)
                  00005c40    00000014     empty_pem4f.oem4f (.text:ti_sysbios_family_arm_m3_Hwi_Object__get__S)
                  00005c54    00000004     --HOLE-- [fill = 0]
                  00005c58    00000014     sysbios.aem4f : BIOS.obj (.text:ti_sysbios_family_arm_m3_Hwi_switchFromBootStack__E)
                  00005c6c    00000014     empty_pem4f.oem4f (.text:ti_sysbios_knl_Swi_Object__get__S)
                  00005c80    00000012     driverlib.lib : timer.obj (.text:TimerLoadSet)
                  00005c92    00000006                   : sysctl.obj (.text:SysCtlDelay)
                  00005c98    00000012     sysbios.aem4f : BIOS.obj (.text:ti_sysbios_hal_Hwi_Module_startup__E)
                  00005caa    00000012     empty_pem4f.oem4f (.text:xdc_runtime_Startup_exec__I)
                  00005cbc    00000010     empty_pem4f.oem4f (.text:.bootCodeSection:ti_catalog_arm_cortexm4_tiva_ce_Boot_init__I)
                  00005ccc    00000004     --HOLE-- [fill = 0]
                  00005cd0    00000010     sysbios.aem4f : BIOS.obj (.text:ti_sysbios_BIOS_getCpuFreq__E)
                  00005ce0    00000010                   : BIOS.obj (.text:ti_sysbios_BIOS_setThreadType__E)
                  00005cf0    00000010                   : BIOS.obj (.text:ti_sysbios_BIOS_start__E)
                  00005d00    00000010                   : BIOS.obj (.text:ti_sysbios_family_arm_lm4_TimestampProvider_rolloverFunc__E)
                  00005d10    00000010                   : m3_TaskSupport_asm.obj (.text:ti_sysbios_family_arm_m3_TaskSupport_glue)
                  00005d20    00000010                   : BIOS.obj (.text:ti_sysbios_gates_GateMutex_Instance_finalize__E)
                  00005d30    00000010                   : BIOS.obj (.text:ti_sysbios_knl_Semaphore_Instance_finalize__E)
                  00005d40    00000010                   : BIOS.obj (.text:ti_sysbios_knl_Swi_disable__E)
                  00005d50    00000010     empty_pem4f.oem4f (.text:ti_sysbios_knl_Task_Object__get__S)
                  00005d60    00000010     sysbios.aem4f : BIOS.obj (.text:ti_sysbios_knl_Task_disable__E)
                  00005d70    00000010     empty_pem4f.oem4f (.text:ti_uia_loggers_LoggerStopMode_Object__get__S)
                  00005d80    00000010     ti.uia.loggers.aem4f : LoggerStopMode.oem4f (.text:ti_uia_loggers_LoggerStopMode_isEmpty__E)
                  00005d90    00000010     ti.targets.arm.rtsarm.aem4f : Gate.oem4f (.text:xdc_runtime_Gate_leaveSystem__E)
                  00005da0    00000010                                 : Memory.oem4f (.text:xdc_runtime_Memory_free__E)
                  00005db0    00000010                                 : SysMin.oem4f (.text:xdc_runtime_SysMin_ready__E)
                  00005dc0    00000010                                 : System.oem4f (.text:xdc_runtime_System_vsnprintf__E)
                  00005dd0    00000010     empty_pem4f.oem4f (.text:xdc_runtime_Text_visitRope__I)
                  00005de0    0000000e     driverlib.lib : timer.obj (.text:TimerEnable)
                  00005dee    0000000e     rtsv7M4_T_le_v4SPD16_eabi.lib : copy_decompress_none.obj (.text:decompress:none)
                  00005dfc    00000004     --HOLE-- [fill = 0]
                  00005e00    0000000e     sysbios.aem4f : BIOS.obj (.text:ti_sysbios_knl_Idle_loop__E)
                  00005e0e    00000002     --HOLE-- [fill = 0]
                  00005e10    0000000e                   : BIOS.obj (.text:ti_sysbios_knl_Queue_empty__E)
                  00005e1e    0000000e     ti.targets.arm.rtsarm.aem4f : HeapStd.oem4f (.text:xdc_runtime_HeapStd_getStats__E)
                  00005e2c    0000000c     main.obj (.text:main)
                  00005e38    0000000c     sysbios.aem4f : BIOS.obj (.text:ti_sysbios_family_arm_lm4_Timer_getMaxTicks__E)
                  00005e44    00000004     --HOLE-- [fill = 0]
                  00005e48    0000000c                   : BIOS.obj (.text:ti_sysbios_family_arm_lm4_TimestampProvider_startTimer__E)
                  00005e54    00000004     --HOLE-- [fill = 0]
                  00005e58    0000000c                   : BIOS.obj (.text:ti_sysbios_family_arm_m3_Hwi_disableFxn__E)
                  00005e64    00000004     --HOLE-- [fill = 0]
                  00005e68    0000000c                   : BIOS.obj (.text:ti_sysbios_family_arm_m3_TaskSupport_checkStack__E)
                  00005e74    00000004     --HOLE-- [fill = 0]
                  00005e78    0000000c                   : BIOS.obj (.text:ti_sysbios_gates_GateHwi_enter__E)
                  00005e84    0000000c     empty_pem4f.oem4f (.text:ti_sysbios_knl_Queue_Object__get__S)
                  00005e90    0000000c     ti.targets.arm.rtsarm.aem4f : Error.oem4f (.text:xdc_runtime_Error_init__E)
                  00005e9c    0000000c                                 : Gate.oem4f (.text:xdc_runtime_Gate_enterSystem__E)
                  00005ea8    0000000c                                 : Memory.oem4f (.text:xdc_runtime_Memory_calloc__E)
                  00005eb4    0000000c                                 : Memory.oem4f (.text:xdc_runtime_Memory_getMaxDefaultTypeAlign__E)
                  00005ec0    0000000a     empty_pem4f.oem4f (.text:xdc_runtime_IHeap_alloc)
                  00005eca    0000000a     empty_pem4f.oem4f (.text:xdc_runtime_IHeap_free)
                  00005ed4    00000008     driverlib.lib : timer.obj (.text:TimerIntEnable)
                  00005edc    00000008     sysbios.aem4f : BIOS.obj (.text:ti_sysbios_family_arm_lm4_Timer_masterDisable__I)
                  00005ee4    00000004     --HOLE-- [fill = 0]
                  00005ee8    00000008                   : BIOS.obj (.text:ti_sysbios_family_arm_m3_Hwi_doSwiRestore__I)
                  00005ef0    00000008                   : BIOS.obj (.text:ti_sysbios_family_arm_m3_Hwi_startup__E)
                  00005ef8    00000006     rtsv7M4_T_le_v4SPD16_eabi.lib : copy_decompress_rle.obj (.text:decompress:rle24)
                  00005efe    00000002     --HOLE-- [fill = 0]
                  00005f00    00000006     sysbios.aem4f : BIOS.obj (.text:ti_sysbios_family_arm_lm4_TimestampProvider_Module_startup__E)
                  00005f06    00000002     --HOLE-- [fill = 0]
                  00005f08    00000006                   : BIOS.obj (.text:ti_sysbios_family_arm_m3_Hwi_doTaskRestore__I)
                  00005f0e    00000002     --HOLE-- [fill = 0]
                  00005f10    00000006                   : BIOS.obj (.text:ti_sysbios_family_arm_m3_Hwi_restoreFxn__E)
                  00005f16    00000002     --HOLE-- [fill = 0]
                  00005f18    00000006                   : BIOS.obj (.text:ti_sysbios_gates_GateHwi_leave__E)
                  00005f1e    00000002     --HOLE-- [fill = 0]
                  00005f20    00000006                   : BIOS.obj (.text:ti_sysbios_knl_Queue_Instance_init__E)
                  00005f26    00000002     --HOLE-- [fill = 0]
                  00005f28    00000006                   : BIOS.obj (.text:ti_sysbios_knl_Swi_startup__E)
                  00005f2e    00000006     ti.targets.arm.rtsarm.aem4f : System.oem4f (.text:xdc_runtime_System_Module_startup__E)
                  00005f34    00000004     --HOLE-- [fill = 0]
                  00005f38    00000004     sysbios.aem4f : BIOS.obj (.text:ti_sysbios_family_arm_lm4_Timer_getPeriod__E)
                  00005f3c    00000004     --HOLE-- [fill = 0]
                  00005f40    00000004                   : BIOS.obj (.text:ti_sysbios_gates_GateHwi_query__E)
                  00005f44    00000004     --HOLE-- [fill = 0]
                  00005f48    00000004                   : BIOS.obj (.text:ti_sysbios_gates_GateMutex_query__E)
                  00005f4c    00000004     --HOLE-- [fill = 0]
                  00005f50    00000004                   : BIOS.obj (.text:ti_sysbios_knl_Task_startup__E)
                  00005f54    00000004     --HOLE-- [fill = 0]
                  00005f58    00000002                   : BIOS.obj (.text:ti_sysbios_gates_GateHwi_Instance_init__E)

.const     0    00005f5c    000024cb     
                  00005f5c    00001c08     empty_pem4f.oem4f (.const:xdc_runtime_Text_charTab__A)
                  00007b64    00000120     Boot.aem4f : Boot_sysctl.oem4f (.const:g_pppui32XTALtoVCO)
                  00007c84    000000fc     empty_pem4f.oem4f (.const:xdc_runtime_Text_nodeTab__A)
                  00007d80    0000006c     Boot.aem4f : Boot_sysctl.oem4f (.const:g_pui32Xtals)
                  00007dec    0000006c     driverlib.lib : sysctl.obj (.const:g_pui32Xtals)
                  00007e58    00000060     empty_pem4f.oem4f (.const:ti_uia_loggers_LoggerStopMode_Module__FXNS__C)
                  00007eb8    00000048     empty_pem4f.oem4f (.const:.string)
                  00007f00    00000030     Boot.aem4f : Boot_sysctl.oem4f (.const:g_sXTALtoMEMTIM)
                  00007f30    00000028     empty_pem4f.oem4f (.const:ti_uia_loggers_LoggerStopMode_Object__PARAMS__C)
                  00007f58    00000028     empty_pem4f.oem4f (.const:xdc_runtime_HeapStd_Module__FXNS__C)
                  00007f80    00000028     empty_pem4f.oem4f (.const:xdc_runtime_Startup_sfxnTab__A)
                  00007fa8    00000024     empty_pem4f.oem4f (.const:ti_sysbios_gates_GateHwi_Module__FXNS__C)
                  00007fcc    00000024     empty_pem4f.oem4f (.const:ti_sysbios_gates_GateMutex_Module__FXNS__C)
                  00007ff0    00000024     empty_pem4f.oem4f (.const:ti_sysbios_knl_Semaphore_Object__PARAMS__C)
                  00008014    00000020     empty_pem4f.oem4f (.const:ti_sysbios_gates_GateHwi_Object__DESC__C)
                  00008034    00000020     empty_pem4f.oem4f (.const:ti_sysbios_gates_GateMutex_Object__DESC__C)
                  00008054    00000020     empty_pem4f.oem4f (.const:ti_sysbios_knl_Queue_Object__DESC__C)
                  00008074    00000020     empty_pem4f.oem4f (.const:ti_sysbios_knl_Semaphore_Object__DESC__C)
                  00008094    00000020     empty_pem4f.oem4f (.const:ti_uia_loggers_LoggerStopMode_Object__DESC__C)
                  000080b4    00000020     empty_pem4f.oem4f (.const:xdc_runtime_HeapStd_Object__DESC__C)
                  000080d4    0000001c     empty_pem4f.oem4f (.const:xdc_runtime_HeapStd_Object__PARAMS__C)
                  000080f0    00000018     empty_pem4f.oem4f (.const:ti_sysbios_gates_GateHwi_Object__PARAMS__C)
                  00008108    00000018     empty_pem4f.oem4f (.const:ti_sysbios_gates_GateMutex_Object__PARAMS__C)
                  00008120    00000018     empty_pem4f.oem4f (.const:ti_sysbios_knl_Queue_Object__PARAMS__C)
                  00008138    00000014     empty_pem4f.oem4f (.const:xdc_runtime_Startup_sfxnRts__A)
                  0000814c    00000010     empty_pem4f.oem4f (.const:xdc_runtime_Startup_firstFxns__A)
                  0000815c    00000008     Boot.aem4f : Boot_sysctl.oem4f (.const)
                  00008164    00000008     empty_pem4f.oem4f (.const:ti_sysbios_family_arm_m3_Hwi_excHookFuncs__A)
                  0000816c    00000008     empty_pem4f.oem4f (.const:ti_sysbios_knl_Idle_funcList__A)
                  00008174    00000008     empty_pem4f.oem4f (.const:ti_sysbios_knl_Idle_funcList__C)
                  0000817c    00000008     empty_pem4f.oem4f (.const:xdc_runtime_Startup_firstFxns__C)
                  00008184    00000008     empty_pem4f.oem4f (.const:xdc_runtime_Startup_lastFxns__C)
                  0000818c    00000004     empty_pem4f.oem4f (.const:ti_catalog_arm_cortexm4_tiva_ce_Boot_A_mustNotUseEnhancedClockMode__C)
                  00008190    00000004     empty_pem4f.oem4f (.const:ti_catalog_arm_cortexm4_tiva_ce_Boot_Module__diagsEnabled__C)
                  00008194    00000004     empty_pem4f.oem4f (.const:ti_catalog_arm_cortexm4_tiva_ce_Boot_Module__diagsIncluded__C)
                  00008198    00000004     empty_pem4f.oem4f (.const:ti_catalog_arm_cortexm4_tiva_ce_Boot_Module__diagsMask__C)
                  0000819c    00000004     empty_pem4f.oem4f (.const:ti_sysbios_family_arm_lm4_Timer_enableFunc__C)
                  000081a0    00000004     empty_pem4f.oem4f (.const:ti_sysbios_family_arm_lm4_Timer_numTimerDevices__C)
                  000081a4    00000004     empty_pem4f.oem4f (.const:ti_sysbios_family_arm_lm4_Timer_startupNeeded__C)
                  000081a8    00000004     empty_pem4f.oem4f (.const:ti_sysbios_family_arm_m3_Hwi_E_NMI__C)
                  000081ac    00000004     empty_pem4f.oem4f (.const:ti_sysbios_family_arm_m3_Hwi_E_busFault__C)
                  000081b0    00000004     empty_pem4f.oem4f (.const:ti_sysbios_family_arm_m3_Hwi_E_debugMon__C)
                  000081b4    00000004     empty_pem4f.oem4f (.const:ti_sysbios_family_arm_m3_Hwi_E_hardFault__C)
                  000081b8    00000004     empty_pem4f.oem4f (.const:ti_sysbios_family_arm_m3_Hwi_E_memFault__C)
                  000081bc    00000004     empty_pem4f.oem4f (.const:ti_sysbios_family_arm_m3_Hwi_E_noIsr__C)
                  000081c0    00000004     empty_pem4f.oem4f (.const:ti_sysbios_family_arm_m3_Hwi_E_reserved__C)
                  000081c4    00000004     empty_pem4f.oem4f (.const:ti_sysbios_family_arm_m3_Hwi_E_svCall__C)
                  000081c8    00000004     empty_pem4f.oem4f (.const:ti_sysbios_family_arm_m3_Hwi_E_usageFault__C)
                  000081cc    00000004     empty_pem4f.oem4f (.const:ti_sysbios_family_arm_m3_Hwi_LD_end__C)
                  000081d0    00000004     empty_pem4f.oem4f (.const:ti_sysbios_family_arm_m3_Hwi_LM_begin__C)
                  000081d4    00000004     empty_pem4f.oem4f (.const:ti_sysbios_family_arm_m3_Hwi_Module__diagsEnabled__C)
                  000081d8    00000004     empty_pem4f.oem4f (.const:ti_sysbios_family_arm_m3_Hwi_Module__diagsIncluded__C)
                  000081dc    00000004     empty_pem4f.oem4f (.const:ti_sysbios_family_arm_m3_Hwi_Module__diagsMask__C)
                  000081e0    00000004     empty_pem4f.oem4f (.const:ti_sysbios_family_arm_m3_Hwi_Module__loggerFxn1__C)
                  000081e4    00000004     empty_pem4f.oem4f (.const:ti_sysbios_family_arm_m3_Hwi_Module__loggerFxn8__C)
                  000081e8    00000004     empty_pem4f.oem4f (.const:ti_sysbios_family_arm_m3_Hwi_Module__loggerObj__C)
                  000081ec    00000004     empty_pem4f.oem4f (.const:ti_sysbios_family_arm_m3_Hwi_NUM_INTERRUPTS__C)
                  000081f0    00000004     empty_pem4f.oem4f (.const:ti_sysbios_family_arm_m3_Hwi_Object__count__C)
                  000081f4    00000004     empty_pem4f.oem4f (.const:ti_sysbios_family_arm_m3_Hwi_ccr__C)
                  000081f8    00000004     empty_pem4f.oem4f (.const:ti_sysbios_family_arm_m3_Hwi_excHandlerFunc__C)
                  000081fc    00000004     empty_pem4f.oem4f (.const:ti_sysbios_family_arm_m3_Hwi_excHookFuncs__C)
                  00008200    00000004     empty_pem4f.oem4f (.const:ti_sysbios_family_arm_m3_Hwi_nullIsrFunc__C)
                  00008204    00000004     empty_pem4f.oem4f (.const:ti_sysbios_family_arm_m3_Hwi_priGroup__C)
                  00008208    00000004     empty_pem4f.oem4f (.const:ti_sysbios_gates_GateMutex_A_badContext__C)
                  0000820c    00000004     empty_pem4f.oem4f (.const:ti_sysbios_gates_GateMutex_Instance_State_sem__O)
                  00008210    00000004     empty_pem4f.oem4f (.const:ti_sysbios_gates_GateMutex_Module__diagsEnabled__C)
                  00008214    00000004     empty_pem4f.oem4f (.const:ti_sysbios_gates_GateMutex_Module__diagsIncluded__C)
                  00008218    00000004     empty_pem4f.oem4f (.const:ti_sysbios_gates_GateMutex_Module__diagsMask__C)
                  0000821c    00000004     empty_pem4f.oem4f (.const:ti_sysbios_hal_Hwi_E_stackOverflow__C)
                  00008220    00000004     empty_pem4f.oem4f (.const:ti_sysbios_knl_Clock_LM_begin__C)
                  00008224    00000004     empty_pem4f.oem4f (.const:ti_sysbios_knl_Clock_LM_tick__C)
                  00008228    00000004     empty_pem4f.oem4f (.const:ti_sysbios_knl_Clock_LW_delayed__C)
                  0000822c    00000004     empty_pem4f.oem4f (.const:ti_sysbios_knl_Clock_Module_State_clockQ__O)
                  00008230    00000004     empty_pem4f.oem4f (.const:ti_sysbios_knl_Clock_Module__diagsEnabled__C)
                  00008234    00000004     empty_pem4f.oem4f (.const:ti_sysbios_knl_Clock_Module__diagsIncluded__C)
                  00008238    00000004     empty_pem4f.oem4f (.const:ti_sysbios_knl_Clock_Module__diagsMask__C)
                  0000823c    00000004     empty_pem4f.oem4f (.const:ti_sysbios_knl_Clock_Module__loggerFxn1__C)
                  00008240    00000004     empty_pem4f.oem4f (.const:ti_sysbios_knl_Clock_Module__loggerFxn2__C)
                  00008244    00000004     empty_pem4f.oem4f (.const:ti_sysbios_knl_Clock_Module__loggerObj__C)
                  00008248    00000004     empty_pem4f.oem4f (.const:ti_sysbios_knl_Semaphore_A_badContext__C)
                  0000824c    00000004     empty_pem4f.oem4f (.const:ti_sysbios_knl_Semaphore_A_noEvents__C)
                  00008250    00000004     empty_pem4f.oem4f (.const:ti_sysbios_knl_Semaphore_A_overflow__C)
                  00008254    00000004     empty_pem4f.oem4f (.const:ti_sysbios_knl_Semaphore_A_pendTaskDisabled__C)
                  00008258    00000004     empty_pem4f.oem4f (.const:ti_sysbios_knl_Semaphore_Instance_State_pendQ__O)
                  0000825c    00000004     empty_pem4f.oem4f (.const:ti_sysbios_knl_Semaphore_LM_pend__C)
                  00008260    00000004     empty_pem4f.oem4f (.const:ti_sysbios_knl_Semaphore_LM_post__C)
                  00008264    00000004     empty_pem4f.oem4f (.const:ti_sysbios_knl_Semaphore_Module__diagsEnabled__C)
                  00008268    00000004     empty_pem4f.oem4f (.const:ti_sysbios_knl_Semaphore_Module__diagsIncluded__C)
                  0000826c    00000004     empty_pem4f.oem4f (.const:ti_sysbios_knl_Semaphore_Module__diagsMask__C)
                  00008270    00000004     empty_pem4f.oem4f (.const:ti_sysbios_knl_Semaphore_Module__loggerFxn2__C)
                  00008274    00000004     empty_pem4f.oem4f (.const:ti_sysbios_knl_Semaphore_Module__loggerFxn4__C)
                  00008278    00000004     empty_pem4f.oem4f (.const:ti_sysbios_knl_Semaphore_Module__loggerObj__C)
                  0000827c    00000004     empty_pem4f.oem4f (.const:ti_sysbios_knl_Swi_LD_end__C)
                  00008280    00000004     empty_pem4f.oem4f (.const:ti_sysbios_knl_Swi_LM_begin__C)
                  00008284    00000004     empty_pem4f.oem4f (.const:ti_sysbios_knl_Swi_LM_post__C)
                  00008288    00000004     empty_pem4f.oem4f (.const:ti_sysbios_knl_Swi_Module__diagsEnabled__C)
                  0000828c    00000004     empty_pem4f.oem4f (.const:ti_sysbios_knl_Swi_Module__diagsIncluded__C)
                  00008290    00000004     empty_pem4f.oem4f (.const:ti_sysbios_knl_Swi_Module__diagsMask__C)
                  00008294    00000004     empty_pem4f.oem4f (.const:ti_sysbios_knl_Swi_Module__loggerFxn1__C)
                  00008298    00000004     empty_pem4f.oem4f (.const:ti_sysbios_knl_Swi_Module__loggerFxn4__C)
                  0000829c    00000004     empty_pem4f.oem4f (.const:ti_sysbios_knl_Swi_Module__loggerObj__C)
                  000082a0    00000004     empty_pem4f.oem4f (.const:ti_sysbios_knl_Swi_Object__count__C)
                  000082a4    00000004     empty_pem4f.oem4f (.const:ti_sysbios_knl_Task_E_spOutOfBounds__C)
                  000082a8    00000004     empty_pem4f.oem4f (.const:ti_sysbios_knl_Task_E_stackOverflow__C)
                  000082ac    00000004     empty_pem4f.oem4f (.const:ti_sysbios_knl_Task_LD_block__C)
                  000082b0    00000004     empty_pem4f.oem4f (.const:ti_sysbios_knl_Task_LD_exit__C)
                  000082b4    00000004     empty_pem4f.oem4f (.const:ti_sysbios_knl_Task_LD_ready__C)
                  000082b8    00000004     empty_pem4f.oem4f (.const:ti_sysbios_knl_Task_LM_switch__C)
                  000082bc    00000004     empty_pem4f.oem4f (.const:ti_sysbios_knl_Task_Module_State_inactiveQ__O)
                  000082c0    00000004     empty_pem4f.oem4f (.const:ti_sysbios_knl_Task_Module__diagsEnabled__C)
                  000082c4    00000004     empty_pem4f.oem4f (.const:ti_sysbios_knl_Task_Module__diagsIncluded__C)
                  000082c8    00000004     empty_pem4f.oem4f (.const:ti_sysbios_knl_Task_Module__diagsMask__C)
                  000082cc    00000004     empty_pem4f.oem4f (.const:ti_sysbios_knl_Task_Module__loggerFxn2__C)
                  000082d0    00000004     empty_pem4f.oem4f (.const:ti_sysbios_knl_Task_Module__loggerFxn4__C)
                  000082d4    00000004     empty_pem4f.oem4f (.const:ti_sysbios_knl_Task_Module__loggerObj__C)
                  000082d8    00000004     empty_pem4f.oem4f (.const:ti_sysbios_knl_Task_Object__count__C)
                  000082dc    00000004     empty_pem4f.oem4f (.const:ti_sysbios_knl_Task_allBlockedFunc__C)
                  000082e0    00000004     empty_pem4f.oem4f (.const:ti_sysbios_knl_Task_numConstructedTasks__C)
                  000082e4    00000004     empty_pem4f.oem4f (.const:ti_sysbios_utils_Load_LS_cpuLoad__C)
                  000082e8    00000004     empty_pem4f.oem4f (.const:ti_sysbios_utils_Load_Module__diagsEnabled__C)
                  000082ec    00000004     empty_pem4f.oem4f (.const:ti_sysbios_utils_Load_Module__diagsIncluded__C)
                  000082f0    00000004     empty_pem4f.oem4f (.const:ti_sysbios_utils_Load_Module__diagsMask__C)
                  000082f4    00000004     empty_pem4f.oem4f (.const:ti_sysbios_utils_Load_Module__loggerFxn1__C)
                  000082f8    00000004     empty_pem4f.oem4f (.const:ti_sysbios_utils_Load_Module__loggerObj__C)
                  000082fc    00000004     empty_pem4f.oem4f (.const:ti_sysbios_utils_Load_postUpdate__C)
                  00008300    00000004     empty_pem4f.oem4f (.const:ti_sysbios_utils_Load_windowInMs__C)
                  00008304    00000004     empty_pem4f.oem4f (.const:ti_uia_loggers_LoggerStopMode_Module__diagsEnabled__C)
                  00008308    00000004     empty_pem4f.oem4f (.const:ti_uia_loggers_LoggerStopMode_Module__diagsIncluded__C)
                  0000830c    00000004     empty_pem4f.oem4f (.const:ti_uia_loggers_LoggerStopMode_Module__diagsMask__C)
                  00008310    00000004     empty_pem4f.oem4f (.const:ti_uia_loggers_LoggerStopMode_Object__count__C)
                  00008314    00000004     empty_pem4f.oem4f (.const:ti_uia_runtime_ILoggerSnapshot_Interface__BASE__C)
                  00008318    00000004     empty_pem4f.oem4f (.const:ti_uia_runtime_IUIATransfer_Interface__BASE__C)
                  0000831c    00000004     empty_pem4f.oem4f (.const:xdc_runtime_Assert_E_assertFailed__C)
                  00008320    00000004     empty_pem4f.oem4f (.const:xdc_runtime_Core_A_initializedParams__C)
                  00008324    00000004     empty_pem4f.oem4f (.const:xdc_runtime_Core_Module__diagsEnabled__C)
                  00008328    00000004     empty_pem4f.oem4f (.const:xdc_runtime_Core_Module__diagsIncluded__C)
                  0000832c    00000004     empty_pem4f.oem4f (.const:xdc_runtime_Core_Module__diagsMask__C)
                  00008330    00000004     empty_pem4f.oem4f (.const:xdc_runtime_Error_E_memory__C)
                  00008334    00000004     empty_pem4f.oem4f (.const:xdc_runtime_Error_Module__diagsEnabled__C)
                  00008338    00000004     empty_pem4f.oem4f (.const:xdc_runtime_Error_Module__diagsIncluded__C)
                  0000833c    00000004     empty_pem4f.oem4f (.const:xdc_runtime_Error_Module__diagsMask__C)
                  00008340    00000004     empty_pem4f.oem4f (.const:xdc_runtime_Error_Module__loggerFxn8__C)
                  00008344    00000004     empty_pem4f.oem4f (.const:xdc_runtime_Error_Module__loggerObj__C)
                  00008348    00000004     empty_pem4f.oem4f (.const:xdc_runtime_Error_policyFxn__C)
                  0000834c    00000004     empty_pem4f.oem4f (.const:xdc_runtime_Error_raiseHook__C)
                  00008350    00000004     empty_pem4f.oem4f (.const:xdc_runtime_HeapStd_A_align__C)
                  00008354    00000004     empty_pem4f.oem4f (.const:xdc_runtime_HeapStd_A_invalidTotalFreeSize__C)
                  00008358    00000004     empty_pem4f.oem4f (.const:xdc_runtime_HeapStd_A_zeroSize__C)
                  0000835c    00000004     empty_pem4f.oem4f (.const:xdc_runtime_HeapStd_E_noRTSMemory__C)
                  00008360    00000004     empty_pem4f.oem4f (.const:xdc_runtime_HeapStd_Module__diagsEnabled__C)
                  00008364    00000004     empty_pem4f.oem4f (.const:xdc_runtime_HeapStd_Module__diagsIncluded__C)
                  00008368    00000004     empty_pem4f.oem4f (.const:xdc_runtime_HeapStd_Module__diagsMask__C)
                  0000836c    00000004     empty_pem4f.oem4f (.const:xdc_runtime_IFilterLogger_Interface__BASE__C)
                  00008370    00000004     empty_pem4f.oem4f (.const:xdc_runtime_IGateProvider_Interface__BASE__C)
                  00008374    00000004     empty_pem4f.oem4f (.const:xdc_runtime_IHeap_Interface__BASE__C)
                  00008378    00000004     empty_pem4f.oem4f (.const:xdc_runtime_ILogger_Interface__BASE__C)
                  0000837c    00000004     empty_pem4f.oem4f (.const:xdc_runtime_IModule_Interface__BASE__C)
                  00008380    00000004     empty_pem4f.oem4f (.const:xdc_runtime_Log_L_error__C)
                  00008384    00000004     empty_pem4f.oem4f (.const:xdc_runtime_Log_L_info__C)
                  00008388    00000004     empty_pem4f.oem4f (.const:xdc_runtime_Main_Module__diagsEnabled__C)
                  0000838c    00000004     empty_pem4f.oem4f (.const:xdc_runtime_Main_Module__diagsIncluded__C)
                  00008390    00000004     empty_pem4f.oem4f (.const:xdc_runtime_Main_Module__diagsMask__C)
                  00008394    00000004     empty_pem4f.oem4f (.const:xdc_runtime_Main_Module__loggerFxn4__C)
                  00008398    00000004     empty_pem4f.oem4f (.const:xdc_runtime_Main_Module__loggerObj__C)
                  0000839c    00000004     empty_pem4f.oem4f (.const:xdc_runtime_Memory_defaultHeapInstance__C)
                  000083a0    00000004     empty_pem4f.oem4f (.const:xdc_runtime_Startup_execImpl__C)
                  000083a4    00000004     empty_pem4f.oem4f (.const:xdc_runtime_Startup_lastFxns__A)
                  000083a8    00000004     empty_pem4f.oem4f (.const:xdc_runtime_Startup_maxPasses__C)
                  000083ac    00000004     empty_pem4f.oem4f (.const:xdc_runtime_Startup_sfxnRts__C)
                  000083b0    00000004     empty_pem4f.oem4f (.const:xdc_runtime_Startup_sfxnTab__C)
                  000083b4    00000004     empty_pem4f.oem4f (.const:xdc_runtime_SysMin_bufSize__C)
                  000083b8    00000004     empty_pem4f.oem4f (.const:xdc_runtime_SysMin_outputFunc__C)
                  000083bc    00000004     empty_pem4f.oem4f (.const:xdc_runtime_System_Module__gateObj__C)
                  000083c0    00000004     empty_pem4f.oem4f (.const:xdc_runtime_System_abortFxn__C)
                  000083c4    00000004     empty_pem4f.oem4f (.const:xdc_runtime_System_exitFxn__C)
                  000083c8    00000004     empty_pem4f.oem4f (.const:xdc_runtime_System_extendFxn__C)
                  000083cc    00000004     empty_pem4f.oem4f (.const:xdc_runtime_System_maxAtexitHandlers__C)
                  000083d0    00000004     empty_pem4f.oem4f (.const:xdc_runtime_Text_charTab__C)
                  000083d4    00000004     empty_pem4f.oem4f (.const:xdc_runtime_Text_nameEmpty__C)
                  000083d8    00000004     empty_pem4f.oem4f (.const:xdc_runtime_Text_nameStatic__C)
                  000083dc    00000004     empty_pem4f.oem4f (.const:xdc_runtime_Text_nameUnknown__C)
                  000083e0    00000004     empty_pem4f.oem4f (.const:xdc_runtime_Text_nodeTab__C)
                  000083e4    00000004     empty_pem4f.oem4f (.const:xdc_runtime_Text_visitRopeFxn__C)
                  000083e8    00000002     empty_pem4f.oem4f (.const:ti_catalog_arm_cortexm4_tiva_ce_Boot_Module__id__C)
                  000083ea    00000002     empty_pem4f.oem4f (.const:ti_sysbios_family_arm_lm4_TimestampProvider_useClockTimer__C)
                  000083ec    00000002     empty_pem4f.oem4f (.const:ti_sysbios_family_arm_m3_Hwi_Module__id__C)
                  000083ee    00000002     empty_pem4f.oem4f (.const:ti_sysbios_family_arm_m3_Hwi_Module__loggerDefined__C)
                  000083f0    00000002     empty_pem4f.oem4f (.const:ti_sysbios_gates_GateMutex_Module__id__C)
                  000083f2    00000002     empty_pem4f.oem4f (.const:ti_sysbios_hal_Hwi_Module__id__C)
                  000083f4    00000002     empty_pem4f.oem4f (.const:ti_sysbios_knl_Clock_Module__id__C)
                  000083f6    00000002     empty_pem4f.oem4f (.const:ti_sysbios_knl_Clock_Module__loggerDefined__C)
                  000083f8    00000002     empty_pem4f.oem4f (.const:ti_sysbios_knl_Semaphore_Module__id__C)
                  000083fa    00000002     empty_pem4f.oem4f (.const:ti_sysbios_knl_Semaphore_Module__loggerDefined__C)
                  000083fc    00000002     empty_pem4f.oem4f (.const:ti_sysbios_knl_Swi_Module__id__C)
                  000083fe    00000002     empty_pem4f.oem4f (.const:ti_sysbios_knl_Swi_Module__loggerDefined__C)
                  00008400    00000002     empty_pem4f.oem4f (.const:ti_sysbios_knl_Task_Module__id__C)
                  00008402    00000002     empty_pem4f.oem4f (.const:ti_sysbios_knl_Task_Module__loggerDefined__C)
                  00008404    00000002     empty_pem4f.oem4f (.const:ti_sysbios_utils_Load_Module__id__C)
                  00008406    00000002     empty_pem4f.oem4f (.const:ti_sysbios_utils_Load_Module__loggerDefined__C)
                  00008408    00000002     empty_pem4f.oem4f (.const:ti_sysbios_utils_Load_updateInIdle__C)
                  0000840a    00000002     empty_pem4f.oem4f (.const:ti_uia_loggers_LoggerStopMode_Module__id__C)
                  0000840c    00000002     empty_pem4f.oem4f (.const:ti_uia_loggers_LoggerStopMode_isTimestampEnabled__C)
                  0000840e    00000002     empty_pem4f.oem4f (.const:xdc_runtime_Core_Module__id__C)
                  00008410    00000002     empty_pem4f.oem4f (.const:xdc_runtime_Error_Module__loggerDefined__C)
                  00008412    00000002     empty_pem4f.oem4f (.const:xdc_runtime_Error_maxDepth__C)
                  00008414    00000002     empty_pem4f.oem4f (.const:xdc_runtime_HeapStd_Module__id__C)
                  00008416    00000002     empty_pem4f.oem4f (.const:xdc_runtime_Main_Module__id__C)
                  00008418    00000002     empty_pem4f.oem4f (.const:xdc_runtime_Main_Module__loggerDefined__C)
                  0000841a    00000002     empty_pem4f.oem4f (.const:xdc_runtime_Memory_Module__id__C)
                  0000841c    00000002     empty_pem4f.oem4f (.const:xdc_runtime_SysMin_flushAtExit__C)
                  0000841e    00000002     empty_pem4f.oem4f (.const:xdc_runtime_Text_charCnt__C)
                  00008420    00000002     empty_pem4f.oem4f (.const:xdc_runtime_Text_isLoaded__C)
                  00008422    00000002     empty_pem4f.oem4f (.const:xdc_runtime_Text_registryModsLastId__C)
                  00008424    00000002     empty_pem4f.oem4f (.const:xdc_runtime_Text_unnamedModsLastId__C)
                  00008426    00000001     empty_pem4f.oem4f (.const:xdc_runtime_Error_policy__C)

.cinit     0    00008428    000003dc     
                  00008428    0000039f     (.cinit..data.load) [load image, compression = rle]
                  000087c7    00000001     --HOLE-- [fill = 0]
                  000087c8    0000000b     (.cinit..bss.load) [load image, compression = rle]
                  000087d3    00000005     --HOLE-- [fill = 0]
                  000087d8    0000000b     (.cinit..vecs.load) [load image, compression = rle]
                  000087e3    00000001     --HOLE-- [fill = 0]
                  000087e4    00000008     (__TI_handler_table)
                  000087ec    00000018     (__TI_cinit_table)

.init_array 
*          0    00000000    00000000     UNINITIALIZED

.resetVecs 
*          0    00000000    0000003c     
                  00000000    0000003c     empty_pem4f.oem4f (.resetVecs)

.bss       0    20000380    000018b0     UNINITIALIZED
                  20000380    00000800     empty_pem4f.oem4f (.bss:taskStackSection)
                  20000b80    00000400     (.common:ti_uia_loggers_LoggerStopMode_Instance_State_1_packetArray__A)
                  20000f80    00000400     (.common:ti_uia_loggers_LoggerStopMode_Instance_State_2_packetArray__A)
                  20001380    00000360     (.common:ti_sysbios_family_arm_m3_Hwi_dispatchTable)
                  200016e0    00000008     rtsv7M4_T_le_v4SPD16_eabi.lib : trgdrv.obj (.bss:parmbuf)
                  200016e8    00000018     --HOLE--
                  20001700    00000200     (.common:ti_uia_loggers_LoggerStopMode_Instance_State_0_packetArray__A)
                  20001900    00000120                                   : trgmsg.obj (.bss:_CIOBUF_)
                  20001a20    00000080     (.common:xdc_runtime_SysMin_Module_State_0_outbuf__A)
                  20001aa0    00000060     --HOLE--
                  20001b00    00000030     (.common:ti_uia_loggers_LoggerStopMode_Instance_State_0_hdr__A)
                  20001b30    00000050     --HOLE--
                  20001b80    00000030     (.common:ti_uia_loggers_LoggerStopMode_Instance_State_1_hdr__A)
                  20001bb0    00000050     --HOLE--
                  20001c00    00000030     (.common:ti_uia_loggers_LoggerStopMode_Instance_State_2_hdr__A)

.data      0    20001c30    000005b4     UNINITIALIZED
                  20001c30    0000009c     empty_pem4f.oem4f (.data:ti_uia_loggers_LoggerStopMode_Object__table__V)
                  20001ccc    00000098     empty_pem4f.oem4f (.data:ti_sysbios_utils_Load_Module__state__V)
                  20001d64    00000080     empty_pem4f.oem4f (.data:ti_sysbios_family_arm_lm4_Timer_Object__table__V)
                  20001de4    00000080     empty_pem4f.oem4f (.data:ti_sysbios_knl_Swi_Module_State_0_readyQ__A)
                  20001e64    00000080     empty_pem4f.oem4f (.data:ti_sysbios_knl_Task_Module_State_0_readyQ__A)
                  20001ee4    0000004c     empty_pem4f.oem4f (.data:ti_sysbios_knl_Task_Object__table__V)
                  20001f30    00000048     empty_pem4f.oem4f (.data:ti_sysbios_family_arm_m3_Hwi_Object__table__V)
                  20001f78    00000044     empty_pem4f.oem4f (.data:ti_sysbios_knl_Task_Module__state__V)
                  20001fbc    00000040     empty_pem4f.oem4f (.data:ti_sysbios_family_arm_lm4_Timer_Module_State_0_device__A)
                  20001ffc    00000034     empty_pem4f.oem4f (.data:ti_sysbios_family_arm_m3_Hwi_Module__state__V)
                  20002030    00000030     empty_pem4f.oem4f (.data:ti_sysbios_knl_Swi_Object__table__V)
                  20002060    0000002c     empty_pem4f.oem4f (.data:ti_sysbios_knl_Clock_Module__state__V)
                  2000208c    00000024     empty_pem4f.oem4f (.data:ti_sysbios_BIOS_Module__state__V)
                  200020b0    00000020     empty_pem4f.oem4f (.data:ti_sysbios_family_arm_lm4_Timer_Module_State_0_handles__A)
                  200020d0    0000001c     empty_pem4f.oem4f (.data:ti_sysbios_gates_GateMutex_Object__table__V)
                  200020ec    0000001c     empty_pem4f.oem4f (.data:ti_sysbios_knl_Swi_Module__state__V)
                  20002108    0000000c     rtsv7M4_T_le_v4SPD16_eabi.lib : exit.obj (.data:$O1$$)
                  20002114    0000000c     empty_pem4f.oem4f (.data:ti_sysbios_family_arm_lm4_Timer_Module__state__V)
                  20002120    0000000c     empty_pem4f.oem4f (.data:ti_sysbios_knl_Task_Module__root__V)
                  2000212c    0000000c     empty_pem4f.oem4f (.data:ti_uia_runtime_QueueDescriptor_Module__state__V)
                  20002138    0000000c     empty_pem4f.oem4f (.data:xdc_runtime_HeapStd_Object__table__V)
                  20002144    0000000c     empty_pem4f.oem4f (.data:xdc_runtime_SysMin_Module__state__V)
                  20002150    00000008     rtsv7M4_T_le_v4SPD16_eabi.lib : _lock.obj (.data:$O1$$)
                  20002158    00000008     ti.uia.runtime.aem4f : QueueDescriptor.oem4f (.data)
                  20002160    00000008     empty_pem4f.oem4f (.data:ti_sysbios_family_arm_lm4_TimestampProvider_Module__state__V)
                  20002168    00000008     empty_pem4f.oem4f (.data:ti_sysbios_gates_GateHwi_Module__root__V)
                  20002170    00000008     empty_pem4f.oem4f (.data:ti_sysbios_gates_GateMutex_Module__root__V)
                  20002178    00000008     empty_pem4f.oem4f (.data:ti_sysbios_knl_Queue_Module__root__V)
                  20002180    00000008     empty_pem4f.oem4f (.data:ti_sysbios_knl_Semaphore_Module__root__V)
                  20002188    00000008     empty_pem4f.oem4f (.data:ti_uia_loggers_LoggerStopMode_Module__root__V)
                  20002190    00000008     empty_pem4f.oem4f (.data:xdc_runtime_HeapStd_Module__root__V)
                  20002198    00000008     empty_pem4f.oem4f (.data:xdc_runtime_Registry_Module__state__V)
                  200021a0    00000008     empty_pem4f.oem4f (.data:xdc_runtime_Startup_Module__state__V)
                  200021a8    00000008     empty_pem4f.oem4f (.data:xdc_runtime_System_Module_State_0_atexitHandlers__A)
                  200021b0    00000008     empty_pem4f.oem4f (.data:xdc_runtime_System_Module__state__V)
                  200021b8    00000004     rtsv7M4_T_le_v4SPD16_eabi.lib : stkdepth_vars.obj (.data)
                  200021bc    00000004     empty_pem4f.oem4f (.data:ti_sysbios_family_arm_m3_Hwi_Module_State_0_excContext__A)
                  200021c0    00000004     empty_pem4f.oem4f (.data:ti_sysbios_family_arm_m3_Hwi_Module_State_0_excStack__A)
                  200021c4    00000004     empty_pem4f.oem4f (.data:ti_sysbios_gates_GateHwi_Object__table__V)
                  200021c8    00000004     empty_pem4f.oem4f (.data:ti_sysbios_knl_Task_Module_State_0_idleTask__A)
                  200021cc    00000004     empty_pem4f.oem4f (.data:ti_sysbios_utils_Load_Module_State_0_runningTask__A)
                  200021d0    00000004     empty_pem4f.oem4f (.data:ti_sysbios_utils_Load_Module_State_0_taskStartTime__A)
                  200021d4    00000004     empty_pem4f.oem4f (.data:xdc_runtime_HeapStd_Module__state__V)
                  200021d8    00000004     empty_pem4f.oem4f (.data:xdc_runtime_Memory_Module__state__V)
                  200021dc    00000002     main.obj (.data)
                  200021de    00000002     empty_pem4f.oem4f (.data:ti_sysbios_family_arm_m3_Hwi_Module_State_0_excActive__A)
                  200021e0    00000002     empty_pem4f.oem4f (.data:xdc_runtime_Error_Module__state__V)
                  200021e2    00000002     empty_pem4f.oem4f (.data:xdc_runtime_Main_Module__root__V)

.stack     0    200021e4    00000400     UNINITIALIZED
                  200021e4    00000400     --HOLE--

.bootVecs 
*          0    00000000    00000008     DSECT
                  00000000    00000008     boot.aem4f : boot.oem4f (.bootVecs)

.vecs      0    20000000    00000360     UNINITIALIZED
                  20000000    00000360     empty_pem4f.oem4f (.vecs)

xdc.meta   0    00000000    000000da     COPY SECTION
                  00000000    000000da     empty_pem4f.oem4f (xdc.meta)

MODULE SUMMARY

       Module                     code    ro data   rw data
       ------                     ----    -------   -------
    ./
       main.obj                   332     0         2      
    +--+--------------------------+-------+---------+---------+
       Total:                     332     0         2      
                                                           
    /home/ayyappa/TIRTOSLabsWS/Lab_05/Debug/configPkg/package/cfg/
       empty_pem4f.oem4f          3096    8919      8034   
    +--+--------------------------+-------+---------+---------+
       Total:                     3096    8919      8034   
                                                           
    /home/ayyappa/TIRTOSLabsWS/Lab_05/src/sysbios/sysbios.aem4f
       BIOS.obj                   11034   0         0      
       m3_Hwi_asm.obj             314     0         0      
       m3_TaskSupport_asm.obj     180     0         0      
       m3_Hwi_asm_switch.obj      118     0         0      
    +--+--------------------------+-------+---------+---------+
       Total:                     11646   0         0      
                                                           
    /home/ayyappa/ti/ccsv6/tools/compiler/ti-cgt-arm_15.12.1.LTS/lib/rtsv7M4_T_le_v4SPD16_eabi.lib
       trgdrv.obj                 804     0         8      
       trgmsg.obj                 104     0         288    
       memcpy_t2.obj              156     0         0      
       memset_t2.obj              122     0         0      
       copy_decompress_rle.obj    112     0         0      
       exit.obj                   84      0         12     
       cpy_tbl.obj                76      0         0      
       u_divt2.obj                64      0         0      
       _lock.obj                  20      0         8      
       args_main.obj              24      0         0      
       strcpy.obj                 20      0         0      
       strlen.obj                 20      0         0      
       copy_decompress_none.obj   14      0         0      
       stkdepth_vars.obj          0       0         4      
       i_div0.obj                 2       0         0      
    +--+--------------------------+-------+---------+---------+
       Total:                     1622    0         320    
                                                           
    /home/ayyappa/ti/tirtos_tivac_2_16_01_14/products/TivaWare_C_Series-2.1.1.71b/driverlib/ccs/Debug/driverlib.lib
       sysctl.obj                 566     108       0      
       gpio.obj                   382     0         0      
       timer.obj                  140     0         0      
    +--+--------------------------+-------+---------+---------+
       Total:                     1088    108       0      
                                                           
    /home/ayyappa/ti/tirtos_tivac_2_16_01_14/products/bios_6_45_02_31/packages/ti/catalog/arm/cortexm4/tiva/ce/lib/Boot.aem4f
       Boot_sysctl.oem4f          628     452       0      
       Boot.oem4f                 152     0         0      
    +--+--------------------------+-------+---------+---------+
       Total:                     780     452       0      
                                                           
    /home/ayyappa/ti/tirtos_tivac_2_16_01_14/products/bios_6_45_02_31/packages/ti/targets/arm/rtsarm/lib/auto_init.aem4f
       auto_init.oem4f            160     0         0      
    +--+--------------------------+-------+---------+---------+
       Total:                     160     0         0      
                                                           
    /home/ayyappa/ti/tirtos_tivac_2_16_01_14/products/bios_6_45_02_31/packages/ti/targets/arm/rtsarm/lib/boot.aem4f
       boot.oem4f                 88      0         0      
    +--+--------------------------+-------+---------+---------+
       Total:                     88      0         0      
                                                           
    /home/ayyappa/ti/tirtos_tivac_2_16_01_14/products/bios_6_45_02_31/packages/ti/targets/arm/rtsarm/lib/ti.targets.arm.rtsarm.aem4f
       System.oem4f               1255    0         0      
       HeapStd.oem4f              714     0         0      
       Text.oem4f                 672     0         0      
       Error.oem4f                524     0         0      
       Core-mem.oem4f             358     0         0      
       Startup.oem4f              328     0         0      
       SysMin.oem4f               248     0         0      
       Core-smem.oem4f            204     0         0      
       Memory.oem4f               176     0         0      
       Assert.oem4f               84      0         0      
       Core-params.oem4f          70      0         0      
       Core-label.oem4f           52      0         0      
       Registry.oem4f             32      0         0      
       Gate.oem4f                 28      0         0      
    +--+--------------------------+-------+---------+---------+
       Total:                     4745    0         0      
                                                           
    /home/ayyappa/ti/tirtos_tivac_2_16_01_14/products/uia_2_00_05_50/packages/ti/uia/loggers/lib/release/ti.uia.loggers.aem4f
       LoggerStopMode.oem4f       552     0         0      
    +--+--------------------------+-------+---------+---------+
       Total:                     552     0         0      
                                                           
    /home/ayyappa/ti/tirtos_tivac_2_16_01_14/products/uia_2_00_05_50/packages/ti/uia/runtime/lib/release/ti.uia.runtime.aem4f
       QueueDescriptor.oem4f      116     0         8      
    +--+--------------------------+-------+---------+---------+
       Total:                     116     0         8      
                                                           
       Stack:                     0       0         1024   
       Linker Generated:          0       981       0      
    +--+--------------------------+-------+---------+---------+
       Grand Total:               24225   10460     9388   


LINKER GENERATED COPY TABLES

__TI_cinit_table @ 000087ec records: 3, size/record: 8, table size: 24
	.data: load addr=00008428, load size=0000039f bytes, run addr=20001c30, run size=000005b4 bytes, compression=rle
	.bss: load addr=000087c8, load size=0000000b bytes, run addr=20000380, run size=000018b0 bytes, compression=rle
	.vecs: load addr=000087d8, load size=0000000b bytes, run addr=20000000, run size=00000360 bytes, compression=rle


LINKER GENERATED HANDLER TABLE

__TI_handler_table @ 000087e4 records: 2, size/record: 4, table size: 8
	index: 0, handler: __TI_decompress_rle24
	index: 1, handler: __TI_decompress_none


GLOBAL SYMBOLS: SORTED ALPHABETICALLY BY Name 

address   name                                                                 
-------   ----                                                                 
00004931  C$$EXIT                                                              
0000441f  C$$IO$$                                                              
00005531  GPIODirModeSet                                                       
00001da5  GPIOPadConfigSet                                                     
0000423b  GPIOPinRead                                                          
00005acf  GPIOPinTypeGPIOOutput                                                
00005263  GPIOPinWrite                                                         
00000a93  HOSTclock                                                            
00000a5b  HOSTclose                                                            
00000a1d  HOSTgetenv                                                           
000009c1  HOSTlseek                                                            
0000096f  HOSTopen                                                             
00000923  HOSTread                                                             
000008c5  HOSTrename                                                           
0000088b  HOSTtime                                                             
00000841  HOSTtime64                                                           
00000809  HOSTunlink                                                           
000007bd  HOSTwrite                                                            
UNDEFED   SHT$$INIT_ARRAY$$Base                                                
UNDEFED   SHT$$INIT_ARRAY$$Limit                                               
0000222d  SysCtlClockGet                                                       
0000291d  SysCtlClockSet                                                       
00005c93  SysCtlDelay                                                          
000050f1  SysCtlPeripheralEnable                                               
000045ed  TimerConfigure                                                       
00005de1  TimerEnable                                                          
000011c5  TimerIntClear                                                        
00005ed5  TimerIntEnable                                                       
00005c81  TimerLoadSet                                                         
00000000  __ASM__                                                              
20001900  __CIOBUF_                                                            
00000058  __ISA__                                                              
0000006b  __PLAT__                                                             
200025e4  __STACK_END                                                          
00000400  __STACK_SIZE                                                         
0000008c  __TARG__                                                             
000087ec  __TI_CINIT_Base                                                      
00008804  __TI_CINIT_Limit                                                     
000087e4  __TI_Handler_Table_Base                                              
000087ec  __TI_Handler_Table_Limit                                             
000038a1  __TI_auto_init                                                       
20002108  __TI_cleanup_ptr                                                     
00005def  __TI_decompress_none                                                 
00005ef9  __TI_decompress_rle24                                                
2000210c  __TI_dtors_ptr                                                       
20002110  __TI_enable_exit_profile_output                                      
ffffffff  __TI_pprof_out_hndl                                                  
ffffffff  __TI_prof_data_size                                                  
ffffffff  __TI_prof_data_start                                                 
00004423  __TI_readmsg                                                         
00008428  __TI_static_base__                                                   
000043f1  __TI_writemsg                                                        
000000b2  __TRDR__                                                             
00004157  __aeabi_idiv0                                                        
000040dd  __aeabi_memclr                                                       
000040dd  __aeabi_memclr4                                                      
000040dd  __aeabi_memclr8                                                      
000039e1  __aeabi_memcpy                                                       
000039e1  __aeabi_memcpy4                                                      
000039e1  __aeabi_memcpy8                                                      
000040df  __aeabi_memset                                                       
[...]
000081c0  ti_sysbios_family_arm_m3_Hwi_E_reserved__C                           
000081c4  ti_sysbios_family_arm_m3_Hwi_E_svCall__C                             
000081c8  ti_sysbios_family_arm_m3_Hwi_E_usageFault__C                         
000081cc  ti_sysbios_family_arm_m3_Hwi_LD_end__C                               
000081d0  ti_sysbios_family_arm_m3_Hwi_LM_begin__C                             
000081d4  ti_sysbios_family_arm_m3_Hwi_Module__diagsEnabled__C                 
000081d8  ti_sysbios_family_arm_m3_Hwi_Module__diagsIncluded__C                
000081dc  ti_sysbios_family_arm_m3_Hwi_Module__diagsMask__C                    
000081e0  ti_sysbios_family_arm_m3_Hwi_Module__loggerFxn1__C                   
000081e4  ti_sysbios_family_arm_m3_Hwi_Module__loggerFxn8__C                   
000081e8  ti_sysbios_family_arm_m3_Hwi_Module__loggerObj__C                    
000081ec  ti_sysbios_family_arm_m3_Hwi_NUM_INTERRUPTS__C                       
000081f0  ti_sysbios_family_arm_m3_Hwi_Object__count__C                        
000081f4  ti_sysbios_family_arm_m3_Hwi_ccr__C                                  
000081f8  ti_sysbios_family_arm_m3_Hwi_excHandlerFunc__C                       
000081fc  ti_sysbios_family_arm_m3_Hwi_excHookFuncs__C                         
00008200  ti_sysbios_family_arm_m3_Hwi_nullIsrFunc__C                          
00008204  ti_sysbios_family_arm_m3_Hwi_priGroup__C                             
00008208  ti_sysbios_gates_GateMutex_A_badContext__C                           
0000820c  ti_sysbios_gates_GateMutex_Instance_State_sem__O                     
00008210  ti_sysbios_gates_GateMutex_Module__diagsEnabled__C                   
00008214  ti_sysbios_gates_GateMutex_Module__diagsIncluded__C                  
00008218  ti_sysbios_gates_GateMutex_Module__diagsMask__C                      
0000821c  ti_sysbios_hal_Hwi_E_stackOverflow__C                                
00008220  ti_sysbios_knl_Clock_LM_begin__C                                     
00008224  ti_sysbios_knl_Clock_LM_tick__C                                      
00008228  ti_sysbios_knl_Clock_LW_delayed__C                                   
0000822c  ti_sysbios_knl_Clock_Module_State_clockQ__O                          
00008230  ti_sysbios_knl_Clock_Module__diagsEnabled__C                         
00008234  ti_sysbios_knl_Clock_Module__diagsIncluded__C                        
00008238  ti_sysbios_knl_Clock_Module__diagsMask__C                            
0000823c  ti_sysbios_knl_Clock_Module__loggerFxn1__C                           
00008240  ti_sysbios_knl_Clock_Module__loggerFxn2__C                           
00008244  ti_sysbios_knl_Clock_Module__loggerObj__C                            
00008248  ti_sysbios_knl_Semaphore_A_badContext__C                             
0000824c  ti_sysbios_knl_Semaphore_A_noEvents__C                               
00008250  ti_sysbios_knl_Semaphore_A_overflow__C                               
00008254  ti_sysbios_knl_Semaphore_A_pendTaskDisabled__C                       
00008258  ti_sysbios_knl_Semaphore_Instance_State_pendQ__O                     
0000825c  ti_sysbios_knl_Semaphore_LM_pend__C                                  
00008260  ti_sysbios_knl_Semaphore_LM_post__C                                  
00008264  ti_sysbios_knl_Semaphore_Module__diagsEnabled__C                     
00008268  ti_sysbios_knl_Semaphore_Module__diagsIncluded__C                    
0000826c  ti_sysbios_knl_Semaphore_Module__diagsMask__C                        
00008270  ti_sysbios_knl_Semaphore_Module__loggerFxn2__C                       
00008274  ti_sysbios_knl_Semaphore_Module__loggerFxn4__C                       
00008278  ti_sysbios_knl_Semaphore_Module__loggerObj__C                        
0000827c  ti_sysbios_knl_Swi_LD_end__C                                         
00008280  ti_sysbios_knl_Swi_LM_begin__C                                       
00008284  ti_sysbios_knl_Swi_LM_post__C                                        
00008288  ti_sysbios_knl_Swi_Module__diagsEnabled__C                           
0000828c  ti_sysbios_knl_Swi_Module__diagsIncluded__C                          
00008290  ti_sysbios_knl_Swi_Module__diagsMask__C                              
00008294  ti_sysbios_knl_Swi_Module__loggerFxn1__C                             
00008298  ti_sysbios_knl_Swi_Module__loggerFxn4__C                             
0000829c  ti_sysbios_knl_Swi_Module__loggerObj__C                              
000082a0  ti_sysbios_knl_Swi_Object__count__C                                  
000082a4  ti_sysbios_knl_Task_E_spOutOfBounds__C                               
000082a8  ti_sysbios_knl_Task_E_stackOverflow__C                               
000082ac  ti_sysbios_knl_Task_LD_block__C                                      
000082b0  ti_sysbios_knl_Task_LD_exit__C                                       
000082b4  ti_sysbios_knl_Task_LD_ready__C                                      
000082b8  ti_sysbios_knl_Task_LM_switch__C                                     
000082bc  ti_sysbios_knl_Task_Module_State_inactiveQ__O                        
000082c0  ti_sysbios_knl_Task_Module__diagsEnabled__C                          
000082c4  ti_sysbios_knl_Task_Module__diagsIncluded__C                         
000082c8  ti_sysbios_knl_Task_Module__diagsMask__C                             
000082cc  ti_sysbios_knl_Task_Module__loggerFxn2__C                            
000082d0  ti_sysbios_knl_Task_Module__loggerFxn4__C                            
000082d4  ti_sysbios_knl_Task_Module__loggerObj__C                             
000082d8  ti_sysbios_knl_Task_Object__count__C                                 
000082dc  ti_sysbios_knl_Task_allBlockedFunc__C                                
000082e0  ti_sysbios_knl_Task_numConstructedTasks__C                           
000082e4  ti_sysbios_utils_Load_LS_cpuLoad__C                                  
000082e8  ti_sysbios_utils_Load_Module__diagsEnabled__C                        
000082ec  ti_sysbios_utils_Load_Module__diagsIncluded__C                       
000082f0  ti_sysbios_utils_Load_Module__diagsMask__C                           
000082f4  ti_sysbios_utils_Load_Module__loggerFxn1__C                          
000082f8  ti_sysbios_utils_Load_Module__loggerObj__C                           
000082fc  ti_sysbios_utils_Load_postUpdate__C                                  
00008300  ti_sysbios_utils_Load_windowInMs__C                                  
00008304  ti_uia_loggers_LoggerStopMode_Module__diagsEnabled__C                
00008308  ti_uia_loggers_LoggerStopMode_Module__diagsIncluded__C               
0000830c  ti_uia_loggers_LoggerStopMode_Module__diagsMask__C                   
00008310  ti_uia_loggers_LoggerStopMode_Object__count__C                       
00008314  ti_uia_runtime_ILoggerSnapshot_Interface__BASE__C                    
00008318  ti_uia_runtime_IUIATransfer_Interface__BASE__C                       
0000831c  xdc_runtime_Assert_E_assertFailed__C                                 
00008320  xdc_runtime_Core_A_initializedParams__C                              
00008324  xdc_runtime_Core_Module__diagsEnabled__C                             
00008328  xdc_runtime_Core_Module__diagsIncluded__C                            
0000832c  xdc_runtime_Core_Module__diagsMask__C                                
00008330  xdc_runtime_Error_E_memory__C                                        
00008334  xdc_runtime_Error_Module__diagsEnabled__C                            
00008338  xdc_runtime_Error_Module__diagsIncluded__C                           
0000833c  xdc_runtime_Error_Module__diagsMask__C                               
00008340  xdc_runtime_Error_Module__loggerFxn8__C                              
00008344  xdc_runtime_Error_Module__loggerObj__C                               
00008348  xdc_runtime_Error_policyFxn__C                                       
0000834c  xdc_runtime_Error_raiseHook__C                                       
00008350  xdc_runtime_HeapStd_A_align__C                                       
00008354  xdc_runtime_HeapStd_A_invalidTotalFreeSize__C                        
00008358  xdc_runtime_HeapStd_A_zeroSize__C                                    
0000835c  xdc_runtime_HeapStd_E_noRTSMemory__C                                 
00008360  xdc_runtime_HeapStd_Module__diagsEnabled__C                          
00008364  xdc_runtime_HeapStd_Module__diagsIncluded__C                         
00008368  xdc_runtime_HeapStd_Module__diagsMask__C                             
0000836c  xdc_runtime_IFilterLogger_Interface__BASE__C                         
00008370  xdc_runtime_IGateProvider_Interface__BASE__C                         
00008374  xdc_runtime_IHeap_Interface__BASE__C                                 
00008378  xdc_runtime_ILogger_Interface__BASE__C                               
0000837c  xdc_runtime_IModule_Interface__BASE__C                               
00008380  xdc_runtime_Log_L_error__C                                           
00008384  xdc_runtime_Log_L_info__C                                            
00008388  xdc_runtime_Main_Module__diagsEnabled__C                             
0000838c  xdc_runtime_Main_Module__diagsIncluded__C                            
00008390  xdc_runtime_Main_Module__diagsMask__C                                
00008394  xdc_runtime_Main_Module__loggerFxn4__C                               
00008398  xdc_runtime_Main_Module__loggerObj__C                                
0000839c  xdc_runtime_Memory_defaultHeapInstance__C                            
000083a0  xdc_runtime_Startup_execImpl__C                                      
000083a4  xdc_runtime_Startup_lastFxns__A                                      
000083a8  xdc_runtime_Startup_maxPasses__C                                     
000083ac  xdc_runtime_Startup_sfxnRts__C                                       
000083b0  xdc_runtime_Startup_sfxnTab__C                                       
000083b4  xdc_runtime_SysMin_bufSize__C                                        
000083b8  xdc_runtime_SysMin_outputFunc__C                                     
000083bc  xdc_runtime_System_Module__gateObj__C                                
000083c0  xdc_runtime_System_abortFxn__C                                       
000083c4  xdc_runtime_System_exitFxn__C                                        
000083c8  xdc_runtime_System_extendFxn__C                                      
000083cc  xdc_runtime_System_maxAtexitHandlers__C                              
000083d0  xdc_runtime_Text_charTab__C                                          
000083d4  xdc_runtime_Text_nameEmpty__C                                        
000083d8  xdc_runtime_Text_nameStatic__C                                       
000083dc  xdc_runtime_Text_nameUnknown__C                                      
000083e0  xdc_runtime_Text_nodeTab__C                                          
000083e4  xdc_runtime_Text_visitRopeFxn__C                                     
000083e8  ti_catalog_arm_cortexm4_tiva_ce_Boot_Module__id__C                   
000083ea  ti_sysbios_family_arm_lm4_TimestampProvider_useClockTimer__C         
000083ec  ti_sysbios_family_arm_m3_Hwi_Module__id__C                           
000083ee  ti_sysbios_family_arm_m3_Hwi_Module__loggerDefined__C                
000083f0  ti_sysbios_gates_GateMutex_Module__id__C                             
000083f2  ti_sysbios_hal_Hwi_Module__id__C                                     
000083f4  ti_sysbios_knl_Clock_Module__id__C                                   
000083f6  ti_sysbios_knl_Clock_Module__loggerDefined__C                        
000083f8  ti_sysbios_knl_Semaphore_Module__id__C                               
000083fa  ti_sysbios_knl_Semaphore_Module__loggerDefined__C                    
000083fc  ti_sysbios_knl_Swi_Module__id__C                                     
000083fe  ti_sysbios_knl_Swi_Module__loggerDefined__C                          
00008400  ti_sysbios_knl_Task_Module__id__C                                    
00008402  ti_sysbios_knl_Task_Module__loggerDefined__C                         
00008404  ti_sysbios_utils_Load_Module__id__C                                  
00008406  ti_sysbios_utils_Load_Module__loggerDefined__C                       
00008408  ti_sysbios_utils_Load_updateInIdle__C                                
0000840a  ti_uia_loggers_LoggerStopMode_Module__id__C                          
0000840c  ti_uia_loggers_LoggerStopMode_isTimestampEnabled__C                  
0000840e  xdc_runtime_Core_Module__id__C                                       
00008410  xdc_runtime_Error_Module__loggerDefined__C                           
00008412  xdc_runtime_Error_maxDepth__C                                        
00008414  xdc_runtime_HeapStd_Module__id__C                                    
00008416  xdc_runtime_Main_Module__id__C                                       
00008418  xdc_runtime_Main_Module__loggerDefined__C                            
0000841a  xdc_runtime_Memory_Module__id__C                                     
0000841c  xdc_runtime_SysMin_flushAtExit__C                                    
0000841e  xdc_runtime_Text_charCnt__C                                          
00008420  xdc_runtime_Text_isLoaded__C                                         
00008422  xdc_runtime_Text_registryModsLastId__C                               
00008424  xdc_runtime_Text_unnamedModsLastId__C                                
00008426  xdc_runtime_Error_policy__C                                          
00008428  __TI_static_base__                                                   
000087e4  __TI_Handler_Table_Base                                              
000087ec  __TI_CINIT_Base                                                      
000087ec  __TI_Handler_Table_Limit                                             
00008804  __TI_CINIT_Limit                                                     
20000000  ti_sysbios_family_arm_m3_Hwi_ramVectors                              
20000380  ti_sysbios_knl_Task_Instance_State_0_stack__A                        
20000b80  ti_uia_loggers_LoggerStopMode_Instance_State_1_packetArray__A        
20000f80  ti_uia_loggers_LoggerStopMode_Instance_State_2_packetArray__A        
20001380  ti_sysbios_family_arm_m3_Hwi_dispatchTable                           
20001700  ti_uia_loggers_LoggerStopMode_Instance_State_0_packetArray__A        
20001900  __CIOBUF_                                                            
20001a20  xdc_runtime_SysMin_Module_State_0_outbuf__A                          
20001b00  ti_uia_loggers_LoggerStopMode_Instance_State_0_hdr__A                
20001b80  ti_uia_loggers_LoggerStopMode_Instance_State_1_hdr__A                
20001c00  ti_uia_loggers_LoggerStopMode_Instance_State_2_hdr__A                
20001c30  ti_uia_loggers_LoggerStopMode_Object__table__V                       
20001ccc  ti_sysbios_utils_Load_Module__state__V                               
20001d64  ti_sysbios_family_arm_lm4_Timer_Object__table__V                     
20001de4  ti_sysbios_knl_Swi_Module_State_0_readyQ__A                          
20001e64  ti_sysbios_knl_Task_Module_State_0_readyQ__A                         
20001ee4  ti_sysbios_knl_Task_Object__table__V                                 
20001f30  ti_sysbios_family_arm_m3_Hwi_Object__table__V                        
20001f78  ti_sysbios_knl_Task_Module__state__V                                 
20001fbc  ti_sysbios_family_arm_lm4_Timer_Module_State_0_device__A             
20001ffc  ti_sysbios_family_arm_m3_Hwi_Module__state__V                        
20002030  ti_sysbios_knl_Swi_Object__table__V                                  
20002060  ti_sysbios_knl_Clock_Module__state__V                                
2000208c  ti_sysbios_BIOS_Module__state__V                                     
200020b0  ti_sysbios_family_arm_lm4_Timer_Module_State_0_handles__A            
200020d0  ti_sysbios_gates_GateMutex_Object__table__V                          
200020ec  ti_sysbios_knl_Swi_Module__state__V                                  
20002108  __TI_cleanup_ptr                                                     
2000210c  __TI_dtors_ptr                                                       
20002110  __TI_enable_exit_profile_output                                      
20002114  ti_sysbios_family_arm_lm4_Timer_Module__state__V                     
20002120  ti_sysbios_knl_Task_Module__root__V                                  
2000212c  ti_uia_runtime_QueueDescriptor_Module__state__V                      
20002138  xdc_runtime_HeapStd_Object__table__V                                 
20002144  xdc_runtime_SysMin_Module__state__V                                  
20002150  _lock                                                                
20002154  _unlock                                                              
20002158  ti_uia_runtime_QueueDescriptor_gPtrToFirstDescriptor                 
2000215c  ti_uia_runtime_QueueDescriptor_gUpdateCount                          
20002160  ti_sysbios_family_arm_lm4_TimestampProvider_Module__state__V         
20002168  ti_sysbios_gates_GateHwi_Module__root__V                             
20002170  ti_sysbios_gates_GateMutex_Module__root__V                           
20002178  ti_sysbios_knl_Queue_Module__root__V                                 
20002180  ti_sysbios_knl_Semaphore_Module__root__V                             
20002188  ti_uia_loggers_LoggerStopMode_Module__root__V                        
20002190  xdc_runtime_HeapStd_Module__root__V                                  
20002198  xdc_runtime_Registry_Module__state__V                                
200021a0  xdc_runtime_Startup_Module__state__V                                 
200021a8  xdc_runtime_System_Module_State_0_atexitHandlers__A                  
200021b0  xdc_runtime_System_Module__state__V                                  
200021b8  main_func_sp                                                         
200021bc  ti_sysbios_family_arm_m3_Hwi_Module_State_0_excContext__A            
200021c0  ti_sysbios_family_arm_m3_Hwi_Module_State_0_excStack__A              
200021c4  ti_sysbios_gates_GateHwi_Object__table__V                            
200021c8  ti_sysbios_knl_Task_Module_State_0_idleTask__A                       
200021cc  ti_sysbios_utils_Load_Module_State_0_runningTask__A                  
200021d0  ti_sysbios_utils_Load_Module_State_0_taskStartTime__A                
200021d4  xdc_runtime_HeapStd_Module__state__V                                 
200021d8  xdc_runtime_Memory_Module__state__V                                  
200021dc  i16ToggleCount                                                       
200021de  ti_sysbios_family_arm_m3_Hwi_Module_State_0_excActive__A             
200021e0  xdc_runtime_Error_Module__state__V                                   
200021e2  xdc_runtime_Main_Module__root__V                                     
200021e4  __stack                                                              
200025e4  __STACK_END                                                          
e000e000  ti_sysbios_family_arm_m3_Hwi_nvic                                    
ffffffff  __TI_pprof_out_hndl                                                  
ffffffff  __TI_prof_data_size                                                  
ffffffff  __TI_prof_data_start                                                 
ffffffff  __binit__                                                            
ffffffff  __c_args__                                                           
ffffffff  binit                                                                
UNDEFED   SHT$$INIT_ARRAY$$Base                                                
UNDEFED   SHT$$INIT_ARRAY$$Limit                                               

[644 symbols]
