******************************************************************************
                  TI ARM Linker Unix v15.12.1                  
******************************************************************************
>> Linked Sun Mar 19 16:38:36 2017

OUTPUT FILE NAME:   <blink_TM4C_CLK.out>
ENTRY POINT SYMBOL: "_c_int00"  address: 00004819


MEMORY CONFIGURATION

         name            origin    length      used     unused   attr    fill
----------------------  --------  ---------  --------  --------  ----  --------
  FLASH                 00000000   00100000  00008b57  000f74a9  R  X
  SRAM                  20000000   00040000  00002980  0003d680  RW X


SEGMENT ALLOCATION MAP

run origin  load origin   length   init length attrs members
----------  ----------- ---------- ----------- ----- -------
00000000    00000000    00008b64   00008b64    r-x
  00000000    00000000    0000003c   0000003c    r-- .resetVecs
  00000040    00000040    00005efa   00005efa    r-x .text
  00005f3c    00005f3c    0000281d   0000281d    r-- .const
  00008760    00008760    00000404   00000404    r-- .cinit
20000000    20000000    00000360   00000000    rw-
  20000000    20000000    00000360   00000000    rw- .vecs
20000380    20000380    00002620   00000000    rw-
  20000380    20000380    00001c30   00000000    rw- .bss
  20001fb0    20001fb0    000005f0   00000000    rw- .data
  200025a0    200025a0    00000400   00000000    rw- .stack


SECTION ALLOCATION MAP

 output                                  attributes/
section   page    origin      length       input sections
--------  ----  ----------  ----------   ----------------
.resetVecs 
*          0    00000000    0000003c     
                  00000000    0000003c     empty_pem4f.oem4f (.resetVecs)

.text      0    00000040    00005efa     
                  00000040    00000430     sysbios.aem4f : BIOS.obj (.text:ti_sysbios_family_arm_m3_Hwi_excDumpRegs__I)
                  00000470    0000034c     ti.targets.arm.rtsarm.aem4f : System.oem4f (.text:xdc_runtime_System_doPrint__I)
                  000007bc    00000324     rtsv7M4_T_le_v4SPD16_eabi.lib : trgdrv.obj (.text)
                  00000ae0    00000314     sysbios.aem4f : BIOS.obj (.text:ti_sysbios_knl_Semaphore_pend__E)
                  00000df4    00000204     Boot.aem4f : Boot_sysctl.oem4f (.text:ti_catalog_arm_cortexm4_tiva_ce_Boot_sysCtlClockFreqSetI__I)
                  00000ff8    000001fc     sysbios.aem4f : BIOS.obj (.text:ti_sysbios_family_arm_m3_Hwi_excHandlerMax__I)
                  000011f4    000001a4     main.obj (.text:ledToggle)
                  00001398    0000017c     sysbios.aem4f : BIOS.obj (.text:ti_sysbios_family_arm_lm4_TimestampProvider_get64__E)
                  00001514    00000004     empty_pem4f.oem4f (.text:malloc)
                  00001518    00000174     sysbios.aem4f : BIOS.obj (.text:ti_sysbios_family_arm_m3_Hwi_excBusFault__I)
                  0000168c    00000004     empty_pem4f.oem4f (.text:ti_sysbios_BIOS_RtsGateProxy_enter__E)
                  00001690    00000168     sysbios.aem4f : BIOS.obj (.text:ti_sysbios_family_arm_lm4_Timer_start__E)
                  000017f8    00000164                   : BIOS.obj (.text:ti_sysbios_family_arm_m3_Hwi_excUsageFault__I)
                  0000195c    00000004     empty_pem4f.oem4f (.text:ti_sysbios_BIOS_RtsGateProxy_leave__E)
                  00001960    00000148     sysbios.aem4f : BIOS.obj (.text:ti_sysbios_family_arm_m3_Hwi_excMemFault__I)
                  00001aa8    00000144     ti.targets.arm.rtsarm.aem4f : HeapStd.oem4f (.text:xdc_runtime_HeapStd_alloc__E)
                  00001bec    00000004     sysbios.aem4f : BIOS.obj (.text:ti_sysbios_family_arm_lm4_Timer_masterEnable__I)
                  00001bf0    00000140                   : BIOS.obj (.text:ti_sysbios_knl_Semaphore_post__E)
                  00001d30    00000138                   : BIOS.obj (.text:ti_sysbios_family_arm_m3_Hwi_dispatchC__I)
                  00001e68    00000138     empty_pem4f.oem4f (.text:ti_uia_loggers_LoggerStopMode_writeMemoryRange__E)
                  00001fa0    00000134     sysbios.aem4f : BIOS.obj (.text:ti_sysbios_knl_Clock_workFunc__E)
                  000020d4    00000132     driverlib.lib : gpio.obj (.text:GPIOPadConfigSet)
                  00002206    00000002     empty_pem4f.oem4f (.text:free)
                  00002208    0000011c     sysbios.aem4f : BIOS.obj (.text:ti_sysbios_knl_Swi_run__I)
                  00002324    00000118     ti.targets.arm.rtsarm.aem4f : Error.oem4f (.text:xdc_runtime_Error_policyDefault__E)
                  0000243c    0000010c     empty_pem4f.oem4f (.text:ti_uia_loggers_LoggerStopMode_write8__E)
                  00002548    00000100     ti.targets.arm.rtsarm.aem4f : Core-mem.oem4f (.text:xdc_runtime_Core_createObject__I)
                  00002648    000000f8                                 : Startup.oem4f (.text:xdc_runtime_Startup_startMods__I)
                  00002740    000000f8     empty_pem4f.oem4f (.text:xdc_runtime_System_printfExtend__I)
                  00002838    000000f4     driverlib.lib : sysctl.obj (.text:SysCtlClockSet)
                  0000292c    000000f4     sysbios.aem4f : m3_Hwi_asm.obj (.text:ti_sysbios_family_arm_m3_Hwi_dispatch__I)
                  00002a20    000000f4     empty_pem4f.oem4f (.text:ti_uia_loggers_LoggerStopMode_write4__E)
                  00002b14    000000e8     empty_pem4f.oem4f (.text:ti_uia_loggers_LoggerStopMode_write2__E)
                  00002bfc    000000e4     empty_pem4f.oem4f (.text:ti_uia_loggers_LoggerStopMode_write1__E)
                  00002ce0    000000d8     sysbios.aem4f : BIOS.obj (.text:ti_sysbios_family_arm_lm4_TimestampProvider_get32__E)
                  00002db8    000000d8     empty_pem4f.oem4f (.text:ti_uia_loggers_LoggerStopMode_write0__E)
                  00002e90    000000cc     sysbios.aem4f : BIOS.obj (.text:ti_sysbios_knl_Task_schedule__I)
                  00002f5c    000000cc     ti.targets.arm.rtsarm.aem4f : Core-smem.oem4f (.text:xdc_runtime_Core_constructObject__I)
                  00003028    000000cc                                 : HeapStd.oem4f (.text:xdc_runtime_HeapStd_Instance_init__E)
                  000030f4    00000004     empty_pem4f.oem4f (.text:ti_sysbios_family_arm_m3_TaskSupport_Module__startupDone__S)
                  000030f8    000000bc     sysbios.aem4f : BIOS.obj (.text:ti_sysbios_family_arm_m3_Hwi_excDebugMon__I)
                  000031b4    00000004     empty_pem4f.oem4f (.text:ti_sysbios_knl_Clock_TimerProxy_getMaxTicks__E)
                  000031b8    000000bc     sysbios.aem4f : BIOS.obj (.text:ti_sysbios_family_arm_m3_Hwi_excHardFault__I)
                  00003274    00000004     empty_pem4f.oem4f (.text:ti_sysbios_knl_Clock_TimerProxy_getPeriod__E)
                  00003278    000000bc     sysbios.aem4f : BIOS.obj (.text:ti_sysbios_knl_Task_startCore__E)
                  00003334    00000004     empty_pem4f.oem4f (.text:ti_sysbios_knl_Queue_destruct)
                  00003338    000000bc     sysbios.aem4f : BIOS.obj (.text:ti_sysbios_utils_Load_updateLoads__E)
                  000033f4    00000004     empty_pem4f.oem4f (.text:ti_sysbios_knl_Semaphore_destruct)
                  000033f8    000000b4     sysbios.aem4f : BIOS.obj (.text:ti_sysbios_gates_GateMutex_enter__E)
                  000034ac    00000004     ti.uia.loggers.aem4f : LoggerStopMode.oem4f (.text:ti_uia_loggers_LoggerStopMode_getContents__E)
                  000034b0    000000b4     sysbios.aem4f : BIOS.obj (.text:ti_sysbios_knl_Task_checkStacks__E)
                  00003564    00000004     empty_pem4f.oem4f (.text:ti_uia_loggers_LoggerStopMode_getFilterLevel__E)
                  00003568    000000b0     sysbios.aem4f : BIOS.obj (.text:ti_sysbios_utils_Load_idleFxn__E)
                  00003618    000000ac                   : BIOS.obj (.text:ti_sysbios_family_arm_lm4_Timer_enableTiva__I)
                  000036c4    00000004     ti.uia.loggers.aem4f : LoggerStopMode.oem4f (.text:ti_uia_loggers_LoggerStopMode_getInstanceId__E)
                  000036c8    000000ac     sysbios.aem4f : BIOS.obj (.text:ti_sysbios_knl_Swi_post__E)
                  00003774    00000004     ti.uia.loggers.aem4f : LoggerStopMode.oem4f (.text:ti_uia_loggers_LoggerStopMode_getMaxLength__E)
                  00003778    000000a8     sysbios.aem4f : BIOS.obj (.text:ti_sysbios_family_arm_lm4_Timer_enableTimers__I)
                  00003820    000000a8                   : BIOS.obj (.text:ti_sysbios_knl_Task_blockI__E)
                  000038c8    000000a8                   : BIOS.obj (.text:ti_sysbios_knl_Task_postInit__I)
                  00003970    000000a8     ti.targets.arm.rtsarm.aem4f : HeapStd.oem4f (.text:xdc_runtime_HeapStd_free__E)
                  00003a18    000000a0     auto_init.aem4f : auto_init.oem4f (.text)
                  00003ab8    000000a0     ti.targets.arm.rtsarm.aem4f : Text.oem4f (.text:xdc_runtime_Text_putMod__E)
                  00003b58    0000009c     rtsv7M4_T_le_v4SPD16_eabi.lib : memcpy_t2.obj (.text)
                  00003bf4    00000004     ti.uia.loggers.aem4f : LoggerStopMode.oem4f (.text:ti_uia_loggers_LoggerStopMode_getPriority__E)
                  00003bf8    0000009c     sysbios.aem4f : BIOS.obj (.text:ti_sysbios_knl_Semaphore_Instance_init__E)
                  00003c94    0000009a     ti.targets.arm.rtsarm.aem4f : Text.oem4f (.text:xdc_runtime_Text_putSite__E)
                  00003d2e    00000002     rtsv7M4_T_le_v4SPD16_eabi.lib : i_div0.obj (.text)
                  00003d30    00000098     Boot.aem4f : Boot.oem4f (.text:ti_catalog_arm_cortexm4_tiva_ce_Boot_sysCtlClockFreqSet__E)
                  00003dc8    00000094     sysbios.aem4f : BIOS.obj (.text:ti_sysbios_family_arm_m3_Hwi_initNVIC__E)
                  00003e5c    00000004     ti.uia.loggers.aem4f : LoggerStopMode.oem4f (.text:ti_uia_loggers_LoggerStopMode_getTransferType__E)
                  00003e60    00000094     sysbios.aem4f : BIOS.obj (.text:ti_sysbios_knl_Task_exit__E)
                  00003ef4    00000004     ti.targets.arm.rtsarm.aem4f : Error.oem4f (.text:xdc_runtime_Error_getSite__E)
                  00003ef8    00000090     sysbios.aem4f : BIOS.obj (.text:ti_sysbios_knl_Task_unblockI__E)
                  00003f88    00000090     ti.uia.loggers.aem4f : LoggerStopMode.oem4f (.text:ti_uia_loggers_LoggerStopMode_initQueueDescriptor__E)
                  00004018    0000008c     sysbios.aem4f : m3_TaskSupport_asm.obj (.text:ti_sysbios_family_arm_m3_TaskSupport_buildTaskStack)
                  000040a4    00000004     ti.targets.arm.rtsarm.aem4f : HeapStd.oem4f (.text:xdc_runtime_HeapStd_isBlocking__E)
                  000040a8    00000084     sysbios.aem4f : BIOS.obj (.text:ti_sysbios_family_arm_m3_Hwi_postInit__I)
                  0000412c    0000007a     rtsv7M4_T_le_v4SPD16_eabi.lib : memset_t2.obj (.text)
                  000041a6    00000002     empty_pem4f.oem4f (.text:ti_sysbios_BIOS_nullFunc__I)
                  000041a8    00000074     ti.uia.runtime.aem4f : QueueDescriptor.oem4f (.text:ti_uia_runtime_QueueDescriptor_addToList__E)
                  0000421c    0000006d     ti.targets.arm.rtsarm.aem4f : System.oem4f (.text:xdc_runtime_System_formatNum__I)
                  00004289    00000001     --HOLE-- [fill = 0]
                  0000428a    00000006     driverlib.lib : gpio.obj (.text:GPIOPinRead)
                  00004290    0000006c     sysbios.aem4f : BIOS.obj (.text:ti_sysbios_knl_Swi_restoreHwi__E)
                  000042fc    0000006c     ti.targets.arm.rtsarm.aem4f : Error.oem4f (.text:xdc_runtime_Error_print__E)
                  00004368    0000006c                                 : Memory.oem4f (.text:xdc_runtime_Memory_alloc__E)
                  000043d4    0000006a     rtsv7M4_T_le_v4SPD16_eabi.lib : copy_decompress_rle.obj (.text)
                  0000443e    00000002     empty_pem4f.oem4f (.text:ti_uia_loggers_LoggerStopMode_setFilterLevel__E)
                  00004440    00000068     rtsv7M4_T_le_v4SPD16_eabi.lib : trgmsg.obj (.text)
                  000044a8    00000066     ti.uia.loggers.aem4f : LoggerStopMode.oem4f (.text:ti_uia_loggers_LoggerStopMode_flush__E)
                  0000450e    00000066     ti.targets.arm.rtsarm.aem4f : Core-mem.oem4f (.text:xdc_runtime_Core_deleteObject__I)
                  00004574    00000004     empty_pem4f.oem4f (.text:xdc_runtime_System_Module_GateProxy_enter__E)
                  00004578    00000064     sysbios.aem4f : BIOS.obj (.text:ti_sysbios_family_arm_lm4_Timer_Module_startup__E)
                  000045dc    00000004     empty_pem4f.oem4f (.text:xdc_runtime_System_Module_GateProxy_leave__E)
                  000045e0    00000060     sysbios.aem4f : BIOS.obj (.text:ti_sysbios_family_arm_lm4_Timer_isrStub__E)
                  00004640    00000060                   : BIOS.obj (.text:ti_sysbios_knl_Clock_logTick__E)
                  000046a0    00000060                   : BIOS.obj (.text:ti_sysbios_utils_Load_logCPULoad__I)
                  00004700    0000005c                   : BIOS.obj (.text:ti_sysbios_knl_Swi_schedule__I)
                  0000475c    00000004     ti.targets.arm.rtsarm.aem4f : System.oem4f (.text:xdc_runtime_System_aprintf_va__F)
                  00004760    0000005c     sysbios.aem4f : BIOS.obj (.text:ti_sysbios_knl_Task_Module_startup__E)
                  000047bc    0000005b     ti.targets.arm.rtsarm.aem4f : Text.oem4f (.text:xdc_runtime_Text_putLab__E)
                  00004817    00000001     --HOLE-- [fill = 0]
                  00004818    00000058     boot.aem4f : boot.oem4f (.text)
                  00004870    00000058     sysbios.aem4f : m3_Hwi_asm_switch.obj (.text:ti_sysbios_family_arm_m3_Hwi_initStacks__E)
                  000048c8    00000058     empty_pem4f.oem4f (.text:xdc_runtime_HeapStd_Object__create__S)
                  00004920    00000054     rtsv7M4_T_le_v4SPD16_eabi.lib : exit.obj (.text)
                  00004974    00000054     ti.targets.arm.rtsarm.aem4f : Assert.oem4f (.text:xdc_runtime_Assert_raise__I)
                  000049c8    00000050     Boot.aem4f : Boot_sysctl.oem4f (.text:_SysCtlFrequencyGet)
                  00004a18    00000050     sysbios.aem4f : BIOS.obj (.text:ti_sysbios_family_arm_m3_Hwi_Module_startup__E)
                  00004a68    00000050     ti.targets.arm.rtsarm.aem4f : Startup.oem4f (.text:xdc_runtime_Startup_exec__E)
                  00004ab8    00000050                                 : Text.oem4f (.text:xdc_runtime_Text_visitRope2__I)
                  00004b08    0000004c     rtsv7M4_T_le_v4SPD16_eabi.lib : cpy_tbl.obj (.text)
                  00004b54    00000004     ti.targets.arm.rtsarm.aem4f : System.oem4f (.text:xdc_runtime_System_printf_va__F)
                  00004b58    0000004c     sysbios.aem4f : BIOS.obj (.text:ti_sysbios_knl_Swi_runLoop__I)
                  00004ba4    00000002     ti.uia.loggers.aem4f : LoggerStopMode.oem4f (.text:ti_uia_loggers_LoggerStopMode_setPriority__E)
                  00004ba6    00000002     empty_pem4f.oem4f (.text:xdc_runtime_Startup_reset__I)
                  00004ba8    0000004c     sysbios.aem4f : BIOS.obj (.text:ti_sysbios_knl_Task_allBlockedFunction__I)
                  00004bf4    0000004c     ti.uia.loggers.aem4f : LoggerStopMode.oem4f (.text:ti_uia_loggers_LoggerStopMode_Module_startup__E)
                  00004c40    00000048     sysbios.aem4f : BIOS.obj (.text:ti_sysbios_family_arm_m3_Hwi_disableInterrupt__E)
                  00004c88    00000048                   : BIOS.obj (.text:ti_sysbios_family_arm_m3_Hwi_enableInterrupt__E)
                  00004cd0    00000048                   : BIOS.obj (.text:ti_sysbios_family_arm_m3_Hwi_excReserved__I)
                  00004d18    00000046     ti.targets.arm.rtsarm.aem4f : Core-params.oem4f (.text:xdc_runtime_Core_assignParams__I)
                  00004d5e    00000002     --HOLE-- [fill = 0]
                  00004d60    00000044     sysbios.aem4f : BIOS.obj (.text:ti_sysbios_family_arm_lm4_Timer_stop__E)
                  00004da4    00000004     --HOLE-- [fill = 0]
                  00004da8    00000044                   : BIOS.obj (.text:ti_sysbios_family_arm_m3_Hwi_getStackInfo__E)
                  00004dec    00000044     ti.uia.loggers.aem4f : LoggerStopMode.oem4f (.text:ti_uia_loggers_LoggerStopMode_initBuffer__I)
                  00004e30    00000044     ti.targets.arm.rtsarm.aem4f : Error.oem4f (.text:xdc_runtime_Error_setX__E)
                  00004e74    00000044                                 : SysMin.oem4f (.text:xdc_runtime_SysMin_flush__E)
                  00004eb8    00000044                                 : Text.oem4f (.text:xdc_runtime_Text_xprintf__I)
                  00004efc    00000040     rtsv7M4_T_le_v4SPD16_eabi.lib : u_divt2.obj (.text)
                  00004f3c    00000004     --HOLE-- [fill = 0]
                  00004f40    00000040     sysbios.aem4f : BIOS.obj (.text:ti_sysbios_family_arm_lm4_Timer_startup__E)
                  00004f80    0000003c                   : BIOS.obj (.text:ti_sysbios_family_arm_m3_Hwi_excSvCall__I)
                  00004fbc    00000004     --HOLE-- [fill = 0]
                  00004fc0    0000003c                   : BIOS.obj (.text:ti_sysbios_heaps_HeapMem_init__I)
                  00004ffc    00000004     --HOLE-- [fill = 0]
                  00005000    0000003c                   : BIOS.obj (.text:ti_sysbios_knl_Swi_startup__E)
                  0000503c    00000004     --HOLE-- [fill = 0]
                  00005040    00000038                   : BIOS.obj (.text:ti_sysbios_family_arm_m3_Hwi_excNoIsr__I)
                  00005078    00000038                   : BIOS.obj (.text:ti_sysbios_knl_Task_processVitalTaskFlag__I)
                  000050b0    00000038     ti.targets.arm.rtsarm.aem4f : SysMin.oem4f (.text:xdc_runtime_SysMin_putch__E)
                  000050e8    00000038                                 : System.oem4f (.text:xdc_runtime_System_atexit__E)
                  00005120    00000034     driverlib.lib : sysctl.obj (.text:SysCtlPeripheralEnable)
                  00005154    00000004     --HOLE-- [fill = 0]
                  00005158    00000034     sysbios.aem4f : BIOS.obj (.text:ti_sysbios_family_arm_m3_Hwi_excNmi__I)
                  0000518c    00000004     --HOLE-- [fill = 0]
                  00005190    00000034                   : BIOS.obj (.text:ti_sysbios_hal_Hwi_checkStack)
                  000051c4    00000034     ti.uia.loggers.aem4f : LoggerStopMode.oem4f (.text:ti_uia_loggers_LoggerStopMode_reset__E)
                  000051f8    00000034     ti.targets.arm.rtsarm.aem4f : Core-label.oem4f (.text:xdc_runtime_Core_assignLabel__I)
                  0000522c    00000033                                 : Text.oem4f (.text:xdc_runtime_Text_printVisFxn__I)
                  0000525f    00000001     --HOLE-- [fill = 0]
                  00005260    00000032     sysbios.aem4f : BIOS.obj (.text:ti_sysbios_hal_Hwi_initStack)
                  00005292    00000006     driverlib.lib : gpio.obj (.text:GPIOPinWrite)
                  00005298    00000032     sysbios.aem4f : BIOS.obj (.text:ti_sysbios_knl_Semaphore_pendTimeout__I)
                  000052ca    00000002     --HOLE-- [fill = 0]
                  000052cc    00000030     main.obj (.text:hardware_init)
                  000052fc    00000030     empty_pem4f.oem4f (.text:ti_sysbios_BIOS_atExitFunc__I)
                  0000532c    00000004     --HOLE-- [fill = 0]
                  00005330    00000030     sysbios.aem4f : BIOS.obj (.text:ti_sysbios_family_arm_m3_TaskSupport_start__E)
                  00005360    00000030     empty_pem4f.oem4f (.text:ti_sysbios_gates_GateHwi_Object__create__S)
                  00005390    00000030     empty_pem4f.oem4f (.text:ti_sysbios_gates_GateMutex_Object__create__S)
                  000053c0    00000030     empty_pem4f.oem4f (.text:ti_sysbios_knl_Semaphore_construct)
                  000053f0    00000030     sysbios.aem4f : BIOS.obj (.text:ti_sysbios_utils_Load_updateCurrentThreadTime__E)
                  00005420    00000030     empty_pem4f.oem4f (.text:ti_uia_loggers_LoggerStopMode_Object__create__S)
                  00005450    00000030     ti.targets.arm.rtsarm.aem4f : SysMin.oem4f (.text:xdc_runtime_SysMin_abort__E)
                  00005480    00000030                                 : System.oem4f (.text:xdc_runtime_System_processAtExit__E)
                  000054b0    0000002c     empty_pem4f.oem4f (.text:ti_sysbios_knl_Clock_doTick__I)
                  000054dc    0000002c     empty_pem4f.oem4f (.text:ti_sysbios_knl_Queue_construct)
                  00005508    0000002c     sysbios.aem4f : BIOS.obj (.text:ti_sysbios_knl_Task_restore__E)
                  00005534    0000002c     ti.targets.arm.rtsarm.aem4f : Text.oem4f (.text:xdc_runtime_Text_cordText__E)
                  00005560    0000002a     driverlib.lib : gpio.obj (.text:GPIODirModeSet)
                  0000558a    0000002a     ti.targets.arm.rtsarm.aem4f : System.oem4f (.text:xdc_runtime_System_putchar__I)
                  000055b4    00000004     --HOLE-- [fill = 0]
                  000055b8    00000028     sysbios.aem4f : BIOS.obj (.text:ti_sysbios_knl_Swi_Module_startup__E)
                  000055e0    00000026                   : m3_Hwi_asm.obj (.text:ti_sysbios_family_arm_m3_Hwi_pendSV__I)
                  00005606    00000026     ti.targets.arm.rtsarm.aem4f : System.oem4f (.text:xdc_runtime_System_avprintf__E)
                  0000562c    00000024     empty_pem4f.oem4f (.text:ti_sysbios_BIOS_registerRTSLock__I)
                  00005650    00000024     empty_pem4f.oem4f (.text:ti_sysbios_BIOS_removeRTSLock__I)
                  00005674    00000024     empty_pem4f.oem4f (.text:ti_sysbios_BIOS_startFunc__I)
                  00005698    00000024     sysbios.aem4f : BIOS.obj (.text:ti_sysbios_family_arm_m3_Hwi_doTaskRestore__I)
                  000056bc    00000024     empty_pem4f.oem4f (.text:ti_sysbios_gates_GateMutex_Object__delete__S)
                  000056e0    00000024     sysbios.aem4f : BIOS.obj (.text:ti_sysbios_knl_Clock_Module_startup__E)
                  00005704    00000024     ti.targets.arm.rtsarm.aem4f : System.oem4f (.text:xdc_runtime_System_vprintf__E)
                  00005728    00000022     sysbios.aem4f : BIOS.obj (.text:ti_sysbios_family_arm_lm4_Timer_write__I)
                  0000574a    00000022     empty_pem4f.oem4f (.text:xdc_runtime_SysMin_output__I)
                  0000576c    00000020     Boot.aem4f : Boot_sysctl.oem4f (.text:_SysCtlMemTimingGet)
                  0000578c    00000020     empty_pem4f.oem4f (.text:ti_sysbios_BIOS_rtsLock__I)
                  000057ac    00000020     sysbios.aem4f : m3_Hwi_asm.obj (.text:ti_sysbios_family_arm_m3_Hwi_excHandlerAsm__I)
                  000057cc    00000004     --HOLE-- [fill = 0]
                  000057d0    00000020                   : BIOS.obj (.text:ti_sysbios_family_arm_m3_Hwi_excHandler__I)
                  000057f0    00000020     empty_pem4f.oem4f (.text:ti_sysbios_gates_GateHwi_Object__delete__S)
                  00005810    00000020     sysbios.aem4f : BIOS.obj (.text:ti_sysbios_knl_Idle_run__E)
                  00005830    00000020     empty_pem4f.oem4f (.text:ti_sysbios_knl_Semaphore_Object__destruct__S)
                  00005850    00000020     empty_pem4f.oem4f (.text:ti_uia_loggers_LoggerStopMode_Object__delete__S)
                  00005870    00000020     ti.targets.arm.rtsarm.aem4f : Registry.oem4f (.text:xdc_runtime_Registry_findById__E)
                  00005890    00000020                                 : SysMin.oem4f (.text:xdc_runtime_SysMin_Module_startup__E)
                  000058b0    0000001e     empty_pem4f.oem4f (.text:ti_sysbios_BIOS_errorRaiseHook__I)
                  000058ce    0000001e     sysbios.aem4f : m3_Hwi_asm_switch.obj (.text:ti_sysbios_family_xxx_Hwi_switchAndRunFunc)
                  000058ec    00000004     --HOLE-- [fill = 0]
                  000058f0    0000001c                   : BIOS.obj (.text:ti_sysbios_gates_GateMutex_Instance_init__E)
                  0000590c    0000001c     empty_pem4f.oem4f (.text:ti_sysbios_knl_Queue_Object__destruct__S)
                  00005928    0000001c     sysbios.aem4f : BIOS.obj (.text:ti_sysbios_knl_Task_enter__I)
                  00005944    0000001c     ti.uia.loggers.aem4f : LoggerStopMode.oem4f (.text:ti_uia_loggers_LoggerStopMode_Instance_init__E)
                  00005960    0000001c     ti.targets.arm.rtsarm.aem4f : Error.oem4f (.text:xdc_runtime_Error_raiseX__E)
                  0000597c    0000001c     empty_pem4f.oem4f (.text:xdc_runtime_HeapStd_Object__delete__S)
                  00005998    0000001c     ti.targets.arm.rtsarm.aem4f : Memory.oem4f (.text:xdc_runtime_Memory_valloc__E)
                  000059b4    0000001c                                 : SysMin.oem4f (.text:xdc_runtime_SysMin_exit__E)
                  000059d0    0000001c                                 : System.oem4f (.text:xdc_runtime_System_abort__E)
                  000059ec    0000001a     empty_pem4f.oem4f (.text:ti_sysbios_family_arm_m3_Hwi_Handle__label__S)
                  00005a06    0000001a     empty_pem4f.oem4f (.text:ti_sysbios_gates_GateHwi_Handle__label__S)
                  00005a20    0000001a     empty_pem4f.oem4f (.text:ti_sysbios_gates_GateMutex_Handle__label__S)
                  00005a3a    0000001a     empty_pem4f.oem4f (.text:ti_sysbios_knl_Swi_Handle__label__S)
                  00005a54    0000001a     empty_pem4f.oem4f (.text:ti_sysbios_knl_Task_Handle__label__S)
                  00005a6e    0000001a     empty_pem4f.oem4f (.text:ti_uia_loggers_LoggerStopMode_Handle__label__S)
                  00005a88    0000001a     empty_pem4f.oem4f (.text:xdc_runtime_HeapStd_Handle__label__S)
                  00005aa2    0000001a     empty_pem4f.oem4f (.text:xdc_runtime_System_aprintf__E)
                  00005abc    0000001a     empty_pem4f.oem4f (.text:xdc_runtime_System_printf__E)
                  00005ad6    00000018     driverlib.lib : gpio.obj (.text:GPIOPinTypeGPIOOutput)
                  00005aee    00000002     --HOLE-- [fill = 0]
                  00005af0    00000018     rtsv7M4_T_le_v4SPD16_eabi.lib : args_main.obj (.text)
                  00005b08    00000018     empty_pem4f.oem4f (.text:ti_sysbios_BIOS_rtsUnlock__I)
                  00005b20    00000018     empty_pem4f.oem4f (.text:ti_sysbios_family_arm_lm4_Timer_Module__startupDone__F)
                  00005b38    00000018     empty_pem4f.oem4f (.text:ti_sysbios_family_arm_m3_Hwi_Module__startupDone__F)
                  00005b50    00000018     sysbios.aem4f : m3_TaskSupport_asm.obj (.text:ti_sysbios_family_arm_m3_TaskSupport_swap__E)
                  00005b68    00000018                   : BIOS.obj (.text:ti_sysbios_gates_GateMutex_leave__E)
                  00005b80    00000018     ti.targets.arm.rtsarm.aem4f : Error.oem4f (.text:xdc_runtime_Error_check__E)
                  00005b98    00000018                                 : System.oem4f (.text:xdc_runtime_System_exit__E)
                  00005bb0    00000018                                 : Text.oem4f (.text:xdc_runtime_Text_ropeText__E)
                  00005bc8    00000016     empty_pem4f.oem4f (.text:ti_sysbios_BIOS_exitFunc__I)
                  00005bde    00000016     ti.uia.loggers.aem4f : LoggerStopMode.oem4f (.text:ti_uia_loggers_LoggerStopMode_disable__E)
                  00005bf4    00000016                          : LoggerStopMode.oem4f (.text:ti_uia_loggers_LoggerStopMode_enable__E)
                  00005c0a    00000002     --HOLE-- [fill = 0]
                  00005c0c    00000014     rtsv7M4_T_le_v4SPD16_eabi.lib : _lock.obj (.text)
                  00005c20    00000014                                   : strcpy.obj (.text)
                  00005c34    00000014                                   : strlen.obj (.text)
                  00005c48    00000014     empty_pem4f.oem4f (.text:ti_sysbios_family_arm_m3_Hwi_Object__get__S)
                  00005c5c    00000004     --HOLE-- [fill = 0]
                  00005c60    00000014     sysbios.aem4f : BIOS.obj (.text:ti_sysbios_family_arm_m3_Hwi_switchFromBootStack__E)
                  00005c74    00000014     empty_pem4f.oem4f (.text:ti_sysbios_knl_Swi_Object__get__S)
                  00005c88    00000012     sysbios.aem4f : BIOS.obj (.text:ti_sysbios_hal_Hwi_Module_startup__E)
                  00005c9a    00000012     empty_pem4f.oem4f (.text:xdc_runtime_Startup_exec__I)
                  00005cac    00000010     empty_pem4f.oem4f (.text:.bootCodeSection:ti_catalog_arm_cortexm4_tiva_ce_Boot_init__I)
                  00005cbc    00000004     --HOLE-- [fill = 0]
                  00005cc0    00000010     sysbios.aem4f : BIOS.obj (.text:ti_sysbios_BIOS_getCpuFreq__E)
                  00005cd0    00000010                   : BIOS.obj (.text:ti_sysbios_BIOS_setThreadType__E)
                  00005ce0    00000010                   : BIOS.obj (.text:ti_sysbios_BIOS_start__E)
                  00005cf0    00000010                   : BIOS.obj (.text:ti_sysbios_family_arm_lm4_TimestampProvider_rolloverFunc__E)
                  00005d00    00000010                   : m3_TaskSupport_asm.obj (.text:ti_sysbios_family_arm_m3_TaskSupport_glue)
                  00005d10    00000010                   : BIOS.obj (.text:ti_sysbios_gates_GateMutex_Instance_finalize__E)
                  00005d20    00000010     empty_pem4f.oem4f (.text:ti_sysbios_heaps_HeapMem_Object__get__S)
                  00005d30    00000010     sysbios.aem4f : BIOS.obj (.text:ti_sysbios_knl_Semaphore_Instance_finalize__E)
                  00005d40    00000010                   : BIOS.obj (.text:ti_sysbios_knl_Swi_disable__E)
                  00005d50    00000010     empty_pem4f.oem4f (.text:ti_sysbios_knl_Task_Object__get__S)
                  00005d60    00000010     sysbios.aem4f : BIOS.obj (.text:ti_sysbios_knl_Task_disable__E)
                  00005d70    00000010     empty_pem4f.oem4f (.text:ti_uia_loggers_LoggerStopMode_Object__get__S)
                  00005d80    00000010     ti.uia.loggers.aem4f : LoggerStopMode.oem4f (.text:ti_uia_loggers_LoggerStopMode_isEmpty__E)
                  00005d90    00000010     ti.targets.arm.rtsarm.aem4f : Gate.oem4f (.text:xdc_runtime_Gate_leaveSystem__E)
                  00005da0    00000010                                 : Memory.oem4f (.text:xdc_runtime_Memory_free__E)
                  00005db0    00000010                                 : SysMin.oem4f (.text:xdc_runtime_SysMin_ready__E)
                  00005dc0    00000010                                 : System.oem4f (.text:xdc_runtime_System_vsnprintf__E)
                  00005dd0    00000010     empty_pem4f.oem4f (.text:xdc_runtime_Text_visitRope__I)
                  00005de0    0000000e     rtsv7M4_T_le_v4SPD16_eabi.lib : copy_decompress_none.obj (.text:decompress:none)
                  00005dee    00000002     --HOLE-- [fill = 0]
                  00005df0    0000000e     sysbios.aem4f : BIOS.obj (.text:ti_sysbios_knl_Idle_loop__E)
                  00005dfe    00000002     --HOLE-- [fill = 0]
                  00005e00    0000000e                   : BIOS.obj (.text:ti_sysbios_knl_Queue_empty__E)
                  00005e0e    0000000e     ti.targets.arm.rtsarm.aem4f : HeapStd.oem4f (.text:xdc_runtime_HeapStd_getStats__E)
                  00005e1c    0000000c     main.obj (.text:main)
                  00005e28    0000000c     sysbios.aem4f : BIOS.obj (.text:ti_sysbios_family_arm_lm4_Timer_getMaxTicks__E)
                  00005e34    00000004     --HOLE-- [fill = 0]
                  00005e38    0000000c                   : BIOS.obj (.text:ti_sysbios_family_arm_lm4_TimestampProvider_startTimer__E)
                  00005e44    00000004     --HOLE-- [fill = 0]
                  00005e48    0000000c                   : BIOS.obj (.text:ti_sysbios_family_arm_m3_Hwi_disableFxn__E)
                  00005e54    00000004     --HOLE-- [fill = 0]
                  00005e58    0000000c                   : BIOS.obj (.text:ti_sysbios_family_arm_m3_TaskSupport_checkStack__E)
                  00005e64    00000004     --HOLE-- [fill = 0]
                  00005e68    0000000c                   : BIOS.obj (.text:ti_sysbios_gates_GateHwi_enter__E)
                  00005e74    0000000c     empty_pem4f.oem4f (.text:ti_sysbios_knl_Queue_Object__get__S)
                  00005e80    0000000c     ti.targets.arm.rtsarm.aem4f : Error.oem4f (.text:xdc_runtime_Error_init__E)
                  00005e8c    0000000c                                 : Gate.oem4f (.text:xdc_runtime_Gate_enterSystem__E)
                  00005e98    0000000c                                 : Memory.oem4f (.text:xdc_runtime_Memory_calloc__E)
                  00005ea4    0000000c                                 : Memory.oem4f (.text:xdc_runtime_Memory_getMaxDefaultTypeAlign__E)
                  00005eb0    0000000a     empty_pem4f.oem4f (.text:xdc_runtime_IHeap_alloc)
                  00005eba    0000000a     empty_pem4f.oem4f (.text:xdc_runtime_IHeap_free)
                  00005ec4    00000008     sysbios.aem4f : BIOS.obj (.text:ti_sysbios_family_arm_lm4_Timer_masterDisable__I)
                  00005ecc    00000004     --HOLE-- [fill = 0]
                  00005ed0    00000008                   : BIOS.obj (.text:ti_sysbios_family_arm_m3_Hwi_doSwiRestore__I)
                  00005ed8    00000008                   : BIOS.obj (.text:ti_sysbios_family_arm_m3_Hwi_startup__E)
                  00005ee0    00000006     driverlib.lib : sysctl.obj (.text:SysCtlDelay)
                  00005ee6    00000006     rtsv7M4_T_le_v4SPD16_eabi.lib : copy_decompress_rle.obj (.text:decompress:rle24)
                  00005eec    00000004     --HOLE-- [fill = 0]
                  00005ef0    00000006     sysbios.aem4f : BIOS.obj (.text:ti_sysbios_family_arm_lm4_TimestampProvider_Module_startup__E)
                  00005ef6    00000002     --HOLE-- [fill = 0]
                  00005ef8    00000006                   : BIOS.obj (.text:ti_sysbios_family_arm_m3_Hwi_restoreFxn__E)
                  00005efe    00000002     --HOLE-- [fill = 0]
                  00005f00    00000006                   : BIOS.obj (.text:ti_sysbios_gates_GateHwi_leave__E)
                  00005f06    00000002     --HOLE-- [fill = 0]
                  00005f08    00000006                   : BIOS.obj (.text:ti_sysbios_knl_Queue_Instance_init__E)
                  00005f0e    00000006     ti.targets.arm.rtsarm.aem4f : System.oem4f (.text:xdc_runtime_System_Module_startup__E)
                  00005f14    00000004     --HOLE-- [fill = 0]
                  00005f18    00000004     sysbios.aem4f : BIOS.obj (.text:ti_sysbios_family_arm_lm4_Timer_getPeriod__E)
                  00005f1c    00000004     --HOLE-- [fill = 0]
                  00005f20    00000004                   : BIOS.obj (.text:ti_sysbios_gates_GateHwi_query__E)
                  00005f24    00000004     --HOLE-- [fill = 0]
                  00005f28    00000004                   : BIOS.obj (.text:ti_sysbios_gates_GateMutex_query__E)
                  00005f2c    00000004     --HOLE-- [fill = 0]
                  00005f30    00000004                   : BIOS.obj (.text:ti_sysbios_knl_Task_startup__E)
                  00005f34    00000004     --HOLE-- [fill = 0]
                  00005f38    00000002                   : BIOS.obj (.text:ti_sysbios_gates_GateHwi_Instance_init__E)

.const     0    00005f3c    0000281d     
                  00005f3c    00001fb2     empty_pem4f.oem4f (.const:xdc_runtime_Text_charTab__A)
                  00007eee    00000002     empty_pem4f.oem4f (.const:ti_catalog_arm_cortexm4_tiva_ce_Boot_Module__id__C)
                  00007ef0    00000120     Boot.aem4f : Boot_sysctl.oem4f (.const:g_pppui32XTALtoVCO)
                  00008010    00000108     empty_pem4f.oem4f (.const:xdc_runtime_Text_nodeTab__A)
                  00008118    0000006c     Boot.aem4f : Boot_sysctl.oem4f (.const:g_pui32Xtals)
                  00008184    00000060     empty_pem4f.oem4f (.const:ti_uia_loggers_LoggerStopMode_Module__FXNS__C)
                  000081e4    00000048     empty_pem4f.oem4f (.const:.string)
                  0000822c    00000030     Boot.aem4f : Boot_sysctl.oem4f (.const:g_sXTALtoMEMTIM)
                  0000825c    00000028     empty_pem4f.oem4f (.const:ti_uia_loggers_LoggerStopMode_Object__PARAMS__C)
                  00008284    00000028     empty_pem4f.oem4f (.const:xdc_runtime_HeapStd_Module__FXNS__C)
                  000082ac    00000028     empty_pem4f.oem4f (.const:xdc_runtime_Startup_sfxnTab__A)
                  000082d4    00000024     empty_pem4f.oem4f (.const:ti_sysbios_gates_GateHwi_Module__FXNS__C)
                  000082f8    00000024     empty_pem4f.oem4f (.const:ti_sysbios_gates_GateMutex_Module__FXNS__C)
                  0000831c    00000024     empty_pem4f.oem4f (.const:ti_sysbios_knl_Semaphore_Object__PARAMS__C)
                  00008340    00000020     empty_pem4f.oem4f (.const:ti_sysbios_gates_GateHwi_Object__DESC__C)
                  00008360    00000020     empty_pem4f.oem4f (.const:ti_sysbios_gates_GateMutex_Object__DESC__C)
                  00008380    00000020     empty_pem4f.oem4f (.const:ti_sysbios_knl_Queue_Object__DESC__C)
                  000083a0    00000020     empty_pem4f.oem4f (.const:ti_sysbios_knl_Semaphore_Object__DESC__C)
                  000083c0    00000020     empty_pem4f.oem4f (.const:ti_uia_loggers_LoggerStopMode_Object__DESC__C)
                  000083e0    00000020     empty_pem4f.oem4f (.const:xdc_runtime_HeapStd_Object__DESC__C)
                  00008400    0000001c     empty_pem4f.oem4f (.const:xdc_runtime_HeapStd_Object__PARAMS__C)
                  0000841c    00000018     empty_pem4f.oem4f (.const:ti_sysbios_gates_GateHwi_Object__PARAMS__C)
                  00008434    00000018     empty_pem4f.oem4f (.const:ti_sysbios_gates_GateMutex_Object__PARAMS__C)
                  0000844c    00000018     empty_pem4f.oem4f (.const:ti_sysbios_knl_Queue_Object__PARAMS__C)
                  00008464    00000014     empty_pem4f.oem4f (.const:xdc_runtime_Startup_firstFxns__A)
                  00008478    00000014     empty_pem4f.oem4f (.const:xdc_runtime_Startup_sfxnRts__A)
                  0000848c    00000008     Boot.aem4f : Boot_sysctl.oem4f (.const)
                  00008494    00000008     empty_pem4f.oem4f (.const:ti_sysbios_family_arm_m3_Hwi_excHookFuncs__A)
                  0000849c    00000008     empty_pem4f.oem4f (.const:ti_sysbios_knl_Idle_funcList__A)
                  000084a4    00000008     empty_pem4f.oem4f (.const:ti_sysbios_knl_Idle_funcList__C)
                  000084ac    00000008     empty_pem4f.oem4f (.const:xdc_runtime_Startup_firstFxns__C)
                  000084b4    00000008     empty_pem4f.oem4f (.const:xdc_runtime_Startup_lastFxns__C)
                  000084bc    00000004     empty_pem4f.oem4f (.const:ti_catalog_arm_cortexm4_tiva_ce_Boot_A_mustNotUseEnhancedClockMode__C)
                  000084c0    00000004     empty_pem4f.oem4f (.const:ti_catalog_arm_cortexm4_tiva_ce_Boot_Module__diagsEnabled__C)
                  000084c4    00000004     empty_pem4f.oem4f (.const:ti_catalog_arm_cortexm4_tiva_ce_Boot_Module__diagsIncluded__C)
                  000084c8    00000004     empty_pem4f.oem4f (.const:ti_catalog_arm_cortexm4_tiva_ce_Boot_Module__diagsMask__C)
                  000084cc    00000004     empty_pem4f.oem4f (.const:ti_sysbios_family_arm_lm4_Timer_enableFunc__C)
                  000084d0    00000004     empty_pem4f.oem4f (.const:ti_sysbios_family_arm_lm4_Timer_numTimerDevices__C)
                  000084d4    00000004     empty_pem4f.oem4f (.const:ti_sysbios_family_arm_lm4_Timer_startupNeeded__C)
                  000084d8    00000004     empty_pem4f.oem4f (.const:ti_sysbios_family_arm_m3_Hwi_E_NMI__C)
                  000084dc    00000004     empty_pem4f.oem4f (.const:ti_sysbios_family_arm_m3_Hwi_E_busFault__C)
                  000084e0    00000004     empty_pem4f.oem4f (.const:ti_sysbios_family_arm_m3_Hwi_E_debugMon__C)
                  000084e4    00000004     empty_pem4f.oem4f (.const:ti_sysbios_family_arm_m3_Hwi_E_hardFault__C)
                  000084e8    00000004     empty_pem4f.oem4f (.const:ti_sysbios_family_arm_m3_Hwi_E_memFault__C)
                  000084ec    00000004     empty_pem4f.oem4f (.const:ti_sysbios_family_arm_m3_Hwi_E_noIsr__C)
                  000084f0    00000004     empty_pem4f.oem4f (.const:ti_sysbios_family_arm_m3_Hwi_E_reserved__C)
                  000084f4    00000004     empty_pem4f.oem4f (.const:ti_sysbios_family_arm_m3_Hwi_E_svCall__C)
                  000084f8    00000004     empty_pem4f.oem4f (.const:ti_sysbios_family_arm_m3_Hwi_E_usageFault__C)
                  000084fc    00000004     empty_pem4f.oem4f (.const:ti_sysbios_family_arm_m3_Hwi_LD_end__C)
                  00008500    00000004     empty_pem4f.oem4f (.const:ti_sysbios_family_arm_m3_Hwi_LM_begin__C)
                  00008504    00000004     empty_pem4f.oem4f (.const:ti_sysbios_family_arm_m3_Hwi_Module__diagsEnabled__C)
                  00008508    00000004     empty_pem4f.oem4f (.const:ti_sysbios_family_arm_m3_Hwi_Module__diagsIncluded__C)
                  0000850c    00000004     empty_pem4f.oem4f (.const:ti_sysbios_family_arm_m3_Hwi_Module__diagsMask__C)
                  00008510    00000004     empty_pem4f.oem4f (.const:ti_sysbios_family_arm_m3_Hwi_Module__loggerFxn1__C)
                  00008514    00000004     empty_pem4f.oem4f (.const:ti_sysbios_family_arm_m3_Hwi_Module__loggerFxn8__C)
                  00008518    00000004     empty_pem4f.oem4f (.const:ti_sysbios_family_arm_m3_Hwi_Module__loggerObj__C)
                  0000851c    00000004     empty_pem4f.oem4f (.const:ti_sysbios_family_arm_m3_Hwi_NUM_INTERRUPTS__C)
                  00008520    00000004     empty_pem4f.oem4f (.const:ti_sysbios_family_arm_m3_Hwi_Object__count__C)
                  00008524    00000004     empty_pem4f.oem4f (.const:ti_sysbios_family_arm_m3_Hwi_ccr__C)
                  00008528    00000004     empty_pem4f.oem4f (.const:ti_sysbios_family_arm_m3_Hwi_excHandlerFunc__C)
                  0000852c    00000004     empty_pem4f.oem4f (.const:ti_sysbios_family_arm_m3_Hwi_excHookFuncs__C)
                  00008530    00000004     empty_pem4f.oem4f (.const:ti_sysbios_family_arm_m3_Hwi_nullIsrFunc__C)
                  00008534    00000004     empty_pem4f.oem4f (.const:ti_sysbios_family_arm_m3_Hwi_priGroup__C)
                  00008538    00000004     empty_pem4f.oem4f (.const:ti_sysbios_gates_GateMutex_A_badContext__C)
                  0000853c    00000004     empty_pem4f.oem4f (.const:ti_sysbios_gates_GateMutex_Instance_State_sem__O)
                  00008540    00000004     empty_pem4f.oem4f (.const:ti_sysbios_gates_GateMutex_Module__diagsEnabled__C)
                  00008544    00000004     empty_pem4f.oem4f (.const:ti_sysbios_gates_GateMutex_Module__diagsIncluded__C)
                  00008548    00000004     empty_pem4f.oem4f (.const:ti_sysbios_gates_GateMutex_Module__diagsMask__C)
                  0000854c    00000004     empty_pem4f.oem4f (.const:ti_sysbios_hal_Hwi_E_stackOverflow__C)
                  00008550    00000004     empty_pem4f.oem4f (.const:ti_sysbios_heaps_HeapMem_Object__count__C)
                  00008554    00000004     empty_pem4f.oem4f (.const:ti_sysbios_knl_Clock_LM_begin__C)
                  00008558    00000004     empty_pem4f.oem4f (.const:ti_sysbios_knl_Clock_LM_tick__C)
                  0000855c    00000004     empty_pem4f.oem4f (.const:ti_sysbios_knl_Clock_LW_delayed__C)
                  00008560    00000004     empty_pem4f.oem4f (.const:ti_sysbios_knl_Clock_Module_State_clockQ__O)
                  00008564    00000004     empty_pem4f.oem4f (.const:ti_sysbios_knl_Clock_Module__diagsEnabled__C)
                  00008568    00000004     empty_pem4f.oem4f (.const:ti_sysbios_knl_Clock_Module__diagsIncluded__C)
                  0000856c    00000004     empty_pem4f.oem4f (.const:ti_sysbios_knl_Clock_Module__diagsMask__C)
                  00008570    00000004     empty_pem4f.oem4f (.const:ti_sysbios_knl_Clock_Module__loggerFxn1__C)
                  00008574    00000004     empty_pem4f.oem4f (.const:ti_sysbios_knl_Clock_Module__loggerFxn2__C)
                  00008578    00000004     empty_pem4f.oem4f (.const:ti_sysbios_knl_Clock_Module__loggerObj__C)
                  0000857c    00000004     empty_pem4f.oem4f (.const:ti_sysbios_knl_Semaphore_A_badContext__C)
                  00008580    00000004     empty_pem4f.oem4f (.const:ti_sysbios_knl_Semaphore_A_noEvents__C)
                  00008584    00000004     empty_pem4f.oem4f (.const:ti_sysbios_knl_Semaphore_A_overflow__C)
                  00008588    00000004     empty_pem4f.oem4f (.const:ti_sysbios_knl_Semaphore_A_pendTaskDisabled__C)
                  0000858c    00000004     empty_pem4f.oem4f (.const:ti_sysbios_knl_Semaphore_Instance_State_pendQ__O)
                  00008590    00000004     empty_pem4f.oem4f (.const:ti_sysbios_knl_Semaphore_LM_pend__C)
                  00008594    00000004     empty_pem4f.oem4f (.const:ti_sysbios_knl_Semaphore_LM_post__C)
                  00008598    00000004     empty_pem4f.oem4f (.const:ti_sysbios_knl_Semaphore_Module__diagsEnabled__C)
                  0000859c    00000004     empty_pem4f.oem4f (.const:ti_sysbios_knl_Semaphore_Module__diagsIncluded__C)
                  000085a0    00000004     empty_pem4f.oem4f (.const:ti_sysbios_knl_Semaphore_Module__diagsMask__C)
                  000085a4    00000004     empty_pem4f.oem4f (.const:ti_sysbios_knl_Semaphore_Module__loggerFxn2__C)
                  000085a8    00000004     empty_pem4f.oem4f (.const:ti_sysbios_knl_Semaphore_Module__loggerFxn4__C)
                  000085ac    00000004     empty_pem4f.oem4f (.const:ti_sysbios_knl_Semaphore_Module__loggerObj__C)
                  000085b0    00000004     empty_pem4f.oem4f (.const:ti_sysbios_knl_Swi_LD_end__C)
                  000085b4    00000004     empty_pem4f.oem4f (.const:ti_sysbios_knl_Swi_LM_begin__C)
                  000085b8    00000004     empty_pem4f.oem4f (.const:ti_sysbios_knl_Swi_LM_post__C)
                  000085bc    00000004     empty_pem4f.oem4f (.const:ti_sysbios_knl_Swi_Module__diagsEnabled__C)
                  000085c0    00000004     empty_pem4f.oem4f (.const:ti_sysbios_knl_Swi_Module__diagsIncluded__C)
                  000085c4    00000004     empty_pem4f.oem4f (.const:ti_sysbios_knl_Swi_Module__diagsMask__C)
                  000085c8    00000004     empty_pem4f.oem4f (.const:ti_sysbios_knl_Swi_Module__loggerFxn1__C)
                  000085cc    00000004     empty_pem4f.oem4f (.const:ti_sysbios_knl_Swi_Module__loggerFxn4__C)
                  000085d0    00000004     empty_pem4f.oem4f (.const:ti_sysbios_knl_Swi_Module__loggerObj__C)
                  000085d4    00000004     empty_pem4f.oem4f (.const:ti_sysbios_knl_Swi_Object__count__C)
                  000085d8    00000004     empty_pem4f.oem4f (.const:ti_sysbios_knl_Task_E_spOutOfBounds__C)
                  000085dc    00000004     empty_pem4f.oem4f (.const:ti_sysbios_knl_Task_E_stackOverflow__C)
                  000085e0    00000004     empty_pem4f.oem4f (.const:ti_sysbios_knl_Task_LD_block__C)
                  000085e4    00000004     empty_pem4f.oem4f (.const:ti_sysbios_knl_Task_LD_exit__C)
                  000085e8    00000004     empty_pem4f.oem4f (.const:ti_sysbios_knl_Task_LD_ready__C)
                  000085ec    00000004     empty_pem4f.oem4f (.const:ti_sysbios_knl_Task_LM_switch__C)
                  000085f0    00000004     empty_pem4f.oem4f (.const:ti_sysbios_knl_Task_Module_State_inactiveQ__O)
                  000085f4    00000004     empty_pem4f.oem4f (.const:ti_sysbios_knl_Task_Module__diagsEnabled__C)
                  000085f8    00000004     empty_pem4f.oem4f (.const:ti_sysbios_knl_Task_Module__diagsIncluded__C)
                  000085fc    00000004     empty_pem4f.oem4f (.const:ti_sysbios_knl_Task_Module__diagsMask__C)
                  00008600    00000004     empty_pem4f.oem4f (.const:ti_sysbios_knl_Task_Module__loggerFxn2__C)
                  00008604    00000004     empty_pem4f.oem4f (.const:ti_sysbios_knl_Task_Module__loggerFxn4__C)
                  00008608    00000004     empty_pem4f.oem4f (.const:ti_sysbios_knl_Task_Module__loggerObj__C)
                  0000860c    00000004     empty_pem4f.oem4f (.const:ti_sysbios_knl_Task_Object__count__C)
                  00008610    00000004     empty_pem4f.oem4f (.const:ti_sysbios_knl_Task_allBlockedFunc__C)
                  00008614    00000004     empty_pem4f.oem4f (.const:ti_sysbios_knl_Task_numConstructedTasks__C)
                  00008618    00000004     empty_pem4f.oem4f (.const:ti_sysbios_utils_Load_LS_cpuLoad__C)
                  0000861c    00000004     empty_pem4f.oem4f (.const:ti_sysbios_utils_Load_Module__diagsEnabled__C)
                  00008620    00000004     empty_pem4f.oem4f (.const:ti_sysbios_utils_Load_Module__diagsIncluded__C)
                  00008624    00000004     empty_pem4f.oem4f (.const:ti_sysbios_utils_Load_Module__diagsMask__C)
                  00008628    00000004     empty_pem4f.oem4f (.const:ti_sysbios_utils_Load_Module__loggerFxn1__C)
                  0000862c    00000004     empty_pem4f.oem4f (.const:ti_sysbios_utils_Load_Module__loggerObj__C)
                  00008630    00000004     empty_pem4f.oem4f (.const:ti_sysbios_utils_Load_postUpdate__C)
                  00008634    00000004     empty_pem4f.oem4f (.const:ti_sysbios_utils_Load_windowInMs__C)
                  00008638    00000004     empty_pem4f.oem4f (.const:ti_uia_loggers_LoggerStopMode_Module__diagsEnabled__C)
                  0000863c    00000004     empty_pem4f.oem4f (.const:ti_uia_loggers_LoggerStopMode_Module__diagsIncluded__C)
                  00008640    00000004     empty_pem4f.oem4f (.const:ti_uia_loggers_LoggerStopMode_Module__diagsMask__C)
                  00008644    00000004     empty_pem4f.oem4f (.const:ti_uia_loggers_LoggerStopMode_Object__count__C)
                  00008648    00000004     empty_pem4f.oem4f (.const:ti_uia_runtime_ILoggerSnapshot_Interface__BASE__C)
                  0000864c    00000004     empty_pem4f.oem4f (.const:ti_uia_runtime_IUIATransfer_Interface__BASE__C)
                  00008650    00000004     empty_pem4f.oem4f (.const:xdc_runtime_Assert_E_assertFailed__C)
                  00008654    00000004     empty_pem4f.oem4f (.const:xdc_runtime_Core_A_initializedParams__C)
                  00008658    00000004     empty_pem4f.oem4f (.const:xdc_runtime_Core_Module__diagsEnabled__C)
                  0000865c    00000004     empty_pem4f.oem4f (.const:xdc_runtime_Core_Module__diagsIncluded__C)
                  00008660    00000004     empty_pem4f.oem4f (.const:xdc_runtime_Core_Module__diagsMask__C)
                  00008664    00000004     empty_pem4f.oem4f (.const:xdc_runtime_Error_E_memory__C)
                  00008668    00000004     empty_pem4f.oem4f (.const:xdc_runtime_Error_Module__diagsEnabled__C)
                  0000866c    00000004     empty_pem4f.oem4f (.const:xdc_runtime_Error_Module__diagsIncluded__C)
                  00008670    00000004     empty_pem4f.oem4f (.const:xdc_runtime_Error_Module__diagsMask__C)
                  00008674    00000004     empty_pem4f.oem4f (.const:xdc_runtime_Error_Module__loggerFxn8__C)
                  00008678    00000004     empty_pem4f.oem4f (.const:xdc_runtime_Error_Module__loggerObj__C)
                  0000867c    00000004     empty_pem4f.oem4f (.const:xdc_runtime_Error_policyFxn__C)
                  00008680    00000004     empty_pem4f.oem4f (.const:xdc_runtime_Error_raiseHook__C)
                  00008684    00000004     empty_pem4f.oem4f (.const:xdc_runtime_HeapStd_A_align__C)
                  00008688    00000004     empty_pem4f.oem4f (.const:xdc_runtime_HeapStd_A_invalidTotalFreeSize__C)
                  0000868c    00000004     empty_pem4f.oem4f (.const:xdc_runtime_HeapStd_A_zeroSize__C)
                  00008690    00000004     empty_pem4f.oem4f (.const:xdc_runtime_HeapStd_E_noRTSMemory__C)
                  00008694    00000004     empty_pem4f.oem4f (.const:xdc_runtime_HeapStd_Module__diagsEnabled__C)
                  00008698    00000004     empty_pem4f.oem4f (.const:xdc_runtime_HeapStd_Module__diagsIncluded__C)
                  0000869c    00000004     empty_pem4f.oem4f (.const:xdc_runtime_HeapStd_Module__diagsMask__C)
                  000086a0    00000004     empty_pem4f.oem4f (.const:xdc_runtime_IFilterLogger_Interface__BASE__C)
                  000086a4    00000004     empty_pem4f.oem4f (.const:xdc_runtime_IGateProvider_Interface__BASE__C)
                  000086a8    00000004     empty_pem4f.oem4f (.const:xdc_runtime_IHeap_Interface__BASE__C)
                  000086ac    00000004     empty_pem4f.oem4f (.const:xdc_runtime_ILogger_Interface__BASE__C)
                  000086b0    00000004     empty_pem4f.oem4f (.const:xdc_runtime_IModule_Interface__BASE__C)
                  000086b4    00000004     empty_pem4f.oem4f (.const:xdc_runtime_Log_L_error__C)
                  000086b8    00000004     empty_pem4f.oem4f (.const:xdc_runtime_Log_L_info__C)
                  000086bc    00000004     empty_pem4f.oem4f (.const:xdc_runtime_Main_Module__diagsEnabled__C)
                  000086c0    00000004     empty_pem4f.oem4f (.const:xdc_runtime_Main_Module__diagsIncluded__C)
                  000086c4    00000004     empty_pem4f.oem4f (.const:xdc_runtime_Main_Module__diagsMask__C)
                  000086c8    00000004     empty_pem4f.oem4f (.const:xdc_runtime_Main_Module__loggerFxn4__C)
                  000086cc    00000004     empty_pem4f.oem4f (.const:xdc_runtime_Main_Module__loggerObj__C)
                  000086d0    00000004     empty_pem4f.oem4f (.const:xdc_runtime_Memory_defaultHeapInstance__C)
                  000086d4    00000004     empty_pem4f.oem4f (.const:xdc_runtime_Startup_execImpl__C)
                  000086d8    00000004     empty_pem4f.oem4f (.const:xdc_runtime_Startup_lastFxns__A)
                  000086dc    00000004     empty_pem4f.oem4f (.const:xdc_runtime_Startup_maxPasses__C)
                  000086e0    00000004     empty_pem4f.oem4f (.const:xdc_runtime_Startup_sfxnRts__C)
                  000086e4    00000004     empty_pem4f.oem4f (.const:xdc_runtime_Startup_sfxnTab__C)
                  000086e8    00000004     empty_pem4f.oem4f (.const:xdc_runtime_SysMin_bufSize__C)
                  000086ec    00000004     empty_pem4f.oem4f (.const:xdc_runtime_SysMin_outputFunc__C)
                  000086f0    00000004     empty_pem4f.oem4f (.const:xdc_runtime_System_Module__gateObj__C)
                  000086f4    00000004     empty_pem4f.oem4f (.const:xdc_runtime_System_abortFxn__C)
                  000086f8    00000004     empty_pem4f.oem4f (.const:xdc_runtime_System_exitFxn__C)
                  000086fc    00000004     empty_pem4f.oem4f (.const:xdc_runtime_System_extendFxn__C)
                  00008700    00000004     empty_pem4f.oem4f (.const:xdc_runtime_System_maxAtexitHandlers__C)
                  00008704    00000004     empty_pem4f.oem4f (.const:xdc_runtime_Text_charTab__C)
                  00008708    00000004     empty_pem4f.oem4f (.const:xdc_runtime_Text_nameEmpty__C)
                  0000870c    00000004     empty_pem4f.oem4f (.const:xdc_runtime_Text_nameStatic__C)
                  00008710    00000004     empty_pem4f.oem4f (.const:xdc_runtime_Text_nameUnknown__C)
                  00008714    00000004     empty_pem4f.oem4f (.const:xdc_runtime_Text_nodeTab__C)
                  00008718    00000004     empty_pem4f.oem4f (.const:xdc_runtime_Text_visitRopeFxn__C)
                  0000871c    00000002     empty_pem4f.oem4f (.const:ti_sysbios_family_arm_lm4_TimestampProvider_useClockTimer__C)
                  0000871e    00000002     empty_pem4f.oem4f (.const:ti_sysbios_family_arm_m3_Hwi_Module__id__C)
                  00008720    00000002     empty_pem4f.oem4f (.const:ti_sysbios_family_arm_m3_Hwi_Module__loggerDefined__C)
                  00008722    00000002     empty_pem4f.oem4f (.const:ti_sysbios_gates_GateMutex_Module__id__C)
                  00008724    00000002     empty_pem4f.oem4f (.const:ti_sysbios_hal_Hwi_Module__id__C)
                  00008726    00000002     empty_pem4f.oem4f (.const:ti_sysbios_knl_Clock_Module__id__C)
                  00008728    00000002     empty_pem4f.oem4f (.const:ti_sysbios_knl_Clock_Module__loggerDefined__C)
                  0000872a    00000002     empty_pem4f.oem4f (.const:ti_sysbios_knl_Semaphore_Module__id__C)
                  0000872c    00000002     empty_pem4f.oem4f (.const:ti_sysbios_knl_Semaphore_Module__loggerDefined__C)
                  0000872e    00000002     empty_pem4f.oem4f (.const:ti_sysbios_knl_Swi_Module__id__C)
                  00008730    00000002     empty_pem4f.oem4f (.const:ti_sysbios_knl_Swi_Module__loggerDefined__C)
                  00008732    00000002     empty_pem4f.oem4f (.const:ti_sysbios_knl_Task_Module__id__C)
                  00008734    00000002     empty_pem4f.oem4f (.const:ti_sysbios_knl_Task_Module__loggerDefined__C)
                  00008736    00000002     empty_pem4f.oem4f (.const:ti_sysbios_utils_Load_Module__id__C)
                  00008738    00000002     empty_pem4f.oem4f (.const:ti_sysbios_utils_Load_Module__loggerDefined__C)
                  0000873a    00000002     empty_pem4f.oem4f (.const:ti_sysbios_utils_Load_updateInIdle__C)
                  0000873c    00000002     empty_pem4f.oem4f (.const:ti_uia_loggers_LoggerStopMode_Module__id__C)
                  0000873e    00000002     empty_pem4f.oem4f (.const:ti_uia_loggers_LoggerStopMode_isTimestampEnabled__C)
                  00008740    00000002     empty_pem4f.oem4f (.const:xdc_runtime_Core_Module__id__C)
                  00008742    00000002     empty_pem4f.oem4f (.const:xdc_runtime_Error_Module__loggerDefined__C)
                  00008744    00000002     empty_pem4f.oem4f (.const:xdc_runtime_Error_maxDepth__C)
                  00008746    00000002     empty_pem4f.oem4f (.const:xdc_runtime_HeapStd_Module__id__C)
                  00008748    00000002     empty_pem4f.oem4f (.const:xdc_runtime_Main_Module__id__C)
                  0000874a    00000002     empty_pem4f.oem4f (.const:xdc_runtime_Main_Module__loggerDefined__C)
                  0000874c    00000002     empty_pem4f.oem4f (.const:xdc_runtime_Memory_Module__id__C)
                  0000874e    00000002     empty_pem4f.oem4f (.const:xdc_runtime_SysMin_flushAtExit__C)
                  00008750    00000002     empty_pem4f.oem4f (.const:xdc_runtime_Text_charCnt__C)
                  00008752    00000002     empty_pem4f.oem4f (.const:xdc_runtime_Text_isLoaded__C)
                  00008754    00000002     empty_pem4f.oem4f (.const:xdc_runtime_Text_registryModsLastId__C)
                  00008756    00000002     empty_pem4f.oem4f (.const:xdc_runtime_Text_unnamedModsLastId__C)
                  00008758    00000001     empty_pem4f.oem4f (.const:xdc_runtime_Error_policy__C)

.cinit     0    00008760    00000404     
                  00008760    000003c1     (.cinit..data.load) [load image, compression = rle]
                  00008b21    00000007     --HOLE-- [fill = 0]
                  00008b28    0000000b     (.cinit..bss.load) [load image, compression = rle]
                  00008b33    00000005     --HOLE-- [fill = 0]
                  00008b38    0000000b     (.cinit..vecs.load) [load image, compression = rle]
                  00008b43    00000001     --HOLE-- [fill = 0]
                  00008b44    00000008     (__TI_handler_table)
                  00008b4c    00000018     (__TI_cinit_table)

.init_array 
*          0    00000000    00000000     UNINITIALIZED

.bss       0    20000380    00001c30     UNINITIALIZED
                  20000380    00000800     empty_pem4f.oem4f (.bss:taskStackSection)
                  20000b80    00000400     (.common:ti_uia_loggers_LoggerStopMode_Instance_State_1_packetArray__A)
                  20000f80    00000400     (.common:ti_uia_loggers_LoggerStopMode_Instance_State_2_packetArray__A)
                  20001380    00000400     (.common:xdc_runtime_SysMin_Module_State_0_outbuf__A)
                  20001780    00000360     (.common:ti_sysbios_family_arm_m3_Hwi_dispatchTable)
                  20001ae0    00000018     main.obj (.bss)
                  20001af8    00000008     rtsv7M4_T_le_v4SPD16_eabi.lib : trgdrv.obj (.bss:parmbuf)
                  20001b00    00000200     (.common:ti_uia_loggers_LoggerStopMode_Instance_State_0_packetArray__A)
                  20001d00    00000120                                   : trgmsg.obj (.bss:_CIOBUF_)
                  20001e20    00000060     --HOLE--
                  20001e80    00000030     (.common:ti_uia_loggers_LoggerStopMode_Instance_State_0_hdr__A)
                  20001eb0    00000050     --HOLE--
                  20001f00    00000030     (.common:ti_uia_loggers_LoggerStopMode_Instance_State_1_hdr__A)
                  20001f30    00000050     --HOLE--
                  20001f80    00000030     (.common:ti_uia_loggers_LoggerStopMode_Instance_State_2_hdr__A)

.data      0    20001fb0    000005f0     UNINITIALIZED
                  20001fb0    0000009c     empty_pem4f.oem4f (.data:ti_uia_loggers_LoggerStopMode_Object__table__V)
                  2000204c    00000098     empty_pem4f.oem4f (.data:ti_sysbios_utils_Load_Module__state__V)
                  200020e4    00000080     empty_pem4f.oem4f (.data:ti_sysbios_family_arm_lm4_Timer_Object__table__V)
                  20002164    00000080     empty_pem4f.oem4f (.data:ti_sysbios_knl_Swi_Module_State_0_readyQ__A)
                  200021e4    00000080     empty_pem4f.oem4f (.data:ti_sysbios_knl_Task_Module_State_0_readyQ__A)
                  20002264    0000004c     empty_pem4f.oem4f (.data:ti_sysbios_knl_Task_Object__table__V)
                  200022b0    00000044     empty_pem4f.oem4f (.data:ti_sysbios_knl_Task_Module__state__V)
                  200022f4    00000040     empty_pem4f.oem4f (.data:ti_sysbios_family_arm_lm4_Timer_Module_State_0_device__A)
                  20002334    00000038     empty_pem4f.oem4f (.data:ti_sysbios_gates_GateMutex_Object__table__V)
                  2000236c    00000034     empty_pem4f.oem4f (.data:ti_sysbios_family_arm_m3_Hwi_Module__state__V)
                  200023a0    00000030     empty_pem4f.oem4f (.data:ti_sysbios_family_arm_m3_Hwi_Object__table__V)
                  200023d0    00000030     empty_pem4f.oem4f (.data:ti_sysbios_knl_Swi_Object__table__V)
                  20002400    0000002c     empty_pem4f.oem4f (.data:ti_sysbios_knl_Clock_Module__state__V)
                  2000242c    00000024     empty_pem4f.oem4f (.data:ti_sysbios_BIOS_Module__state__V)
                  20002450    00000020     empty_pem4f.oem4f (.data:ti_sysbios_family_arm_lm4_Timer_Module_State_0_handles__A)
                  20002470    00000020     empty_pem4f.oem4f (.data:ti_sysbios_knl_Clock_Object__table__V)
                  20002490    00000020     empty_pem4f.oem4f (.data:xdc_runtime_System_Module_State_0_atexitHandlers__A)
                  200024b0    0000001c     empty_pem4f.oem4f (.data:ti_sysbios_knl_Swi_Module__state__V)
                  200024cc    0000000c     rtsv7M4_T_le_v4SPD16_eabi.lib : exit.obj (.data:$O1$$)
                  200024d8    0000000c     empty_pem4f.oem4f (.data:ti_sysbios_family_arm_lm4_Timer_Module__state__V)
                  200024e4    0000000c     empty_pem4f.oem4f (.data:ti_sysbios_knl_Task_Module__root__V)
                  200024f0    0000000c     empty_pem4f.oem4f (.data:ti_uia_runtime_QueueDescriptor_Module__state__V)
                  200024fc    0000000c     empty_pem4f.oem4f (.data:xdc_runtime_HeapStd_Object__table__V)
                  20002508    0000000c     empty_pem4f.oem4f (.data:xdc_runtime_SysMin_Module__state__V)
                  20002514    00000008     rtsv7M4_T_le_v4SPD16_eabi.lib : _lock.obj (.data:$O1$$)
                  2000251c    00000008     ti.uia.runtime.aem4f : QueueDescriptor.oem4f (.data)
                  20002524    00000008     empty_pem4f.oem4f (.data:ti_sysbios_family_arm_lm4_TimestampProvider_Module__state__V)
                  2000252c    00000008     empty_pem4f.oem4f (.data:ti_sysbios_gates_GateHwi_Module__root__V)
                  20002534    00000008     empty_pem4f.oem4f (.data:ti_sysbios_gates_GateMutex_Module__root__V)
                  2000253c    00000008     empty_pem4f.oem4f (.data:ti_sysbios_knl_Queue_Module__root__V)
                  20002544    00000008     empty_pem4f.oem4f (.data:ti_sysbios_knl_Semaphore_Module__root__V)
                  2000254c    00000008     empty_pem4f.oem4f (.data:ti_uia_loggers_LoggerStopMode_Module__root__V)
                  20002554    00000008     empty_pem4f.oem4f (.data:xdc_runtime_HeapStd_Module__root__V)
                  2000255c    00000008     empty_pem4f.oem4f (.data:xdc_runtime_Registry_Module__state__V)
                  20002564    00000008     empty_pem4f.oem4f (.data:xdc_runtime_Startup_Module__state__V)
                  2000256c    00000008     empty_pem4f.oem4f (.data:xdc_runtime_System_Module__state__V)
                  20002574    00000004     rtsv7M4_T_le_v4SPD16_eabi.lib : stkdepth_vars.obj (.data)
                  20002578    00000004     empty_pem4f.oem4f (.data:ti_sysbios_family_arm_m3_Hwi_Module_State_0_excContext__A)
                  2000257c    00000004     empty_pem4f.oem4f (.data:ti_sysbios_family_arm_m3_Hwi_Module_State_0_excStack__A)
                  20002580    00000004     empty_pem4f.oem4f (.data:ti_sysbios_gates_GateHwi_Object__table__V)
                  20002584    00000004     empty_pem4f.oem4f (.data:ti_sysbios_knl_Task_Module_State_0_idleTask__A)
                  20002588    00000004     empty_pem4f.oem4f (.data:ti_sysbios_utils_Load_Module_State_0_runningTask__A)
                  2000258c    00000004     empty_pem4f.oem4f (.data:ti_sysbios_utils_Load_Module_State_0_taskStartTime__A)
                  20002590    00000004     empty_pem4f.oem4f (.data:xdc_runtime_HeapStd_Module__state__V)
                  20002594    00000004     empty_pem4f.oem4f (.data:xdc_runtime_Memory_Module__state__V)
                  20002598    00000002     main.obj (.data)
                  2000259a    00000002     empty_pem4f.oem4f (.data:ti_sysbios_family_arm_m3_Hwi_Module_State_0_excActive__A)
                  2000259c    00000002     empty_pem4f.oem4f (.data:xdc_runtime_Error_Module__state__V)
                  2000259e    00000002     empty_pem4f.oem4f (.data:xdc_runtime_Main_Module__root__V)

.stack     0    200025a0    00000400     UNINITIALIZED
                  200025a0    00000400     --HOLE--

.bootVecs 
*          0    00000000    00000008     DSECT
                  00000000    00000008     boot.aem4f : boot.oem4f (.bootVecs)

.vecs      0    20000000    00000360     UNINITIALIZED
                  20000000    00000360     empty_pem4f.oem4f (.vecs)

xdc.meta   0    00000000    000000e2     COPY SECTION
                  00000000    000000e2     empty_pem4f.oem4f (xdc.meta)

MODULE SUMMARY

       Module                     code    ro data   rw data
       ------                     ----    -------   -------
    ./
       main.obj                   480     0         26     
    +--+--------------------------+-------+---------+---------+
       Total:                     480     0         26     
                                                           
    /home/ayyappa/TIRTOSLabsWS/blink_TM4C_CLK/Debug/configPkg/package/cfg/
       empty_pem4f.oem4f          3106    9877      8990   
    +--+--------------------------+-------+---------+---------+
       Total:                     3106    9877      8990   
                                                           
    /home/ayyappa/TIRTOSLabsWS/blink_TM4C_CLK/src/sysbios/sysbios.aem4f
       BIOS.obj                   11250   0         0      
       m3_Hwi_asm.obj             314     0         0      
       m3_TaskSupport_asm.obj     180     0         0      
       m3_Hwi_asm_switch.obj      118     0         0      
    +--+--------------------------+-------+---------+---------+
       Total:                     11862   0         0      
                                                           
    /home/ayyappa/ti/ccsv6/tools/compiler/ti-cgt-arm_15.12.1.LTS/lib/rtsv7M4_T_le_v4SPD16_eabi.lib
       trgdrv.obj                 804     0         8      
       trgmsg.obj                 104     0         288    
       memcpy_t2.obj              156     0         0      
       memset_t2.obj              122     0         0      
       copy_decompress_rle.obj    112     0         0      
       exit.obj                   84      0         12     
       cpy_tbl.obj                76      0         0      
       u_divt2.obj                64      0         0      
       _lock.obj                  20      0         8      
       args_main.obj              24      0         0      
       strcpy.obj                 20      0         0      
       strlen.obj                 20      0         0      
       copy_decompress_none.obj   14      0         0      
       stkdepth_vars.obj          0       0         4      
       i_div0.obj                 2       0         0      
    +--+--------------------------+-------+---------+---------+
       Total:                     1622    0         320    
                                                           
    /home/ayyappa/ti/tirtos_tivac_2_16_01_14/products/bios_6_45_02_31/packages/ti/catalog/arm/cortexm4/tiva/ce/lib/Boot.aem4f
       Boot_sysctl.oem4f          628     452       0      
       Boot.oem4f                 152     0         0      
    +--+--------------------------+-------+---------+---------+
       Total:                     780     452       0      
                                                           
    /home/ayyappa/ti/tirtos_tivac_2_16_01_14/products/bios_6_45_02_31/packages/ti/targets/arm/rtsarm/lib/auto_init.aem4f
       auto_init.oem4f            160     0         0      
    +--+--------------------------+-------+---------+---------+
       Total:                     160     0         0      
                                                           
    /home/ayyappa/ti/tirtos_tivac_2_16_01_14/products/bios_6_45_02_31/packages/ti/targets/arm/rtsarm/lib/boot.aem4f
       boot.oem4f                 88      0         0      
    +--+--------------------------+-------+---------+---------+
       Total:                     88      0         0      
                                                           
    /home/ayyappa/ti/tirtos_tivac_2_16_01_14/products/bios_6_45_02_31/packages/ti/targets/arm/rtsarm/lib/ti.targets.arm.rtsarm.aem4f
       System.oem4f               1255    0         0      
       HeapStd.oem4f              714     0         0      
       Text.oem4f                 672     0         0      
       Error.oem4f                524     0         0      
       Core-mem.oem4f             358     0         0      
       Startup.oem4f              328     0         0      
       SysMin.oem4f               248     0         0      
       Core-smem.oem4f            204     0         0      
       Memory.oem4f               176     0         0      
       Assert.oem4f               84      0         0      
       Core-params.oem4f          70      0         0      
       Core-label.oem4f           52      0         0      
       Registry.oem4f             32      0         0      
       Gate.oem4f                 28      0         0      
    +--+--------------------------+-------+---------+---------+
       Total:                     4745    0         0      
                                                           
    /home/ayyappa/ti/tirtos_tivac_2_16_01_14/products/uia_2_00_05_50/packages/ti/uia/loggers/lib/release/ti.uia.loggers.aem4f
       LoggerStopMode.oem4f       552     0         0      
    +--+--------------------------+-------+---------+---------+
       Total:                     552     0         0      
                                                           
    /home/ayyappa/ti/tirtos_tivac_2_16_01_14/products/uia_2_00_05_50/packages/ti/uia/runtime/lib/release/ti.uia.runtime.aem4f
       QueueDescriptor.oem4f      116     0         8      
    +--+--------------------------+-------+---------+---------+
       Total:                     116     0         8      
                                                           
    /home/ayyappa/ti/tivaWare/driverlib/ccs/Debug/driverlib.lib
       gpio.obj                   384     0         0      
       sysctl.obj                 302     0         0      
    +--+--------------------------+-------+---------+---------+
       Total:                     686     0         0      
                                                           
       Stack:                     0       0         1024   
       Linker Generated:          0       1015      0      
    +--+--------------------------+-------+---------+---------+
       Grand Total:               24197   11344     10368  


LINKER GENERATED COPY TABLES

__TI_cinit_table @ 00008b4c records: 3, size/record: 8, table size: 24
	.data: load addr=00008760, load size=000003c1 bytes, run addr=20001fb0, run size=000005f0 bytes, compression=rle
	.bss: load addr=00008b28, load size=0000000b bytes, run addr=20000380, run size=00001c30 bytes, compression=rle
	.vecs: load addr=00008b38, load size=0000000b bytes, run addr=20000000, run size=00000360 bytes, compression=rle


LINKER GENERATED HANDLER TABLE

__TI_handler_table @ 00008b44 records: 2, size/record: 4, table size: 8
	index: 0, handler: __TI_decompress_rle24
	index: 1, handler: __TI_decompress_none


GLOBAL SYMBOLS: SORTED ALPHABETICALLY BY Name 

address   name                                                                 
-------   ----                                                                 
00004921  C$$EXIT                                                              
0000446f  C$$IO$$                                                              
00005561  GPIODirModeSet                                                       
000020d5  GPIOPadConfigSet                                                     
0000428b  GPIOPinRead                                                          
00005ad7  GPIOPinTypeGPIOOutput                                                
00005293  GPIOPinWrite                                                         
00000a93  HOSTclock                                                            
00000a5b  HOSTclose                                                            
00000a1d  HOSTgetenv                                                           
000009c1  HOSTlseek                                                            
0000096f  HOSTopen                                                             
00000923  HOSTread                                                             
000008c5  HOSTrename                                                           
0000088b  HOSTtime                                                             
00000841  HOSTtime64                                                           
00000809  HOSTunlink                                                           
000007bd  HOSTwrite                                                            
UNDEFED   SHT$$INIT_ARRAY$$Base                                                
UNDEFED   SHT$$INIT_ARRAY$$Limit                                               
00002839  SysCtlClockSet                                                       
00005ee1  SysCtlDelay                                                          
00005121  SysCtlPeripheralEnable                                               
00000000  __ASM__                                                              
20001d00  __CIOBUF_                                                            
00000060  __ISA__                                                              
00000073  __PLAT__                                                             
200029a0  __STACK_END                                                          
00000400  __STACK_SIZE                                                         
200027a0  __STACK_TOP                                                          
00000094  __TARG__                                                             
00008b4c  __TI_CINIT_Base                                                      
00008b64  __TI_CINIT_Limit                                                     
00008b44  __TI_Handler_Table_Base                                              
00008b4c  __TI_Handler_Table_Limit                                             
00003a19  __TI_auto_init                                                       
200024cc  __TI_cleanup_ptr                                                     
00005de1  __TI_decompress_none                                                 
00005ee7  __TI_decompress_rle24                                                
200024d0  __TI_dtors_ptr                                                       
200024d4  __TI_enable_exit_profile_output                                      
ffffffff  __TI_pprof_out_hndl                                                  
ffffffff  __TI_prof_data_size                                                  
ffffffff  __TI_prof_data_start                                                 
00004473  __TI_readmsg                                                         
00008760  __TI_static_base__                                                   
00004441  __TI_writemsg                                                        
000000ba  __TRDR__                                                             
00003d2f  __aeabi_idiv0                                                        
0000412d  __aeabi_memclr                                                       
0000412d  __aeabi_memclr4                                                      
0000412d  __aeabi_memclr8                                                      
00003b59  __aeabi_memcpy                                                       
00003b59  __aeabi_memcpy4                                                      
00003b59  __aeabi_memcpy8                                                      
0000412f  __aeabi_memset                                                       
0000412f  __aeabi_memset4                                                      
0000412f  __aeabi_memset8                                                      
00004efd  __aeabi_uidiv                                                        
00004efd  __aeabi_uidivmod                                                     
ffffffff  __binit__                                                            
ffffffff  __c_args__                                                           
200025a0  __stack                                                              
00005af1  _args_main                                                           
00004819  _c_int00                                                             
20002514  _lock                                                                
00005c1b  _nop                                                                 
00005c13  _register_lock                                                       
00005c0d  _register_unlock                                                     
20002518  _unlock                                                              
[...]
000084f8  ti_sysbios_family_arm_m3_Hwi_E_usageFault__C                         
000084fc  ti_sysbios_family_arm_m3_Hwi_LD_end__C                               
00008500  ti_sysbios_family_arm_m3_Hwi_LM_begin__C                             
00008504  ti_sysbios_family_arm_m3_Hwi_Module__diagsEnabled__C                 
00008508  ti_sysbios_family_arm_m3_Hwi_Module__diagsIncluded__C                
0000850c  ti_sysbios_family_arm_m3_Hwi_Module__diagsMask__C                    
00008510  ti_sysbios_family_arm_m3_Hwi_Module__loggerFxn1__C                   
00008514  ti_sysbios_family_arm_m3_Hwi_Module__loggerFxn8__C                   
00008518  ti_sysbios_family_arm_m3_Hwi_Module__loggerObj__C                    
0000851c  ti_sysbios_family_arm_m3_Hwi_NUM_INTERRUPTS__C                       
00008520  ti_sysbios_family_arm_m3_Hwi_Object__count__C                        
00008524  ti_sysbios_family_arm_m3_Hwi_ccr__C                                  
00008528  ti_sysbios_family_arm_m3_Hwi_excHandlerFunc__C                       
0000852c  ti_sysbios_family_arm_m3_Hwi_excHookFuncs__C                         
00008530  ti_sysbios_family_arm_m3_Hwi_nullIsrFunc__C                          
00008534  ti_sysbios_family_arm_m3_Hwi_priGroup__C                             
00008538  ti_sysbios_gates_GateMutex_A_badContext__C                           
0000853c  ti_sysbios_gates_GateMutex_Instance_State_sem__O                     
00008540  ti_sysbios_gates_GateMutex_Module__diagsEnabled__C                   
00008544  ti_sysbios_gates_GateMutex_Module__diagsIncluded__C                  
00008548  ti_sysbios_gates_GateMutex_Module__diagsMask__C                      
0000854c  ti_sysbios_hal_Hwi_E_stackOverflow__C                                
00008550  ti_sysbios_heaps_HeapMem_Object__count__C                            
00008554  ti_sysbios_knl_Clock_LM_begin__C                                     
00008558  ti_sysbios_knl_Clock_LM_tick__C                                      
0000855c  ti_sysbios_knl_Clock_LW_delayed__C                                   
00008560  ti_sysbios_knl_Clock_Module_State_clockQ__O                          
00008564  ti_sysbios_knl_Clock_Module__diagsEnabled__C                         
00008568  ti_sysbios_knl_Clock_Module__diagsIncluded__C                        
0000856c  ti_sysbios_knl_Clock_Module__diagsMask__C                            
00008570  ti_sysbios_knl_Clock_Module__loggerFxn1__C                           
00008574  ti_sysbios_knl_Clock_Module__loggerFxn2__C                           
00008578  ti_sysbios_knl_Clock_Module__loggerObj__C                            
0000857c  ti_sysbios_knl_Semaphore_A_badContext__C                             
00008580  ti_sysbios_knl_Semaphore_A_noEvents__C                               
00008584  ti_sysbios_knl_Semaphore_A_overflow__C                               
00008588  ti_sysbios_knl_Semaphore_A_pendTaskDisabled__C                       
0000858c  ti_sysbios_knl_Semaphore_Instance_State_pendQ__O                     
00008590  ti_sysbios_knl_Semaphore_LM_pend__C                                  
00008594  ti_sysbios_knl_Semaphore_LM_post__C                                  
00008598  ti_sysbios_knl_Semaphore_Module__diagsEnabled__C                     
0000859c  ti_sysbios_knl_Semaphore_Module__diagsIncluded__C                    
000085a0  ti_sysbios_knl_Semaphore_Module__diagsMask__C                        
000085a4  ti_sysbios_knl_Semaphore_Module__loggerFxn2__C                       
000085a8  ti_sysbios_knl_Semaphore_Module__loggerFxn4__C                       
000085ac  ti_sysbios_knl_Semaphore_Module__loggerObj__C                        
000085b0  ti_sysbios_knl_Swi_LD_end__C                                         
000085b4  ti_sysbios_knl_Swi_LM_begin__C                                       
000085b8  ti_sysbios_knl_Swi_LM_post__C                                        
000085bc  ti_sysbios_knl_Swi_Module__diagsEnabled__C                           
000085c0  ti_sysbios_knl_Swi_Module__diagsIncluded__C                          
000085c4  ti_sysbios_knl_Swi_Module__diagsMask__C                              
000085c8  ti_sysbios_knl_Swi_Module__loggerFxn1__C                             
000085cc  ti_sysbios_knl_Swi_Module__loggerFxn4__C                             
000085d0  ti_sysbios_knl_Swi_Module__loggerObj__C                              
000085d4  ti_sysbios_knl_Swi_Object__count__C                                  
000085d8  ti_sysbios_knl_Task_E_spOutOfBounds__C                               
000085dc  ti_sysbios_knl_Task_E_stackOverflow__C                               
000085e0  ti_sysbios_knl_Task_LD_block__C                                      
000085e4  ti_sysbios_knl_Task_LD_exit__C                                       
000085e8  ti_sysbios_knl_Task_LD_ready__C                                      
000085ec  ti_sysbios_knl_Task_LM_switch__C                                     
000085f0  ti_sysbios_knl_Task_Module_State_inactiveQ__O                        
000085f4  ti_sysbios_knl_Task_Module__diagsEnabled__C                          
000085f8  ti_sysbios_knl_Task_Module__diagsIncluded__C                         
000085fc  ti_sysbios_knl_Task_Module__diagsMask__C                             
00008600  ti_sysbios_knl_Task_Module__loggerFxn2__C                            
00008604  ti_sysbios_knl_Task_Module__loggerFxn4__C                            
00008608  ti_sysbios_knl_Task_Module__loggerObj__C                             
0000860c  ti_sysbios_knl_Task_Object__count__C                                 
00008610  ti_sysbios_knl_Task_allBlockedFunc__C                                
00008614  ti_sysbios_knl_Task_numConstructedTasks__C                           
00008618  ti_sysbios_utils_Load_LS_cpuLoad__C                                  
0000861c  ti_sysbios_utils_Load_Module__diagsEnabled__C                        
00008620  ti_sysbios_utils_Load_Module__diagsIncluded__C                       
00008624  ti_sysbios_utils_Load_Module__diagsMask__C                           
00008628  ti_sysbios_utils_Load_Module__loggerFxn1__C                          
0000862c  ti_sysbios_utils_Load_Module__loggerObj__C                           
00008630  ti_sysbios_utils_Load_postUpdate__C                                  
00008634  ti_sysbios_utils_Load_windowInMs__C                                  
00008638  ti_uia_loggers_LoggerStopMode_Module__diagsEnabled__C                
0000863c  ti_uia_loggers_LoggerStopMode_Module__diagsIncluded__C               
00008640  ti_uia_loggers_LoggerStopMode_Module__diagsMask__C                   
00008644  ti_uia_loggers_LoggerStopMode_Object__count__C                       
00008648  ti_uia_runtime_ILoggerSnapshot_Interface__BASE__C                    
0000864c  ti_uia_runtime_IUIATransfer_Interface__BASE__C                       
00008650  xdc_runtime_Assert_E_assertFailed__C                                 
00008654  xdc_runtime_Core_A_initializedParams__C                              
00008658  xdc_runtime_Core_Module__diagsEnabled__C                             
0000865c  xdc_runtime_Core_Module__diagsIncluded__C                            
00008660  xdc_runtime_Core_Module__diagsMask__C                                
00008664  xdc_runtime_Error_E_memory__C                                        
00008668  xdc_runtime_Error_Module__diagsEnabled__C                            
0000866c  xdc_runtime_Error_Module__diagsIncluded__C                           
00008670  xdc_runtime_Error_Module__diagsMask__C                               
00008674  xdc_runtime_Error_Module__loggerFxn8__C                              
00008678  xdc_runtime_Error_Module__loggerObj__C                               
0000867c  xdc_runtime_Error_policyFxn__C                                       
00008680  xdc_runtime_Error_raiseHook__C                                       
00008684  xdc_runtime_HeapStd_A_align__C                                       
00008688  xdc_runtime_HeapStd_A_invalidTotalFreeSize__C                        
0000868c  xdc_runtime_HeapStd_A_zeroSize__C                                    
00008690  xdc_runtime_HeapStd_E_noRTSMemory__C                                 
00008694  xdc_runtime_HeapStd_Module__diagsEnabled__C                          
00008698  xdc_runtime_HeapStd_Module__diagsIncluded__C                         
0000869c  xdc_runtime_HeapStd_Module__diagsMask__C                             
000086a0  xdc_runtime_IFilterLogger_Interface__BASE__C                         
000086a4  xdc_runtime_IGateProvider_Interface__BASE__C                         
000086a8  xdc_runtime_IHeap_Interface__BASE__C                                 
000086ac  xdc_runtime_ILogger_Interface__BASE__C                               
000086b0  xdc_runtime_IModule_Interface__BASE__C                               
000086b4  xdc_runtime_Log_L_error__C                                           
000086b8  xdc_runtime_Log_L_info__C                                            
000086bc  xdc_runtime_Main_Module__diagsEnabled__C                             
000086c0  xdc_runtime_Main_Module__diagsIncluded__C                            
000086c4  xdc_runtime_Main_Module__diagsMask__C                                
000086c8  xdc_runtime_Main_Module__loggerFxn4__C                               
000086cc  xdc_runtime_Main_Module__loggerObj__C                                
000086d0  xdc_runtime_Memory_defaultHeapInstance__C                            
000086d4  xdc_runtime_Startup_execImpl__C                                      
000086d8  xdc_runtime_Startup_lastFxns__A                                      
000086dc  xdc_runtime_Startup_maxPasses__C                                     
000086e0  xdc_runtime_Startup_sfxnRts__C                                       
000086e4  xdc_runtime_Startup_sfxnTab__C                                       
000086e8  xdc_runtime_SysMin_bufSize__C                                        
000086ec  xdc_runtime_SysMin_outputFunc__C                                     
000086f0  xdc_runtime_System_Module__gateObj__C                                
000086f4  xdc_runtime_System_abortFxn__C                                       
000086f8  xdc_runtime_System_exitFxn__C                                        
000086fc  xdc_runtime_System_extendFxn__C                                      
00008700  xdc_runtime_System_maxAtexitHandlers__C                              
00008704  xdc_runtime_Text_charTab__C                                          
00008708  xdc_runtime_Text_nameEmpty__C                                        
0000870c  xdc_runtime_Text_nameStatic__C                                       
00008710  xdc_runtime_Text_nameUnknown__C                                      
00008714  xdc_runtime_Text_nodeTab__C                                          
00008718  xdc_runtime_Text_visitRopeFxn__C                                     
0000871c  ti_sysbios_family_arm_lm4_TimestampProvider_useClockTimer__C         
0000871e  ti_sysbios_family_arm_m3_Hwi_Module__id__C                           
00008720  ti_sysbios_family_arm_m3_Hwi_Module__loggerDefined__C                
00008722  ti_sysbios_gates_GateMutex_Module__id__C                             
00008724  ti_sysbios_hal_Hwi_Module__id__C                                     
00008726  ti_sysbios_knl_Clock_Module__id__C                                   
00008728  ti_sysbios_knl_Clock_Module__loggerDefined__C                        
0000872a  ti_sysbios_knl_Semaphore_Module__id__C                               
0000872c  ti_sysbios_knl_Semaphore_Module__loggerDefined__C                    
0000872e  ti_sysbios_knl_Swi_Module__id__C                                     
00008730  ti_sysbios_knl_Swi_Module__loggerDefined__C                          
00008732  ti_sysbios_knl_Task_Module__id__C                                    
00008734  ti_sysbios_knl_Task_Module__loggerDefined__C                         
00008736  ti_sysbios_utils_Load_Module__id__C                                  
00008738  ti_sysbios_utils_Load_Module__loggerDefined__C                       
0000873a  ti_sysbios_utils_Load_updateInIdle__C                                
0000873c  ti_uia_loggers_LoggerStopMode_Module__id__C                          
0000873e  ti_uia_loggers_LoggerStopMode_isTimestampEnabled__C                  
00008740  xdc_runtime_Core_Module__id__C                                       
00008742  xdc_runtime_Error_Module__loggerDefined__C                           
00008744  xdc_runtime_Error_maxDepth__C                                        
00008746  xdc_runtime_HeapStd_Module__id__C                                    
00008748  xdc_runtime_Main_Module__id__C                                       
0000874a  xdc_runtime_Main_Module__loggerDefined__C                            
0000874c  xdc_runtime_Memory_Module__id__C                                     
0000874e  xdc_runtime_SysMin_flushAtExit__C                                    
00008750  xdc_runtime_Text_charCnt__C                                          
00008752  xdc_runtime_Text_isLoaded__C                                         
00008754  xdc_runtime_Text_registryModsLastId__C                               
00008756  xdc_runtime_Text_unnamedModsLastId__C                                
00008758  xdc_runtime_Error_policy__C                                          
00008760  __TI_static_base__                                                   
00008b44  __TI_Handler_Table_Base                                              
00008b4c  __TI_CINIT_Base                                                      
00008b4c  __TI_Handler_Table_Limit                                             
00008b64  __TI_CINIT_Limit                                                     
20000000  ti_sysbios_family_arm_m3_Hwi_ramVectors                              
20000380  ti_sysbios_knl_Task_Instance_State_0_stack__A                        
20000b80  ti_uia_loggers_LoggerStopMode_Instance_State_1_packetArray__A        
20000f80  ti_uia_loggers_LoggerStopMode_Instance_State_2_packetArray__A        
20001380  xdc_runtime_SysMin_Module_State_0_outbuf__A                          
20001780  ti_sysbios_family_arm_m3_Hwi_dispatchTable                           
20001b00  ti_uia_loggers_LoggerStopMode_Instance_State_0_packetArray__A        
20001d00  __CIOBUF_                                                            
20001e80  ti_uia_loggers_LoggerStopMode_Instance_State_0_hdr__A                
20001f00  ti_uia_loggers_LoggerStopMode_Instance_State_1_hdr__A                
20001f80  ti_uia_loggers_LoggerStopMode_Instance_State_2_hdr__A                
20001fb0  ti_uia_loggers_LoggerStopMode_Object__table__V                       
2000204c  ti_sysbios_utils_Load_Module__state__V                               
200020e4  ti_sysbios_family_arm_lm4_Timer_Object__table__V                     
20002164  ti_sysbios_knl_Swi_Module_State_0_readyQ__A                          
200021e4  ti_sysbios_knl_Task_Module_State_0_readyQ__A                         
20002264  ti_sysbios_knl_Task_Object__table__V                                 
200022b0  ti_sysbios_knl_Task_Module__state__V                                 
200022f4  ti_sysbios_family_arm_lm4_Timer_Module_State_0_device__A             
20002334  ti_sysbios_gates_GateMutex_Object__table__V                          
2000236c  ti_sysbios_family_arm_m3_Hwi_Module__state__V                        
200023a0  ti_sysbios_family_arm_m3_Hwi_Object__table__V                        
200023d0  ti_sysbios_knl_Swi_Object__table__V                                  
20002400  ti_sysbios_knl_Clock_Module__state__V                                
2000242c  ti_sysbios_BIOS_Module__state__V                                     
20002450  ti_sysbios_family_arm_lm4_Timer_Module_State_0_handles__A            
20002470  ti_sysbios_knl_Clock_Object__table__V                                
20002490  xdc_runtime_System_Module_State_0_atexitHandlers__A                  
200024b0  ti_sysbios_knl_Swi_Module__state__V                                  
200024cc  __TI_cleanup_ptr                                                     
200024d0  __TI_dtors_ptr                                                       
200024d4  __TI_enable_exit_profile_output                                      
200024d8  ti_sysbios_family_arm_lm4_Timer_Module__state__V                     
200024e4  ti_sysbios_knl_Task_Module__root__V                                  
200024f0  ti_uia_runtime_QueueDescriptor_Module__state__V                      
200024fc  xdc_runtime_HeapStd_Object__table__V                                 
20002508  xdc_runtime_SysMin_Module__state__V                                  
20002514  _lock                                                                
20002518  _unlock                                                              
2000251c  ti_uia_runtime_QueueDescriptor_gPtrToFirstDescriptor                 
20002520  ti_uia_runtime_QueueDescriptor_gUpdateCount                          
20002524  ti_sysbios_family_arm_lm4_TimestampProvider_Module__state__V         
2000252c  ti_sysbios_gates_GateHwi_Module__root__V                             
20002534  ti_sysbios_gates_GateMutex_Module__root__V                           
2000253c  ti_sysbios_knl_Queue_Module__root__V                                 
20002544  ti_sysbios_knl_Semaphore_Module__root__V                             
2000254c  ti_uia_loggers_LoggerStopMode_Module__root__V                        
20002554  xdc_runtime_HeapStd_Module__root__V                                  
2000255c  xdc_runtime_Registry_Module__state__V                                
20002564  xdc_runtime_Startup_Module__state__V                                 
2000256c  xdc_runtime_System_Module__state__V                                  
20002574  main_func_sp                                                         
20002578  ti_sysbios_family_arm_m3_Hwi_Module_State_0_excContext__A            
2000257c  ti_sysbios_family_arm_m3_Hwi_Module_State_0_excStack__A              
20002580  ti_sysbios_gates_GateHwi_Object__table__V                            
20002584  ti_sysbios_knl_Task_Module_State_0_idleTask__A                       
20002588  ti_sysbios_utils_Load_Module_State_0_runningTask__A                  
2000258c  ti_sysbios_utils_Load_Module_State_0_taskStartTime__A                
20002590  xdc_runtime_HeapStd_Module__state__V                                 
20002594  xdc_runtime_Memory_Module__state__V                                  
20002598  i16ToggleCount                                                       
2000259a  ti_sysbios_family_arm_m3_Hwi_Module_State_0_excActive__A             
2000259c  xdc_runtime_Error_Module__state__V                                   
2000259e  xdc_runtime_Main_Module__root__V                                     
200025a0  __stack                                                              
200027a0  __STACK_TOP                                                          
200029a0  __STACK_END                                                          
e000e000  ti_sysbios_family_arm_m3_Hwi_nvic                                    
ffffffff  __TI_pprof_out_hndl                                                  
ffffffff  __TI_prof_data_size                                                  
ffffffff  __TI_prof_data_start                                                 
ffffffff  __binit__                                                            
ffffffff  __c_args__                                                           
ffffffff  binit                                                                
UNDEFED   SHT$$INIT_ARRAY$$Base                                                
UNDEFED   SHT$$INIT_ARRAY$$Limit                                               

[643 symbols]
